11-27 21:39:22.218  1372  2358 I Lyric   : graph_runner_deferring_work_queue.cc:389: Initializing deferring work queue RunnerN:P+:A with: wake threshold: 0; soft maximum: 3; underlying queue: fifo
11-27 21:39:22.218  1372  2358 I Lyric   : graph_runner_deferring_work_queue.cc:389: Initializing deferring work queue RunnerR:P+:A with: wake threshold: 0; soft maximum: 6; underlying queue: fifo
11-27 21:39:22.218  1372  2358 I Lyric   : graph_runner_deferring_work_queue.cc:389: Initializing deferring work queue RunnerH:P+:A with: wake threshold: 0; soft maximum: 3; underlying queue: fifo
11-27 21:39:22.218  1372  2358 I Lyric   : camera_device_session_manager_base.cc:719: CameraMode: 8
11-27 21:39:22.218  1372  2358 I Lyric   : camera_device_session_manager_base.cc:973: Attempting to start graph:top_graph_for_camera_RearMultiFov
11-27 21:39:22.218  1372  2288 I Lyric   : direct_channel_motion_sensor_data_streamer.cc:467: gravity direct channel created.
11-27 21:39:22.219  1612  1612 D AOC     : A3:MSG: controller.cc, 275: CNTRL: cmd ID: 0x00d4, tag: 0x6f [cntr = 70225]
11-27 21:39:22.219  1612  1612 D AOC     : A3:MSG: controller.cc, 919: CNTRL: ipc: control, cmd ID: 0x00d4, tag: 0x6f, rc: 0
11-27 21:39:22.219  1372  2358 I Lyric   : processing_graph.cc:274: Starting nodes based on DEFAULT
11-27 21:39:22.220  1372  2358 I Lyric   : camera_device_session_manager_base.cc:977: Successfully started graph:top_graph_for_camera_RearMultiFov
11-27 21:39:22.220  1372  1810 I Lyric   : sensor_node.cc:489: cam2_sensor SensorNode starting for sensor: BOITATA, camera: Rear
11-27 21:39:22.220  1372  1803 I Lyric   : lyric_basic_capture_session.cc:95: LyricBasicCaptureSession created
11-27 21:39:22.220  1372  1810 I Lyric   : motion_sensor_controller_proxy.cc:437: MotionSensor context requests resource change to normal.
11-27 21:39:22.220  1372  1808 I Lyric   : whi_autocal_controller.cc:443: WhiAutocalController: acquire context for camera 2
11-27 21:39:22.220 29817 30202 I MdiSyncModule: (REDACTED) Receiving API connection from package '%s'...
11-27 21:39:22.220  1372  1803 I StreamBufferCacheManager: Create: Created StreamBufferCacheManager.
11-27 21:39:22.220  1372  1810 I Lyric   : whi_rectiface_controller.cc:72: camera_hal_id 2 active array 4080 3072
11-27 21:39:22.220  1372  1803 I GCH_CameraDeviceSession: RegisterStreamsIntoCacheManagerLocked: [sbc] Registered stream 0 into SBC manager.
11-27 21:39:22.220  1372  1803 I GCH_CameraDeviceSession: RegisterStreamsIntoCacheManagerLocked: [sbc] Registered stream 1 into SBC manager.
11-27 21:39:22.220  1372  1810 I Lyric   : face_detection_engine_face_ssd.cc:270: Face Detection: FaceDetectionEngineFaceSsd::Initialize::CreateDetector takes 14.282us
11-27 21:39:22.220  1372  1810 I Lyric   : face_detection_controller.cc:463: Face Detection: Using graph runner thread pool.
11-27 21:39:22.220  1372  1810 I Lyric   : unified_zuma_front_end_controller.cc:1067: LMP DDS crop enabled: false, AutoCal crop enabled: true, YUV to framework enabled: false
11-27 21:39:22.220  1372  1810 I Lyric   : unified_zuma_front_end_controller.cc:1116: [CAM2] Ready to acquire driver context for sensor BOITATA, mode_index 3, csi-ch 0, at (4080x3072). With a normal lens at rear position.
11-27 21:39:22.220  1372  1810 I Lyric   : zuma_fe_driver.cc:948: Power Context acquired in FE driver.
11-27 21:39:22.220  1372  1810 I Lyric   : zuma_fe_driver.cc:1101: [ISPFE] Enabling the device
11-27 21:39:22.220  1391  1391 D USF     : ION fd [30] translated to handle [0x32698507].
11-27 21:39:22.220  1372  1809 I native  : I0000 00:00:1764279562.220387    1809 pipeline_manager.cc:119] Pipeline override succeeded. Pipelinetype is overridden to: DSP_TPU
11-27 21:39:22.220  1372  1809 I native  : I0000 00:00:1764279562.220907    1809 mlpipe.cc:155] Mlpipe: Init mlpipe with model type: MCSSD_V3 pipeline type: DSP_TPU
11-27 21:39:22.221  1372  1813 I native  : I0000 00:00:1764279562.221180    1813 node_export.cc:195] CatNodeCreate(LlvNode) took 0.541097 ms
11-27 21:39:22.221  1372  1809 I native  : I0000 00:00:1764279562.221511    1809 gxp_host_late_binding.cc:428] GXP Runtime: App version 1.68. Android libgxp.so version 1.68
11-27 21:39:22.221  1372  6063 I native  : I0000 00:00:1764279562.221596    6063 node_export.cc:195] CatNodeCreate(RectifaceNode) took 0.561076 ms
11-27 21:39:22.221  1372  1809 I native  : I0000 00:00:1764279562.221681    1809 gxp_host_late_binding.cc:865] Loaded libgxp.so
11-27 21:39:22.222 29817 30202 I MdiSyncModule: API connection successful!
11-27 21:39:22.222  1372  6063 I native  : I0000 00:00:1764279562.222472    6063 node_export.cc:195] CatNodeCreate(EisNode) took 0.779703 ms
11-27 21:39:22.222  1372 20520 I Lyric   : graph_runner_deferring_work_queue.cc:181: Registering all threads took 1954467 ns.
11-27 21:39:22.222  1372  6063 I native  : I0000 00:00:1764279562.222872    6063 rectiface_node.cc:1747] Contizoom calibration file: /data/vendor/camera/auto_calibration.combined.proto
11-27 21:39:22.223  1372  6063 I native  : I0000 00:00:1764279562.223005    6063 dsp_feature_extractor.cc:33] Creating DspFeatureExtractor
11-27 21:39:22.223  1372  1810 I Lyric   : zuma_fe_resetter.cc:157: FrontEnd: SW Reset begins.
11-27 21:39:22.224  1372  6065 I native  : I0000 00:00:1764279562.224152    6065 llv_node.cc:1542] EnableGLlvOpenCL
11-27 21:39:22.224  1372  6065 I native  : I0000 00:00:1764279562.224195    6065 llv_gpu.cc:693] GLlvInitCl
11-27 21:39:22.224  1372  1810 I Lyric   : zuma_fe_resetter.cc:168: FrontEnd: SW Reset done: rstctl_status = 0x0
11-27 21:39:22.225  1372  1810 I Lyric   : zuma_lmp_driver.cc:356: Configuring global system CSRs
11-27 21:39:22.225  1372  1808 I Lyric   : rgbp_driver.cc:449: Ip version: 0x1050001
11-27 21:39:22.226  1372  1810 I Lyric   : zuma_csis_core_driver.cc:197: CSIS Core: ebuf_free_byte_size: 0x75800, ebuf_fifo_intf0_ctl0: 0x967b5c2e
11-27 21:39:22.225  1372  1808 I Lyric   : mcfp_driver.cc:804: Ip version: 0x10050000
11-27 21:39:22.226  1372  1808 I Lyric   : yuvp_driver.cc:529: Ip version: 0x1050001
11-27 21:39:22.226  1372  1808 I Lyric   : zuma_be_core_driver_impl.cc:541: Successfully powered up BeCore block.
11-27 21:39:22.230  1372  1809 I native  : I0000 00:00:1764279562.230037    1809 gxp_device.cc:761] Loaded GXP library : 
11-27 21:39:22.230  1372  1809 I native  : I0000 00:00:1764279562.230110    1809 gxp_device.cc:762]  - Name: mcssd_dsp_gxp_lib.lib
11-27 21:39:22.230  1372  1809 I native  : I0000 00:00:1764279562.230115    1809 gxp_device.cc:763]  - Handle: 0xefc4f000
11-27 21:39:22.230  1372  1809 I native  : I0000 00:00:1764279562.230126    1809 gxp_device.cc:767]  - Functions: postprocess
11-27 21:39:22.230  1372  1808 I Lyric   : raw_to_yuv_node.cc:756: Starting node cam2_raw_to_yuv with Pipeline (ID: (instance_id: 826333), IPs: [ RawToYuv TnrMerge ], Max Outputs: 1, IPConnections: [ {producer: RawToYuv, consumer: TnrMerge, connection_type: votf}, ], Usecase: Realtime) on camera 2
11-27 21:39:22.230  1372  1808 I Lyric   : raw_to_yuv_node.cc:761: Also starting node cam2_raw_to_yuv with throttled Pipeline (ID: (instance_id: 826330), IPs: [ RawToYuv ], Max Outputs: 1, IPConnections: [ ], Usecase: Realtime) on camera 2
11-27 21:39:22.231  1372  6065 I native  : I0000 00:00:1764279562.231105    6065 llv_node.cc:1503] Create Llv with default parameters.
11-27 21:39:22.231  1372  6065 I native  : I0000 00:00:1764279562.231181    6065 llv_manager.cc:190] Use default parameters.
11-27 21:39:22.231  1372  6065 I native  : I0000 00:00:1764279562.231189    6065 llv_manager.cc:193] LLV DIMENSION: 1920x1080
11-27 21:39:22.231  1372  6065 I native  : I0000 00:00:1764279562.231214    6065 llv_manager.cc:309] LLV=OFF
11-27 21:39:22.231  1372  6065 I native  : I0000 00:00:1764279562.231220    6065 llv_manager.cc:310] EAF=OFF
11-27 21:39:22.231  1372  6065 I native  : I0000 00:00:1764279562.231225    6065 llv_manager.cc:311] EAF_LITE=ON
11-27 21:39:22.232  1372  6063 I native  : I0000 00:00:1764279562.231972    6063 gxp_device.cc:761] Loaded GXP library : 
11-27 21:39:22.232  1372  6063 I native  : I0000 00:00:1764279562.232019    6063 gxp_device.cc:762]  - Name: detector_kernel__gxp_lib.lib
11-27 21:39:22.232  1372  6063 I native  : I0000 00:00:1764279562.232027    6063 gxp_device.cc:763]  - Handle: 0xefc6db00
11-27 21:39:22.232  1372  6063 I native  : I0000 00:00:1764279562.232033    6063 gxp_device.cc:767]  - Functions: Detector,PairDetector
11-27 21:39:22.232  1372  6063 I native  : I0000 00:00:1764279562.232239    6063 brute_force_feature_matching.cc:49] Number of bins each image dimension is divided into: 5
11-27 21:39:22.232  1372  6063 I native  : I0000 00:00:1764279562.232275    6063 continuous_zoom_image_homography.cc:1306] ContinuousZoomImageHomography enable_temporal_feature_matching ON
11-27 21:39:22.232  1372  1808 I Lyric   : zuma_votf_c2serv.cc:19: chip revision = 9, votf ip = TNR, register block id = 2
11-27 21:39:22.232  1372  1808 I Lyric   : zuma_votf_c2serv.cc:23: num write dma = 0, num read dma = 2, process lines = 32
11-27 21:39:22.232  1372  1808 I Lyric   : zuma_votf_c2serv.cc:19: chip revision = 9, votf ip = MCSC, register block id = 3
11-27 21:39:22.232  1372  1808 I Lyric   : zuma_votf_c2serv.cc:23: num write dma = 0, num read dma = 4, process lines = 1
11-27 21:39:22.232  1372  1808 I Lyric   : zuma_votf_c2serv.cc:19: chip revision = 9, votf ip = GDC0, register block id = 4
11-27 21:39:22.232  1372  1808 I Lyric   : zuma_votf_c2serv.cc:23: num write dma = 2, num read dma = 0, process lines = 64
11-27 21:39:22.232  1372  1808 I Lyric   : zuma_votf_c2serv.cc:19: chip revision = 9, votf ip = GDC1, register block id = 5
11-27 21:39:22.232  1372  1808 I Lyric   : zuma_votf_c2serv.cc:23: num write dma = 2, num read dma = 0, process lines = 64
11-27 21:39:22.232  1372  1808 I Lyric   : zuma_votf_c2serv.cc:19: chip revision = 9, votf ip = RGBP, register block id = 0
11-27 21:39:22.232  1372  1808 I Lyric   : zuma_votf_c2serv.cc:23: num write dma = 1, num read dma = 0, process lines = 1
11-27 21:39:22.232  1372  1808 I Lyric   : zuma_votf_c2serv.cc:19: chip revision = 9, votf ip = YUVP, register block id = 1
11-27 21:39:22.232  1372  1808 I Lyric   : zuma_votf_c2serv.cc:23: num write dma = 2, num read dma = 0, process lines = 1
11-27 21:39:22.232  1372  1808 I Lyric   : zuma_votf_c2serv.cc:19: chip revision = 9, votf ip = GSE, register block id = 6
11-27 21:39:22.232  1372  1808 I Lyric   : zuma_votf_c2serv.cc:23: num write dma = 0, num read dma = 2, process lines = 1
11-27 21:39:22.232  1563 18007 D Camera3-Device: Set real time priority for request queue thread (tid 6024)
11-27 21:39:22.232  1563 18007 D Camera3-Utils: Set regular priority for thread (tid 18007)
11-27 21:39:22.232  1372  6063 I native  : I0000 00:00:1764279562.232923    6063 rectiface_node.cc:2240] Contizoom enabled.
11-27 21:39:22.233  1372  1808 I Lyric   : slc_driver.cc:58: SLC setup: pid = 8 : StrItf_YUVP_to_TNR : 3 ways (buf fd 389)
11-27 21:39:22.233  1604  1657 I Darwinn : [/dev/edgetpu][core0] 558473.783090s: INF leader_app.cc:340 - Firmware Build Label: zpr_tpu_20250512.0.0

11-27 21:39:22.234  1372  1810 I Lyric   : mesh_warp_node.cc:444: Starting node cam2_preview_mesh_warp with Pipeline (ID: (instance_id: 826334), IPs: [ MeshWarp Scaler ], Max Outputs: 2, IPConnections: [ {producer: MeshWarp, consumer: Scaler, connection_type: votf}, ], Usecase: Realtime) on camera 2
11-27 21:39:22.234  1372  1810 I Lyric   : slc_driver.cc:58: SLC setup: pid = 6 : StrItf_GDC0_to_MCSC : 3 ways (buf fd 412)
11-27 21:39:22.234  1372  1810 I Lyric   : gdc_driver.cc:185: GDC Version: 16.5.0
11-27 21:39:22.234  1372  1810 I Lyric   : mcsc_driver.cc:439: [CMU MCSC] pll_con0_mux(0x1d000610): 16
11-27 21:39:22.235  1372  1810 I Lyric   : common_scaler_driver.cc:505: zuma-mcsc: successfully powered up, version: 16.5.0
11-27 21:39:22.235  1372  1810 I Lyric   : scaler_node.cc:481: Starting node cam2_preview_scaler with Pipeline (ID: (instance_id: 826334), IPs: [ MeshWarp Scaler ], Max Outputs: 2, IPConnections: [ {producer: MeshWarp, consumer: Scaler, connection_type: votf}, ], Usecase: Realtime) on camera 2
11-27 21:39:22.235  1372  1808 I Lyric   : slc_driver.cc:58: SLC setup: pid = 7 : GTNR iVOTF : 4 ways (buf fd 428)
11-27 21:39:22.235  1372  1808 I Lyric   : slc_driver.cc:58: SLC setup: pid = 5 : GTNR Prev : 2 ways (buf fd 429)
11-27 21:39:22.235  1372  1808 W Lyric   : zuma_gtnr_merge_driver_context.cc:149: Zuma GTNR Merge context is inherently async, but the requirement is set to sync. This will be ignored.
11-27 21:39:22.235  1372  1809 I aion_buffer: AIonInit
11-27 21:39:22.235  1372  1809 I native  : I0000 00:00:1764279562.235894    1809 mlpipe.cc:199] Initialization returned true
11-27 21:39:22.236  1372  6070 I Lyric   : lwis_event_thread.cc:209: LwEv:TnrAl event thread is starting . . .
11-27 21:39:22.236  1372  6065 I native  : I0000 00:00:1764279562.236116    6065 gxp_device.cc:761] Loaded GXP library : 
11-27 21:39:22.236  1372  6065 I native  : I0000 00:00:1764279562.236141    6065 gxp_device.cc:762]  - Name: eaf_kernel_gxp_lib.lib
11-27 21:39:22.236  1372  6065 I native  : I0000 00:00:1764279562.236145    6065 gxp_device.cc:763]  - Handle: 0xefc82a80
11-27 21:39:22.236  1372  6065 I native  : I0000 00:00:1764279562.236154    6065 gxp_device.cc:767]  - Functions: BuildPyramidAndPrepare,EntropyShrinkageAndCollapse
11-27 21:39:22.236  1372  1809 I Lyric   : generic_actuator_controller.cc:460: AF LTC: act-rear-normal is enabled with software LTC
11-27 21:39:22.236  1372  6065 I native  : I0000 00:00:1764279562.236245    6065 llv_manager.cc:355] Use separate kernels for Laplace Processing.
11-27 21:39:22.236  1372  1809 I Lyric   : auto_focus_node.cc:764: cam2_af dcc data type: Normal
11-27 21:39:22.236  1372  1809 I Lyric   : auto_focus_node.cc:764: cam2_af dcc data type: Macro
11-27 21:39:22.236  1372  1809 I Lyric   : auto_focus_node.cc:764: cam2_af dcc data type: Infinity
11-27 21:39:22.236  1372  1809 I Lyric   : auto_focus_node.cc:784: The isp_input_raw_image_size = {width: 2032, height: 1536}; camera_id = 2; camera_app_1p_enabled = 0; session id = 5009230589721425953
11-27 21:39:22.236  1372  1809 I Lyric   : external_auto_focus_controller_proxy.cc:336: ExternalAutoFocusControllerProxy [3A Coordinator]: Creating context for camera 2; long query warning threshold 250us; long set focus warning threshold 500us
11-27 21:39:22.236  1372  1809 I G3ACoordinator: af_engine.cc:310: InitializeAlgorithm
11-27 21:39:22.236  1372  1809 I G3ACoordinator: af_engine.cc:318: [1, 2] AfEngine_1_2 initialized
11-27 21:39:22.236  1372  1809 I Lyric   : tof_tarasque.cc:1357: applying frequency limit: 10
11-27 21:39:22.236  1372  1809 I native  : I0000 00:00:1764279562.236816    1809 utils.cc:969] [GOOG_PDAF]: Device detected: MP1.0. Using EEPROM calibration.
11-27 21:39:22.237  1391  1391 D usf_sensor_hal: accelerometer: ConfigDirectReport: start sampling, period = 5000000.
11-27 21:39:22.237  1372  6063 I native  : I0000 00:00:1764279562.237801    6063 eis_node.cc:1600] Contizoom calibration file: /data/vendor/camera/auto_calibration.combined.proto
11-27 21:39:22.237  1372  6063 I native  : I0000 00:00:1764279562.237945    6063 dsp_feature_extractor.cc:33] Creating DspFeatureExtractor
11-27 21:39:22.237  1372  1808 I Lyric   : zuma_gtnr_merge_driver.cc:410: Successfully performed GTNR Merge SW reset.
11-27 21:39:22.238  1372  1808 I Lyric   : sequence_helper.cc:221: Ip version: 0x0, common ctrl version: 0x55
11-27 21:39:22.238  1372  1808 I Lyric   : zuma_gtnr_merge_driver.cc:203: Successfully powered up GTNR Merge device.
11-27 21:39:22.238  1372  1808 I Lyric   : zuma_gtnr_merge_driver.cc:215: [CMU GTNR MERGE] pll_con0_mux(0x1cc00600): 16
11-27 21:39:22.238  1372  1808 I Lyric   : tnr_merge_node.cc:417: Starting node cam2_tnr_merge with Pipeline (ID: (instance_id: 826333), IPs: [ RawToYuv TnrMerge ], Max Outputs: 1, IPConnections: [ {producer: RawToYuv, consumer: TnrMerge, connection_type: votf}, ], Usecase: Realtime) on camera 2
11-27 21:39:22.238  1372  1808 I G3ACoordinator: awb_session_config_parser_lyric.cc:245: sensor_mode ptr [0xb4000075d95c5588], sobek_enabled [false], post_process [0]
11-27 21:39:22.238  1372  1808 I G3ACoordinator: awb_session_config_parser_lyric.cc:285: Map sensor mode property: sobek_enabled [false], hdr_mode [0]
11-27 21:39:22.238  1372  1808 I G3ACoordinator: awb_session_config_parser_lyric.cc:210: Map sensor name [BOITATA] binning_factor [2 2] mode_index [3] to GCam sensor ID [10]
11-27 21:39:22.238  1372  1808 I G3ACoordinator: awb_session_config_parser_lyric.cc:138: Load flash calibration(size: 1) decision [0.58872944 0.543584] for camera [rear normal]
11-27 21:39:22.238  1372  1808 I G3ACoordinator: awb_session_config_parser_lyric.cc:138: Load flash calibration(size: 1) decision [0.58872944 0.543584] for camera [rear normal]
11-27 21:39:22.238  1372  1808 I G3ACoordinator: awb_engine.cc:439: Use lut file ghawb_para_lut_rear.binarypb
11-27 21:39:22.238  1372  1808 I G3ACoordinator: awb_engine.cc:492: Camera 2 Initial decision [1.6603307 1 2.0298615] CCT [3309] CCM[ccm=(1.6679332 -0.31876925 -0.34916407 -0.58669806 1.9078896 -0.3211915 -0.18486921 -0.8178544 2.0027237) offset=(0 0 0) color_space_type=(1 -> 1)]
11-27 21:39:22.238  1372  1808 E GHAWB   : Skin Stats Analyzer: skin_stats_analyzer.cc:26] SetTuning: Disable SkinStatsAnalyzer in tuning
11-27 21:39:22.238  1372  1808 E GHAWB   : Edge Stats Analyzer: edge_stats_analyzer.cc:34] SetTuning: Disable EdgeStatsAnalyzer in tuning
11-27 21:39:22.239  1372  1809 I native  : I0000 00:00:1764279562.238935    1809 gxp_device.cc:761] Loaded GXP library : 
11-27 21:39:22.239  1372  1809 I native  : I0000 00:00:1764279562.239033    1809 gxp_device.cc:762]  - Name: sparse_pdaf_kernel__gxp_lib.lib
11-27 21:39:22.239  1372  1810 I G3ACoordinator: ae_session_config_parser_lyric.cc:201: ispfe_raw_input_resolution [width:2032, height:1536]
11-27 21:39:22.239  1372  1810 I G3ACoordinator: ae_session_config_parser_lyric.cc:260: Map sensor mode property: sobek_enabled = false, g3a_session_info.hdr_mode = 0, sensor_mode_property 0
11-27 21:39:22.239  1372  1810 I G3ACoordinator: ae_session_config_parser_lyric.cc:272: Map sensor name [BOITATA], binning_factor [2, 2] and mode_index [3] to GCam sensor ID [10]
11-27 21:39:22.239  1372  1809 I native  : I0000 00:00:1764279562.239051    1809 gxp_device.cc:763]  - Handle: 0xefc9e080
11-27 21:39:22.239  1372  1809 I native  : I0000 00:00:1764279562.239276    1809 gxp_device.cc:767]  - Functions: run_kernelSparsePdaf
11-27 21:39:22.239  1372  1809 I native  : I0000 00:00:1764279562.239525    1809 utils.cc:969] [GOOG_PDAF]: Device detected: MP1.0. Using EEPROM calibration.
11-27 21:39:22.239  1372  1809 I native  : I0000 00:00:1764279562.239710    1809 utils.cc:969] [GOOG_PDAF]: Device detected: MP1.0. Using EEPROM calibration.
11-27 21:39:22.239  1372  1809 I native  : I0000 00:00:1764279562.239831    1809 utils.cc:969] [GOOG_PDAF]: Device detected: MP1.0. Using EEPROM calibration.
11-27 21:39:22.240  1372  1809 I G3ACoordinator: auto_scene_detection_engine.cc:548: [9, 2] AutoSceneDetectionEngine_9_2 initialized
11-27 21:39:22.240  1372  2288 I Lyric   : direct_channel_motion_sensor_data_streamer.cc:467: accelerometer direct channel created.
11-27 21:39:22.240  1612  1612 D AOC     : A3:MSG: usf_sensor.cc, 1784: USF: Received start sampling request for ICM45631 Accelerometer (active:8).
11-27 21:39:22.240  1372  1810 I G3ACoordinator: ae_session_config_parser_lyric.cc:372: Pre-LSC AE stats status: disabled
11-27 21:39:22.240  1372  1810 I G3ACoordinator: ae_engine.cc:379: session_type 0
11-27 21:39:22.240  1372  1810 I G3ACoordinator: ae_engine.cc:2912: GABC fatp_enable_ = 0
11-27 21:39:22.240  1372  1810 I G3ACoordinator: ae_engine.cc:453: [0, 2] AeEngine_0_2 initialized
11-27 21:39:22.240  1372  1808 I tflite  : Replacing 7 out of 11 node(s) with delegate (TfLiteXNNPackDelegate) node, yielding 7 partitions for subgraph 0.
11-27 21:39:22.240 29817 30202 I MdiSyncModule: (REDACTED) Receiving API connection from package '%s'...
11-27 21:39:22.241  1372  2243 I Lyric   : spectral_driver.cc:513: Flicker sampling has been enabled.
11-27 21:39:22.241  1372  1808 W G3ACoordinator: awb_engine.cc:523: Failed to register data types in data manager.
11-27 21:39:22.241  1372  1808 I G3ACoordinator: awb_engine.cc:526: [2, 2] AwbEngine_2_2 initialized
11-27 21:39:22.241 29817 30202 I MdiSyncModule: API connection successful!
11-27 21:39:22.241  1372  1808 I Lyric   : ois_driver.cc:773: ois-rear-normal hall temperature compensation is enabled
11-27 21:39:22.241  1372  1808 I Lyric   : ois_driver.cc:776: ois-rear-normal OIS target position sampling is disabled
11-27 21:39:22.241  1372  6065 I native  : I0000 00:00:1764279562.241739    6065 noise_model.cc:372] Profile resolution 120 x 68
11-27 21:39:22.241  1372  1809 I Lyric   : sensor_node.cc:489: cam3_sensor SensorNode starting for sensor: TAOTIE_UW, camera: RearWide
11-27 21:39:22.241  1372  1809 I native  : I0000 00:00:1764279562.241879    1809 pipeline_manager.cc:119] Pipeline override succeeded. Pipelinetype is overridden to: DSP_TPU
11-27 21:39:22.241  1372  1809 I native  : I0000 00:00:1764279562.241907    1809 mlpipe.cc:155] Mlpipe: Init mlpipe with model type: MCSSD_V3 pipeline type: DSP_TPU
11-27 21:39:22.242  1372  1810 I native  : I0000 00:00:1764279562.241991    1810 node_export.cc:195] CatNodeCreate(HdrnetV2Node) took 0.490641 ms
11-27 21:39:22.242  1372  1810 I Lyric   : whi_rectiface_controller.cc:72: camera_hal_id 3 active array 4032 3024
11-27 21:39:22.242  1372  6063 I native  : I0000 00:00:1764279562.242328    6063 brute_force_feature_matching.cc:49] Number of bins each image dimension is divided into: 5
11-27 21:39:22.242  1372  1810 I Lyric   : whi_autocal_controller.cc:443: WhiAutocalController: acquire context for camera 3
11-27 21:39:22.242  1372  6063 I native  : I0000 00:00:1764279562.242365    6063 continuous_zoom_image_homography.cc:1306] ContinuousZoomImageHomography enable_temporal_feature_matching ON
11-27 21:39:22.242  1372  1810 I Lyric   : face_detection_engine_face_ssd.cc:270: Face Detection: FaceDetectionEngineFaceSsd::Initialize::CreateDetector takes 12.492us
11-27 21:39:22.242  1372  1810 I Lyric   : unified_zuma_front_end_controller.cc:1067: LMP DDS crop enabled: false, AutoCal crop enabled: true, YUV to framework enabled: false
11-27 21:39:22.242  1372  1810 I Lyric   : unified_zuma_front_end_controller.cc:1116: [CAM3] Ready to acquire driver context for sensor TAOTIE_UW, mode_index 3, csi-ch 1, at (4032x3024). With a wide lens at rear position.
11-27 21:39:22.242  1391  1391 D usf_sensor_hal: device orientation: Enter Batch. Period = 5000000, latency = 0.
11-27 21:39:22.243  1372  6063 I native  : I0000 00:00:1764279562.243067    6063 eis_node.cc:1272] eis_align_mode_ = 0
11-27 21:39:22.243  1612  1612 D AOC     : A3:MSG: usf_sensor.cc, 1784: USF: Received start sampling request for VD6282 Flicker Sensor (active:1).
11-27 21:39:22.243  1563  6023 D CameraService: startCameraStreamingOps: Start data delivery for uid 10367
11-27 21:39:22.243  1372  2503 I GCH_CameraDeviceSession: ProcessCaptureRequest: [sbc] Stream 0 1st req arrived, notify SBC Manager.
11-27 21:39:22.243  1372  2503 I GCH_CameraDeviceSession: ProcessCaptureRequest: [sbc] Stream 1 1st req arrived, notify SBC Manager.
11-27 21:39:22.243  1372  2503 I Lyric   : multicam_node.cc:2684: ********************dpm: put camera: 2 on NORMAL, frame number: 0, zoom ratio: 1.00 ********************
11-27 21:39:22.243  1372  2503 I Lyric   : multicam_node.cc:2866: ******************** new lead: camera: 2(Wide), frame number: 0, zoom ratio: 1.00 *******************
11-27 21:39:22.243  1372  2503 I Lyric   : camera_powerhal_impl.cc:187: SetPowerBoost Trigger CAMERA_LAUNCH_EXTENDED for 2000ms
11-27 21:39:22.244  1372  2503 I Lyric   : multicam_node.cc:1695: ====== Multicam status update ======
11-27 21:39:22.244  1372  2503 I Lyric   : multicam_node.cc:1696: Frame number: 0, Lead cam: 2, Zoom ratio: 1.00, APP requested streams:  [1(GCH/Lyric) -> 32773(Internal), 2] [0(GCH/Lyric) -> 32770(Internal), 2]
11-27 21:39:22.244  1372  2503 I Lyric   : multicam_node.cc:1703: cam: 2, dpm_mode: Normal, activation_flags: None
11-27 21:39:22.244  1372  2503 I Lyric   : retiming_node.cc:1381: ******** dpm: Rear(hal id: 2) change DPM mode from Undefined to Normal, is virtual transition: 0, framework request id 0, frame number: 0
11-27 21:39:22.244  1372  2354 I Lyric   : three_a_request_node.cc:670: cam2_three_a_request: updating 3A max FPS to 30
11-27 21:39:22.244  1372 18022 I Lyric   : multicam_node.cc:1695: ====== Multicam status update ======
11-27 21:39:22.244  1372 18022 I Lyric   : multicam_node.cc:1696: Frame number: 1, Lead cam: 2, Zoom ratio: 1.00, APP requested streams:  [0(GCH/Lyric) -> 32770(Internal), 2] [1(GCH/Lyric) -> 32773(Internal), 2]
11-27 21:39:22.244  1372 18022 I Lyric   : multicam_node.cc:1703: cam: 2, dpm_mode: Undefined, activation_flags: None
11-27 21:39:22.244  1612  1612 D AOC     : A3:MSG: usf_sensor.cc, 2402: USF: Received reconfig sampling request for Device Orientation.
11-27 21:39:22.244  1372  2350 I Lyric   : conditional_dpm_node.cc:70: cam2_conditional_dpm turn to dpm mode: Normal, framte number: 0
11-27 21:39:22.244  1372  2353 I Lyric   : tof_tarasque.cc:1194: setting power throttle frequency limit: -1
11-27 21:39:22.244  1372  2354 W Lyric   : external_auto_focus_controller_proxy.cc:508: 6 calls in 7 sec(s): ExternalAutoFocusControllerProxy: camera_id = 2; The total number of frames missing CDAF, HW PDAF, SW PDAF and Sparse PDAF statistics is 1
11-27 21:39:22.244  1372  2354 W Lyric   : external_auto_focus_controller_proxy.cc:862: 6 calls in 7 sec(s): Not able to get shutter notification timestamp
11-27 21:39:22.244  1372  2354 E Lyric   : external_auto_focus_controller_proxy.cc:1082: 6 calls in 7 sec(s): Not able to get shutter notification timestamp. No actuator data is collected.
11-27 21:39:22.244  1612  1612 D AOC     : A3:MSG: vsc_sensor.cc, 37: VSC: [Device Orientation] enable: period 5000000, latency = 0
11-27 21:39:22.245  1372  2354 I G3ACoordinator: af_engine.cc:1062: Starter Frames
11-27 21:39:22.245  1372  2354 W G3ACoordinator: af_engine.cc:559: camera_name=RearNormal: Retain last focus states. Overwriting af_mode ContinuousVideo->Auto af_state Inactive->Inactive
11-27 21:39:22.245  1372  2354 I GAF     : gaf_data_manager_impl.cc:861: 2 calls in 7 sec(s): RearNormalMode Lens Range: 0 292
11-27 21:39:22.245  1372  2354 I GAF     : gaf_mod_hw_controller_impl.cc:384: 12 calls in 7 sec(s): RearNormalfv Config: algo kMain type: kGAfFocusTypeNormal (Coarse)
11-27 21:39:22.245  1372  2354 E GAF     : RearNormal: gaf_mod_hw_controller_impl.cc:407] GetHwPdStatsConfig: Bounding box output isn't valid.
11-27 21:39:22.245  1372  2354 I G3ACoordinator: af_engine.cc:632: camera_name=RearNormal: Starter Frames. request_id=0 first_starter_frame_request_id=0 is_cam_sensor_mode_switch=false
11-27 21:39:22.245  1372  2354 W GAF     : gaf_stats_roi_impl.cc:813: 16 calls in 7 sec(s): RearNormalinvalid segmentation masks.
11-27 21:39:22.245  1372  2354 W GAF     : gaf_stats_aec.cc:208: 8 calls in 7 sec(s): RearNormalInvalid raw ae luma
11-27 21:39:22.245  1372  2354 W GAF     : elp_util.cc:131: 6 calls in 7 sec(s): RearNormalCan't find elp_table by key[0]
11-27 21:39:22.245  1372  2354 W GAF     : gaf_motion_stats_estimator.cc:187: 8 calls in 7 sec(s): RearNormalInvalid raw ae luma.
11-27 21:39:22.245  1372  2354 W GAF     : gaf_stats_ldaf.cc:345: 2 calls in 108 sec(s): RearNormalNo distance data from LDAF.
11-27 21:39:22.245  1372  2354 E GAF     : GAf3DTracker: gaf_3d_tracker.cc:110] IsReferenceFaceStillValid: no focus roi
11-27 21:39:22.245  1372  2354 E GAF     : GAfStatsCdaf: gaf_stats_cdaf.cc:218] PreProcessHwCdaf: Invalid raw hw cdaf stats.
11-27 21:39:22.245  1372  2354 I GAF     : gaf_mod_data_analyzer_impl.cc:165: 2 calls in 7 sec(s): RearNormalReset Triggers due to focus mode change, new focus mode: kAutoActive
11-27 21:39:22.245  1372  2354 I GAF     : gaf_mod_data_analyzer_impl.cc:177: 2 calls in 108 sec(s): RearNormalAF state is not focused upon CAF Mode change, Trigger AF.
11-27 21:39:22.245  1372  2354 I GAF     : gaf_data_manager_impl.cc:320: 2 calls in 108 sec(s): RearNormalState Transisition kInactive -> kMonitor , curpos 200
11-27 21:39:22.245  1372  2354 I GAF     : gaf_data_manager_impl.cc:873: 2 calls in 7 sec(s): RearNormalNew focus command: CANCEL_SEARCH
11-27 21:39:22.245  1372  2354 I GAF     : gaf_data_manager_impl.cc:830: 2 calls in 7 sec(s): RearNormalSetting OpMode: 0 -> 3
11-27 21:39:22.245  1372  2354 I GAF     : gaf_mod_data_analyzer_impl.cc:268: 2 calls in 7 sec(s): RearNormalReset Triggers due to Opmode change
11-27 21:39:22.245  1372  2354 I GAF     : RearNormal: gaf_data_manager_impl.cc:165] DetermineSingleCameraInitialPosition: Use default position instead of the last position as initial position.
11-27 21:39:22.245  1372  2354 E GAF     : RearNormal: gaf_metric_algos_3a.cc:65] ProcessStatsAe: invalid aec stats: skip aec stats processing
11-27 21:39:22.245  1372  2354 W GAF     : gaf_face_processing_utils.cc:478: 2 calls in 7 sec(s): RearNormalUninitialized ref frame size.
11-27 21:39:22.245  1372  2354 W GAF     : gaf_saliency_machine_manager.cc:132: 5 calls in 108 sec(s): RearNormalNo saliency detections.
11-27 21:39:22.245  1372  2354 I GAF     : gaf_mod_data_analyzer_impl.cc:490: 16 calls in 7 sec(s): RearNormalbTrigger true, mbROIup true, ORoiup true, trigger_delay 0, input_roi: kInvalid       , face_roi_update: false
11-27 21:39:22.245  1372  2354 I GAF     : gaf_trigger_pending_processor.cc:141: 5 calls in 108 sec(s): RearNormaltrigger: is_precise_algo false, mainPdConf false, config_skip_frame 0, focus_trigger_pending true, main_backup_switch_count 0, trigger_algo 0, pd_main_is_sw_pd true, depth_conf false, depth_trig false
11-27 21:39:22.245  1372  2354 I GAF     : gaf_core_impl.cc:874: 16 calls in 7 sec(s): RearNormalframework ReqId[ 0]: sensor_soe_timestamp_ns 0 cPos-->nextPos[200-->200] maxPos 292 vcm_dac    0 status kUnknown    state kMonitor      fMode kAutoActive        opMode kVideoPreview searchType kMain         ROI kDefault       | id[0]( 853, 604, 325, 327), attribute: 0, is_boh:0 eye_roi 0 crop_window (   0,   0,2032,1536) inFaceCnt 0 ScType kGAfFocusTypeNormal    depth_metric_type kInvalid      pd_tPos 200 pd_conf    0.00 PdSourceType(pdIn,pdOut,cnt) (kLow ,kLow ,0) tof_tPos  -1 tof_confLvl 0.00 tof_isConf 0 tof_GD 0 gyro -1.00 roi_motion kUnknown ledAssist 0 aecSettled 0 luxI 0.00 expI 0.00 g 0.00 et 0.00 bv 0.00 light kGAfTLightBright  exposureValue 0.00 TF 1 SC 1 ST 1 [roi(1,1) depth(0,0) motion(0,0) 3a(0,0) fv(0,1) peer(0,1)] fv 0.00 bUpRoi 1 bUpBAF 1 bUpPD 1 FVCmpEn 1 FVCmpRe 0 zPlusCropWin(   0,   0,2032,1536) zPlusRatios(1.00, 1.00)
11-27 21:39:22.245  1372  2354 I G3ACoordinator: af_state_machine.cc:256: camera_name=RearNormal: af_mode=ContinuousVideo, event=ScanStart, af_state=Inactive->PassiveScan
11-27 21:39:22.245  1372  2354 I G3ACoordinator: multicamsync_manager.cc:1387: AF voting changed  severity 3 need_follower false -> (pos:CAMERA_POSITION_REAR,lens:LENS_TYPE_NORMAL) severity 1 need_follower false
11-27 21:39:22.245  1372  2354 I G3ACoordinator: multicamsync_manager.cc:1397: Lead: has_value true current_lens_type LENS_TYPE_NORMAL, input_roi_type kDefault, focus_status FOCUS_STATUS_UNKNOWN, tof_is_confident false, tof_target_position -1, pd_main_is_confident false, pd_main_target_position 200, macro_mode_switch Enabled,is_mapped_roi_existing_out_of_fov false, is_concurrent_streaming false, is_manual_focus false, target_lenses  Follower: has_value false current_lens_type LENS_TYPE_NORMAL, input_roi_type kInvalid, focus_status FOCUS_STATUS_UNKNOWN, tof_is_confident false, tof_target_position 0, pd_main_is_confident false, pd_main_target_position 0, macro_mode_switch Disabled,is_mapped_roi_existing_out_of_fov false, is_concurrent_streaming false, is_manual_focus false, target_lenses  request 0
11-27 21:39:22.245  1372  2288 I Lyric   : binder_environment_sensor_reader.cc:79: Enabled BinderEnvironmentSensorReader, type: device_orientation
11-27 21:39:22.245  1372  2288 I Lyric   : motion_sensor_controller_proxy.cc:471: Start to create all sensor readers, enable direct channel: 1, support async query: 1
11-27 21:39:22.246  1372  1808 I Lyric   : raw_to_yuv_node.cc:756: Starting node cam3_raw_to_yuv with Pipeline (ID: (instance_id: 826352), IPs: [ RawToYuv TnrMerge ], Max Outputs: 1, IPConnections: [ {producer: RawToYuv, consumer: TnrMerge, connection_type: votf}, ], Usecase: Realtime) on camera 3
11-27 21:39:22.246  1372  1808 I Lyric   : raw_to_yuv_node.cc:761: Also starting node cam3_raw_to_yuv with throttled Pipeline (ID: (instance_id: 826349), IPs: [ RawToYuv ], Max Outputs: 1, IPConnections: [ ], Usecase: Realtime) on camera 3
11-27 21:39:22.246  1372  2354 I Lyric   : tof_driver_proxy.cc:80: pause ranging requested: 0
11-27 21:39:22.246  1372  2350 W GAF     : search_stats_metric_aggregator.cc:99: 2 calls in 7 sec(s): Monitoring search_statsInvalid raw data
11-27 21:39:22.246  1372  2350 W GAF     : multicam_stats_metric_aggregator.cc:85: 2 calls in 7 sec(s): Monitoring multicam_statsInvalid raw data
11-27 21:39:22.246  1372  2350 W Lyric   : telemetry_node.cc:199: 2 calls in 7 sec(s): cam2_telemetry: auto_focus FN 0 Failure recording telemetry. Skip recording.
11-27 21:39:22.246  1372  2351 I G3ACoordinator: ae_input_parser_lyric.cc:1977: Starter frame: rel_frame_num [-3]
11-27 21:39:22.246  1372  2351 W G3ACoordinator: data_manager.cc:154: [5, 27, 9000] can't be found
11-27 21:39:22.246  1372  2351 I G3ACoordinator: ae_engine.cc:539: Starter Frames
11-27 21:39:22.246  1391  2218 I sensor-suez: Vendor atom [id = 100243] reported.
11-27 21:39:22.247  1372 20520 I G3ACoordinator: awb_input_parser_lyric.cc:1142: Starter frame: rel_frame_num [-3]
11-27 21:39:22.247  1372 20520 I G3ACoordinator: awb_engine.cc:1937: Load tuning with previous:Primary :  Usecase: 1 Sensor mode: -1 Viridian value: -1 Camera position: 1 Camera lens_type: 0 Camera spectrum: -1 Partial Usecases: {} current:Primary :  Usecase: 4 Sensor mode: -1 Viridian value: -1 Camera position: 1 Camera lens_type: 0 Camera spectrum: -1 Partial Usecases: {}
11-27 21:39:22.247  1372 20520 E GHAWB   : Skin Stats Analyzer: skin_stats_analyzer.cc:26] SetTuning: Disable SkinStatsAnalyzer in tuning
11-27 21:39:22.247  1372 20520 E GHAWB   : Edge Stats Analyzer: edge_stats_analyzer.cc:34] SetTuning: Disable EdgeStatsAnalyzer in tuning
11-27 21:39:22.247  1372  2354 I Lyric   : dpm_bandwidth_controller_v2.cc:1035: Update minimum MIF clock to 1000000000 number of active sensor: 1
11-27 21:39:22.247  1372  2354 I Lyric   : dpm_bandwidth_controller_v2.cc:1091: Update minimum INT clock to 200000000 number of active sensor: 1
11-27 21:39:22.247  1372  2354 I Lyric   : multisensor_controller.cc:819: Rear StartStreaming, waiting on barrier
11-27 21:39:22.247  1372  2354 I Lyric   : multisensor_controller.cc:861: camera Rear start prepare spend : 2.482us
11-27 21:39:22.247  1372  2354 I Lyric   : multisensor_controller.cc:886: camera Rear does not wait for sensor start blocker, start will sync in kernel by lwis fence created by sensor driver.
11-27 21:39:22.247  1372  2352 I G3ACoordinator: auto_scene_detection_input_parser_lyric.cc:731: Starter frame: rel_frame_num [-3]
11-27 21:39:22.247  1372 20520 I tflite  : Replacing 7 out of 11 node(s) with delegate (TfLiteXNNPackDelegate) node, yielding 7 partitions for subgraph 0.
11-27 21:39:22.248  1372 20520 I G3ACoordinator: ae_input_parser_lyric.cc:1977: Starter frame: rel_frame_num [-2]
11-27 21:39:22.248  1372  2356 W Lyric   : dysco_node.cc:173: LscStats payload is missing in frame 0 due to frame drop!
11-27 21:39:22.248  1372 20520 I G3ACoordinator: ae_engine.cc:539: Starter Frames
11-27 21:39:22.248  1372 20519 I G3ACoordinator: af_engine.cc:1062: Starter Frames
11-27 21:39:22.248  1372 20519 I G3ACoordinator: af_engine.cc:632: camera_name=RearNormal: Starter Frames. request_id=1 first_starter_frame_request_id=0 is_cam_sensor_mode_switch=false
11-27 21:39:22.248  1372 20519 E GAF     : GAfStatsCdaf: gaf_stats_cdaf.cc:218] PreProcessHwCdaf: Invalid raw hw cdaf stats.
11-27 21:39:22.248  1372  2356 I Lyric   : dysco_controller_impl.cc:649: No fresh Dysco controller state found in cache for camera Rear
11-27 21:39:22.249  1372  2356 I G3ACoordinator: awb_input_parser_lyric.cc:1142: Starter frame: rel_frame_num [-2]
11-27 21:39:22.249  1372 20519 I Lyric   : tof_driver_proxy.cc:80: pause ranging requested: 0
11-27 21:39:22.249  1372  2351 I G3ACoordinator: ae_input_parser_lyric.cc:1977: Starter frame: rel_frame_num [-1]
11-27 21:39:22.249  1372  2351 I G3ACoordinator: ae_engine.cc:539: Starter Frames
11-27 21:39:22.249  1372  2358 I G3ACoordinator: auto_scene_detection_input_parser_lyric.cc:731: Starter frame: rel_frame_num [-2]
11-27 21:39:22.249  1372  2358 I G3ACoordinator: auto_scene_detection_input_parser_lyric.cc:731: Starter frame: rel_frame_num [-1]
11-27 21:39:22.249  1372  2351 I G3ACoordinator: awb_input_parser_lyric.cc:1142: Starter frame: rel_frame_num [-1]
11-27 21:39:22.250   709   709 I RefreshRateSelector: Display 4619827359057144832 policy changed
11-27 21:39:22.250   709   709 I RefreshRateSelector: Previous: {defaultModeId=0, allowGroupSwitching=false, primaryRanges={physical=[0.00 Hz, 120.00 Hz], render=[0.00 Hz, 120.00 Hz]}, appRequestRanges={physical=[0.00 Hz, 120.00 Hz], render=[0.00 Hz, 120.00 Hz]} idleScreenConfig=nullptr}
11-27 21:39:22.250   709   709 I RefreshRateSelector: Current:  DisplayManagerPolicy{defaultModeId=0, allowGroupSwitching=false, primaryRanges={physical=[60.00 Hz, 120.00 Hz], render=[60.00 Hz, 60.00 Hz]}, appRequestRanges={physical=[60.00 Hz, 120.00 Hz], render=[60.00 Hz, 60.00 Hz]} idleScreenConfig=nullptr}
11-27 21:39:22.250   709   709 I RefreshRateSelector: 1 mode changes were performed under the previous policy
11-27 21:39:22.250   709   709 D DisplayModeController: setDesiredMode 4619827359057144832 {mode={fps=60.00 Hz, modePtr={id=0, vsyncRate=240.00 Hz, peakRefreshRate=120.00 Hz}}, emitEvent=true, force=false}
11-27 21:39:22.250  1372  1808 W Lyric   : zuma_gtnr_merge_driver_context.cc:149: Zuma GTNR Merge context is inherently async, but the requirement is set to sync. This will be ignored.
11-27 21:39:22.251  1372  1808 I Lyric   : tnr_merge_node.cc:417: Starting node cam3_tnr_merge with Pipeline (ID: (instance_id: 826352), IPs: [ RawToYuv TnrMerge ], Max Outputs: 1, IPConnections: [ {producer: RawToYuv, consumer: TnrMerge, connection_type: votf}, ], Usecase: Realtime) on camera 3
11-27 21:39:22.251  1372  1808 I Lyric   : mesh_warp_node.cc:444: Starting node cam3_preview_mesh_warp with Pipeline (ID: (instance_id: 826353), IPs: [ MeshWarp Scaler ], Max Outputs: 2, IPConnections: [ {producer: MeshWarp, consumer: Scaler, connection_type: votf}, ], Usecase: Realtime) on camera 3
11-27 21:39:22.251  1372  1808 I Lyric   : scaler_node.cc:481: Starting node cam3_preview_scaler with Pipeline (ID: (instance_id: 826353), IPs: [ MeshWarp Scaler ], Max Outputs: 2, IPConnections: [ {producer: MeshWarp, consumer: Scaler, connection_type: votf}, ], Usecase: Realtime) on camera 3
11-27 21:39:22.251  1372  1808 I Lyric   : generic_actuator_controller.cc:460: AF LTC: act-rear-wide is enabled with software LTC
11-27 21:39:22.251  1372  1808 I Lyric   : auto_focus_node.cc:764: cam3_af dcc data type: Normal
11-27 21:39:22.251  1372  1808 I Lyric   : auto_focus_node.cc:784: The isp_input_raw_image_size = {width: 2016, height: 1512}; camera_id = 3; camera_app_1p_enabled = 0; session id = 5009230589721425953
11-27 21:39:22.251  1372  1808 I Lyric   : external_auto_focus_controller_proxy.cc:336: ExternalAutoFocusControllerProxy [3A Coordinator]: Creating context for camera 3; long query warning threshold 250us; long set focus warning threshold 500us
11-27 21:39:22.251  1372  1808 I G3ACoordinator: af_engine.cc:310: InitializeAlgorithm
11-27 21:39:22.251  1372  1808 I G3ACoordinator: af_engine.cc:318: [1, 3] AfEngine_1_3 initialized
11-27 21:39:22.251  1372  1808 I native  : I0000 00:00:1764279562.251903    1808 utils.cc:969] [GOOG_PDAF]: Device detected: MP1.0. Using EEPROM calibration.
11-27 21:39:22.252  1372  1808 I native  : I0000 00:00:1764279562.252095    1808 utils.cc:969] [GOOG_PDAF]: Device detected: MP1.0. Using EEPROM calibration.
11-27 21:39:22.252  1372  1808 I native  : I0000 00:00:1764279562.252165    1808 utils.cc:969] [GOOG_PDAF]: Device detected: MP1.0. Using EEPROM calibration.
11-27 21:39:22.252  1372  1808 I native  : I0000 00:00:1764279562.252230    1808 utils.cc:969] [GOOG_PDAF]: Device detected: MP1.0. Using EEPROM calibration.
11-27 21:39:22.252  1372  1808 I G3ACoordinator: awb_session_config_parser_lyric.cc:245: sensor_mode ptr [0xb4000075d95d66e8], sobek_enabled [false], post_process [0]
11-27 21:39:22.252  1372  1808 I G3ACoordinator: awb_session_config_parser_lyric.cc:285: Map sensor mode property: sobek_enabled [false], hdr_mode [0]
11-27 21:39:22.252  1372  1808 I G3ACoordinator: awb_session_config_parser_lyric.cc:210: Map sensor name [TAOTIE_UW] binning_factor [2 2] mode_index [3] to GCam sensor ID [9]
11-27 21:39:22.252  1372  1808 I G3ACoordinator: awb_session_config_parser_lyric.cc:145: Fail to read calibration data for camera[rear wide]]. Use the default LED decision in tuning!
11-27 21:39:22.252  1372  1808 I G3ACoordinator: awb_session_config_parser_lyric.cc:138: Load flash calibration(size: 1) decision [0.58872944 0.543584] for camera [rear normal]
11-27 21:39:22.252  1372  1808 I G3ACoordinator: awb_engine.cc:439: Use lut file ghawb_para_lut_rear_wide.binarypb
11-27 21:39:22.252  1372  1808 I G3ACoordinator: awb_engine.cc:492: Camera 3 Initial decision [1.511256 1 2.2127886] CCT [3336] CCM[ccm=(1.7341 -0.3746 -0.3595 -0.4884 1.7068 -0.2184 -0.1523 -0.8554 2.0077) offset=(0 0 0) color_space_type=(1 -> 1)]
11-27 21:39:22.252  1372  1808 E GHAWB   : Skin Stats Analyzer: skin_stats_analyzer.cc:26] SetTuning: Disable SkinStatsAnalyzer in tuning
11-27 21:39:22.252  1372  1808 E GHAWB   : Edge Stats Analyzer: edge_stats_analyzer.cc:34] SetTuning: Disable EdgeStatsAnalyzer in tuning
11-27 21:39:22.253  1372  1808 I tflite  : Replacing 7 out of 11 node(s) with delegate (TfLiteXNNPackDelegate) node, yielding 7 partitions for subgraph 0.
11-27 21:39:22.253  1372  1809 I native  : I0000 00:00:1764279562.253580    1809 mlpipe.cc:199] Initialization returned true
11-27 21:39:22.253  1372  1808 W G3ACoordinator: awb_engine.cc:523: Failed to register data types in data manager.
11-27 21:39:22.253  1372  1808 I G3ACoordinator: awb_engine.cc:526: [2, 3] AwbEngine_2_3 initialized
11-27 21:39:22.253  1372  1809 I G3ACoordinator: ae_session_config_parser_lyric.cc:201: ispfe_raw_input_resolution [width:2016, height:1512]
11-27 21:39:22.253  1372  1808 I G3ACoordinator: auto_scene_detection_engine.cc:548: [9, 3] AutoSceneDetectionEngine_9_3 initialized
11-27 21:39:22.254  1372  1808 I native  : I0000 00:00:1764279562.254218    1808 node_export.cc:195] CatNodeCreate(HdrnetV2Node) took 0.324423 ms
11-27 21:39:22.254  1372  1808 I Lyric   : sensor_node.cc:489: cam4_sensor SensorNode starting for sensor: TAOTIE_TELE, camera: RearTele
11-27 21:39:22.254  1372  1808 I native  : I0000 00:00:1764279562.254414    1808 pipeline_manager.cc:119] Pipeline override succeeded. Pipelinetype is overridden to: DSP_TPU
11-27 21:39:22.254  1372  1808 I native  : I0000 00:00:1764279562.254427    1808 mlpipe.cc:155] Mlpipe: Init mlpipe with model type: MCSSD_V3 pipeline type: DSP_TPU
11-27 21:39:22.254  1372  1809 I G3ACoordinator: ae_session_config_parser_lyric.cc:260: Map sensor mode property: sobek_enabled = false, g3a_session_info.hdr_mode = 0, sensor_mode_property 0
11-27 21:39:22.254  1372  1809 I G3ACoordinator: ae_session_config_parser_lyric.cc:272: Map sensor name [TAOTIE_UW], binning_factor [2, 2] and mode_index [3] to GCam sensor ID [9]
11-27 21:39:22.254  1372  1809 I G3ACoordinator: ae_session_config_parser_lyric.cc:372: Pre-LSC AE stats status: disabled
11-27 21:39:22.254  1372  1810 I Lyric   : whi_rectiface_controller.cc:72: camera_hal_id 4 active array 4032 3024
11-27 21:39:22.254  1372  1809 I G3ACoordinator: ae_engine.cc:379: session_type 0
11-27 21:39:22.254  1372  1809 I G3ACoordinator: ae_engine.cc:2912: GABC fatp_enable_ = 0
11-27 21:39:22.254  1372  1809 I G3ACoordinator: ae_engine.cc:453: [0, 3] AeEngine_0_3 initialized
11-27 21:39:22.254  1372  1810 I Lyric   : whi_autocal_controller.cc:443: WhiAutocalController: acquire context for camera 4
11-27 21:39:22.255  1821  1887 I DisplayDeviceRepository: Display device changed render timings: "Built-in Screen", renderFrameRate=60.00001, presentationDeadlineNanos=11500000, appVsyncOffsetNanos=6233328, frameRateOverrides=[{uid=10367 frameRateHz=60.00001}]
11-27 21:39:22.255  1372  1810 I Lyric   : face_detection_engine_face_ssd.cc:270: Face Detection: FaceDetectionEngineFaceSsd::Initialize::CreateDetector takes 17.09us
11-27 21:39:22.255  1372  1810 I Lyric   : unified_zuma_front_end_controller.cc:1067: LMP DDS crop enabled: false, AutoCal crop enabled: true, YUV to framework enabled: false
11-27 21:39:22.255  1372  1810 I Lyric   : unified_zuma_front_end_controller.cc:1116: [CAM4] Ready to acquire driver context for sensor TAOTIE_TELE, mode_index 4, csi-ch 2, at (4032x3024). With a tele lens at rear position.
11-27 21:39:22.255  1821  1887 I DisplayDeviceRepository: Display device same: DisplayDeviceInfo{"Built-in Screen": uniqueId="local:4619827359057144832", 1280 x 2856, modeId 1, renderFrameRate 60.00001, hasArrSupport true, frameRateCategoryRate FrameRateCategoryRate {normal=60.0, high=90.0}, supportedRefreshRates [120.00002, 80.000015, 60.00001, 48.000008, 40.000008, 34.28572, 30.000006, 26.666672, 24.000004, 21.818184, 20.000004], defaultModeId 1, userPreferredModeId 1, supportedModes [{id=1, width=1280, height=2856, fps=120.00001, vsync=240.00005, synthetic=false, alternativeRefreshRates=[], supportedHdrTypes=[2, 3, 4]}, {id=2, width=1280, height=2856, fps=120.00001, vsync=120.00001, synthetic=false, alternativeRefreshRates=[], supportedHdrTypes=[2, 3, 4]}, {id=3, width=960, height=2142, fps=120.00001, vsync=240.00005, synthetic=false, alternativeRefreshRates=[], supportedHdrTypes=[2, 3, 4]}, {id=4, width=960, height=2142, fps=120.00001, vsync=120.00001, synthetic=false, alternativeRefreshRates=[], supportedHdrTypes=[2, 3, 4]}], colorMode 0, supportedColorModes [0, 7, 9], hdrCapabilities HdrCapabilities{mSupportedHdrTypes=[2, 3, 4], mMaxLuminance=1000.0, mMaxAverageLuminance=1000.0, mMinLuminance=5.0E-4}, isForceSdr false, allmSupported false, gameContentTypeSupported false, density 480, 492.606 x 493.485 dpi, appVsyncOff 6233328, presDeadline 11500000, cutout DisplayCutout{insets=Rect(0, 204 - 0, 0) waterfall=Insets{left=0, top=0, right=0, bottom=0} boundingRect={Bounds=[Rect(0, 0 - 0, 0), Rect(586, 0 - 695, 204), Rect(0, 0 - 0, 0), Rect(0, 0 - 0, 0)]} cutoutPathParserInfo={CutoutPathParserInfo{displayWidth=1280 displayHeight=2856 physicalDisplayWidth=1280 physicalDisplayHeight=2856 density={3.0} cutoutSpec={m 689,102 a 49,49 0 0 0 -98,0 49,49 0 0 0 98,0 z @left} rotation={0} scale={1.0} physicalPixelDisplaySizeRatio={1.0}}} sideOverrides={}}, touch INTERNAL, rotation 0, type INTERNAL, address {port=0, model=0x401cec81943b6c}, deviceProductInfo DeviceProductInfo{name=CM4-A0C-00, manufacturerPnpId=GGL, productId=0, modelYear=null, manufactureDate=ManufactureDate{week=1, year=1990}, connectionToSinkType=1}, state ON, committedState ON, frameRateOverride {uid=10367 frameRateHz=60.00001} , brightnessMinimum 0.0, brightnessMaximum 1.0, brightnessDefault 0.067451924, brightnessDim 0.05, hdrSdrRatio 1.0, roundedCorners RoundedCorners{[RoundedCorner{position=TopLeft, radius=157, center=Point(157, 157)}, RoundedCorner{position=TopRight, radius=157, center=Point(1123, 157)}, RoundedCorner{position=BottomRight, radius=157, center=Point(1123, 2699)}, RoundedCorner{position=BottomLeft, radius=157, center=Point(157, 2699)}]}, FLAG_ALLOWED_TO_BE_DEFAULT_DISPLAY, FLAG_ROTATES_WITH_CONTENT, FLAG_SECURE, FLAG_SUPPORTS_PROTECTED_BUFFERS, FLAG_TRUSTED, installOrientation 0, displayShape DisplayShape{ spec=1756299619 displayWidth=1280 displayHeight=2856 physicalPixelDisplaySizeRatio=1.0 rotation=0 offsetX=0 offsetY=0 scale=1.0}}
11-27 21:39:22.258  1372  1809 I Lyric   : raw_to_yuv_node.cc:756: Starting node cam4_raw_to_yuv with Pipeline (ID: (instance_id: 826355), IPs: [ RawToYuv ], Max Outputs: 1, IPConnections: [ ], Usecase: Realtime) on camera 4
11-27 21:39:22.259  1372  1809 W Lyric   : zuma_gtnr_merge_driver_context.cc:149: Zuma GTNR Merge context is inherently async, but the requirement is set to sync. This will be ignored.
11-27 21:39:22.259  1372  1810 I native  : I0000 00:00:1764279562.259356    1810 node_export.cc:195] CatNodeCreate(AlignmentNode) took 0.058146 ms
11-27 21:39:22.259  1372  1809 I Lyric   : tnr_merge_node.cc:417: Starting node cam4_tnr_merge with Pipeline (ID: (instance_id: 826357), IPs: [ TnrMerge ], Max Outputs: 1, IPConnections: [ ], Usecase: Realtime) on camera 4
11-27 21:39:22.259  1372  1809 I Lyric   : mesh_warp_node.cc:444: Starting node cam4_preview_mesh_warp with Pipeline (ID: (instance_id: 826371), IPs: [ MeshWarp Scaler ], Max Outputs: 2, IPConnections: [ {producer: MeshWarp, consumer: Scaler, connection_type: votf}, ], Usecase: Realtime) on camera 4
11-27 21:39:22.259  1372  1809 I Lyric   : scaler_node.cc:481: Starting node cam4_preview_scaler with Pipeline (ID: (instance_id: 826371), IPs: [ MeshWarp Scaler ], Max Outputs: 2, IPConnections: [ {producer: MeshWarp, consumer: Scaler, connection_type: votf}, ], Usecase: Realtime) on camera 4
