11-27 21:39:15.617  1372 17832 I Lyric   : retiming_node.cc:1381: ******** dpm: Front(hal id: 7) change DPM mode from Undefined to Normal, is virtual transition: 0, framework request id 0, frame number: 0
11-27 21:39:15.617  1372 18022 I Lyric   : multicam_node.cc:1695: ====== Multicam status update ======
11-27 21:39:15.617  1372 18022 I Lyric   : multicam_node.cc:1696: Frame number: 1, Lead cam: 7, Zoom ratio: 1.00, APP requested streams:  [0(GCH/Lyric), 7]
11-27 21:39:15.617  1372 18022 I Lyric   : multicam_node.cc:1703: cam: 7, dpm_mode: Undefined, activation_flags: None
11-27 21:39:15.618  1821  2887 W FaceManager: Unknown authentication acquired message: 24, 0
11-27 21:39:15.618  1372  1810 I Lyric   : generic_actuator_controller.cc:460: AF LTC: act-front-normal is enabled with software LTC
11-27 21:39:15.618  1372  1810 W Lyric   : auto_focus_node.cc:708: cam7_af failed to acquire eco context: UNAVAILABLE: Not able to create valid eco proxy client
11-27 21:39:15.618  1372  1810 I Lyric   : auto_focus_node.cc:764: cam7_af dcc data type: Normal
11-27 21:39:15.618  1372  1810 I Lyric   : auto_focus_node.cc:784: The isp_input_raw_image_size = {width: 1656, height: 1240}; camera_id = 7; camera_app_1p_enabled = 1; session id = -1403649085426758321
11-27 21:39:15.618  1372  1810 I Lyric   : external_auto_focus_controller_proxy.cc:336: ExternalAutoFocusControllerProxy [3A Coordinator]: Creating context for camera 7; long query warning threshold 250us; long set focus warning threshold 500us
11-27 21:39:15.618  1372  1810 I G3ACoordinator: af_engine.cc:310: InitializeAlgorithm
11-27 21:39:15.618  1372  1810 I G3ACoordinator: af_engine.cc:318: [1, 7] AfEngine_1_7 initialized
11-27 21:39:15.618  1372  1810 E G3ACoordinator: tuning_manager.h:62: Tuning key not found:  Usecase: 0 Sensor mode: -1 Viridian value: -1 Camera position: 2 Camera lens_type: 0 Camera spectrum: -1 Partial Usecases: {}
11-27 21:39:15.618  1372  1810 E G3ACoordinator: tuning_manager.h:62: Tuning key not found:  Usecase: 0 Sensor mode: -1 Viridian value: -1 Camera position: 2 Camera lens_type: 0 Camera spectrum: -1 Partial Usecases: {}
11-27 21:39:15.618  1372  1810 E G3ACoordinator: tuning_manager.h:62: Tuning key not found:  Usecase: 0 Sensor mode: -1 Viridian value: -1 Camera position: 2 Camera lens_type: 0 Camera spectrum: -1 Partial Usecases: {}
11-27 21:39:15.618  1372  1810 I Lyric   : motion_sensor_controller_proxy.cc:437: MotionSensor context requests resource change to normal.
11-27 21:39:15.619  1372  1810 I G3ACoordinator: awb_session_config_parser_lyric.cc:245: sensor_mode ptr [0xb4000075d95e1d28], sobek_enabled [false], post_process [0]
11-27 21:39:15.619  1372  1810 I G3ACoordinator: awb_session_config_parser_lyric.cc:285: Map sensor mode property: sobek_enabled [false], hdr_mode [0]
11-27 21:39:15.619  1372  1810 I G3ACoordinator: awb_session_config_parser_lyric.cc:210: Map sensor name [TAOTIEFRONT] binning_factor [2 2] mode_index [5] to GCam sensor ID [1]
11-27 21:39:15.619  1372  1810 I G3ACoordinator: awb_session_config_parser_lyric.cc:145: Fail to read calibration data for camera[front normal]]. Use the default LED decision in tuning!
11-27 21:39:15.619  1372  1810 I G3ACoordinator: awb_engine.cc:439: Use lut file ghawb_para_lut_front_normal.binarypb
11-27 21:39:15.619  1372  1810 I G3ACoordinator: awb_engine.cc:492: Camera 7 Initial decision [1.8590745 1 1.6985375] CCT [4466] CCM[ccm=(1.6497 -0.543 -0.1067 -0.105 1.1709 -0.0659 0.048 -0.8454 1.7974) offset=(0 0 0) color_space_type=(1 -> 1)]
11-27 21:39:15.621  1372 17861 I Lyric   : graph_runner_deferring_work_queue.cc:181: Registering all threads took 6419637 ns.
11-27 21:39:15.622  1372  1809 I Lyric   : zuma_fe_resetter.cc:157: FrontEnd: SW Reset begins.
11-27 21:39:15.624  1372  1810 W G3ACoordinator: awb_engine.cc:523: Failed to register data types in data manager.
11-27 21:39:15.624  1372  1810 I G3ACoordinator: awb_engine.cc:526: [2, 7] AwbEngine_2_7 initialized
11-27 21:39:15.624  1372  1808 I Lyric   : rgbp_driver.cc:449: Ip version: 0x1050001
11-27 21:39:15.624  1372  1808 I Lyric   : mcfp_driver.cc:804: Ip version: 0x10050000
11-27 21:39:15.624  1372  1808 I Lyric   : yuvp_driver.cc:529: Ip version: 0x1050001
11-27 21:39:15.624  1372  1808 I Lyric   : zuma_be_core_driver_impl.cc:541: Successfully powered up BeCore block.
11-27 21:39:15.624  1372  1810 I G3ACoordinator: ae_session_config_parser_lyric.cc:201: ispfe_raw_input_resolution [width:1656, height:1240]
11-27 21:39:15.624  1372  1810 I G3ACoordinator: ae_session_config_parser_lyric.cc:260: Map sensor mode property: sobek_enabled = false, g3a_session_info.hdr_mode = 0, sensor_mode_property 0
11-27 21:39:15.624  1372  1810 I G3ACoordinator: ae_session_config_parser_lyric.cc:272: Map sensor name [TAOTIEFRONT], binning_factor [2, 2] and mode_index [5] to GCam sensor ID [1]
11-27 21:39:15.624  1372  1810 I G3ACoordinator: ae_session_config_parser_lyric.cc:372: Pre-LSC AE stats status: disabled
11-27 21:39:15.624  1372  1810 I G3ACoordinator: ae_engine.cc:379: session_type 2
11-27 21:39:15.624  1372  1810 I G3ACoordinator: ae_engine.cc:2912: GABC fatp_enable_ = 0
11-27 21:39:15.624  1372  1810 I G3ACoordinator: ae_engine.cc:453: [0, 7] AeEngine_0_7 initialized
11-27 21:39:15.625  1372  1809 I Lyric   : zuma_fe_resetter.cc:168: FrontEnd: SW Reset done: rstctl_status = 0x0
11-27 21:39:15.625 30227 30227 W FaceManager: Unknown authentication acquired message: 24, 0
11-27 21:39:15.625  1372  1810 W Lyric   : auto_exposure_node.cc:1095: cam7_ae failed to acquire eco context: UNAVAILABLE: Not able to create valid eco proxy client
11-27 21:39:15.625  1372  1809 I Lyric   : zuma_lmp_driver.cc:356: Configuring global system CSRs
11-27 21:39:15.625  1372  2363 I Lyric   : three_a_request_node.cc:670: cam7_three_a_request: updating 3A max FPS to 30
11-27 21:39:15.625  1372 17860 I Lyric   : conditional_dpm_node.cc:70: cam7_conditional_dpm turn to dpm mode: Normal, framte number: 0
11-27 21:39:15.625  1372  2363 W Lyric   : motion_sensor_controller_proxy.cc:118: 5 calls in 101 sec(s): accelerometer: Attempting to query before the resource is ready.
11-27 21:39:15.625  1372  2363 W Lyric   : auto_exposure_node.cc:875: 2 calls in 101 sec(s): cam7_ae, failed to fetch display data on frame id: 0, status: INTERNAL: No cached display data.
11-27 21:39:15.625  1372  2363 I G3ACoordinator: ae_input_parser_lyric.cc:1977: Starter frame: rel_frame_num [-3]
11-27 21:39:15.625  1372  2365 I G3ACoordinator: af_engine.cc:1062: Starter Frames
11-27 21:39:15.625  1372  2363 I G3ACoordinator: ae_engine.cc:539: Starter Frames
11-27 21:39:15.625  1372  2365 W G3ACoordinator: af_engine.cc:559: camera_name=FrontNormal: Retain last focus states. Overwriting af_mode Off->Auto af_state Inactive->Inactive
11-27 21:39:15.626  1372  2365 I G3ACoordinator: af_engine.cc:632: camera_name=FrontNormal: Starter Frames. request_id=0 first_starter_frame_request_id=0 is_cam_sensor_mode_switch=false
11-27 21:39:15.626  1372  2173 I Lyric   : binder_sensor_vsync_reader.cc:41: Enabled BinderSensorVsyncReader, cam_vsync_id: 2
11-27 21:39:15.626  1372  2367 W Lyric   : auto_white_balance_node.cc:522: 2 calls in 101 sec(s): cam7_awb, failed to fetch display data on frame id: 0, status: INTERNAL: No cached display data.
11-27 21:39:15.626  1372  2367 I G3ACoordinator: awb_input_parser_lyric.cc:1142: Starter frame: rel_frame_num [-3]
11-27 21:39:15.626  1372  2370 I Lyric   : dpm_bandwidth_controller_v2.cc:1035: Update minimum MIF clock to 1000000000 number of active sensor: 1
11-27 21:39:15.626  1372  2367 I G3ACoordinator: awb_engine.cc:1937: Load tuning with previous:Primary :  Usecase: 1 Sensor mode: -1 Viridian value: -1 Camera position: 2 Camera lens_type: 0 Camera spectrum: -1 Partial Usecases: {} current:Primary :  Usecase: 0 Sensor mode: -1 Viridian value: -1 Camera position: 2 Camera lens_type: 0 Camera spectrum: -1 Partial Usecases: {}
11-27 21:39:15.626  1372  2370 I Lyric   : dpm_bandwidth_controller_v2.cc:1091: Update minimum INT clock to 200000000 number of active sensor: 1
11-27 21:39:15.626  1372  2370 I Lyric   : multisensor_controller.cc:819: Front StartStreaming, waiting on barrier
11-27 21:39:15.626  1372  2370 I Lyric   : multisensor_controller.cc:861: camera Front start prepare spend : 32.593us
11-27 21:39:15.626  1372  2370 I Lyric   : multisensor_controller.cc:886: camera Front does not wait for sensor start blocker, start will sync in kernel by lwis fence created by sensor driver.
11-27 21:39:15.626  1372  1809 I Lyric   : zuma_csis_core_driver.cc:197: CSIS Core: ebuf_free_byte_size: 0x75800, ebuf_fifo_intf0_ctl0: 0x967b5c2e
11-27 21:39:15.626  1372  1810 I Lyric   : page_release_controller.cc:108: Disabling page releasing.
11-27 21:39:15.627  1372  2371 I G3ACoordinator: af_engine.cc:1062: Starter Frames
11-27 21:39:15.628  1372  2371 I G3ACoordinator: af_engine.cc:632: camera_name=FrontNormal: Starter Frames. request_id=1 first_starter_frame_request_id=0 is_cam_sensor_mode_switch=false
11-27 21:39:15.628  1372  2365 I G3ACoordinator: ae_input_parser_lyric.cc:1977: Starter frame: rel_frame_num [-2]
11-27 21:39:15.628  1372  2365 I G3ACoordinator: ae_engine.cc:539: Starter Frames
11-27 21:39:15.628  1372  2372 I G3ACoordinator: awb_input_parser_lyric.cc:1142: Starter frame: rel_frame_num [-2]
11-27 21:39:15.628  1372  2372 I G3ACoordinator: ae_input_parser_lyric.cc:1977: Starter frame: rel_frame_num [-1]
11-27 21:39:15.628  1372  2372 I G3ACoordinator: ae_engine.cc:539: Starter Frames
11-27 21:39:15.629  1372  2371 I G3ACoordinator: awb_input_parser_lyric.cc:1142: Starter frame: rel_frame_num [-1]
11-27 21:39:15.629  1372  1808 I Lyric   : zuma_secure_operation_controller.cc:71: ZumaSecureOperationController: Requested secure session for zuma-mcfp
11-27 21:39:15.630  1372  1808 I Lyric   : zuma_secure_operation_controller.cc:71: ZumaSecureOperationController: Requested secure session for zuma-rgbp
11-27 21:39:15.632  1372  2288 I Lyric   : direct_channel_motion_sensor_data_streamer.cc:467: accelerometer direct channel created.
11-27 21:39:15.634  1372  1808 I Lyric   : zuma_secure_operation_controller.cc:71: ZumaSecureOperationController: Requested secure session for zuma-yuvp
11-27 21:39:15.634  1372  1808 I Lyric   : raw_to_yuv_node.cc:756: Starting node cam7_raw_to_yuv with Pipeline (ID: (instance_id: 826289), IPs: [ RawToYuv ], Max Outputs: 1, IPConnections: [ ], Usecase: Realtime) on camera 7
11-27 21:39:15.637  1372  2288 I Lyric   : binder_environment_sensor_reader.cc:79: Enabled BinderEnvironmentSensorReader, type: device_orientation
11-27 21:39:15.637  1372  2288 I Lyric   : motion_sensor_controller_proxy.cc:471: Start to create all sensor readers, enable direct channel: 1, support async query: 1
11-27 21:39:15.663  1372  1805 I Lyric   : sensor_generic_driver.cc:2671: TAOTIEFRONT set mode success.
11-27 21:39:15.663  1372  1805 I Lyric   : sensor_generic_driver.cc:5991: TAOTIEFRONT load qsc data success.
11-27 21:39:15.663  1372  2369 I Lyric   : focus_lens_actuator_driver_impl_base.cc:261: act-front-normal Actuator operation mode changed to: Active
11-27 21:39:15.663  1372  5574 I Lyric   : focus_lens_actuator_driver_impl_base.cc:962: act-front-normal Event thread is enabled
11-27 21:39:15.663  1372  2370 W Lyric   : focus_lens_actuator_driver_impl_base.cc:892: act-front-normal: Periodic IO is already started.
11-27 21:39:15.663  1372  2370 I Lyric   : sensor_generic_driver.cc:1285:  event thread started.
11-27 21:39:15.664  1372  2370 I Lyric   : sensor_generic_driver.cc:1475: TAOTIEFRONT stream on, size: {width: 1656, height: 1240}, frame rate range: [15, 60], sensor ispfe sync in kernel with sensor-side lwis fence request id: 0
11-27 21:39:15.664  1372  2370 I Lyric   : per_camera_barrier_impl.cc:47: Blocker for MultiSensorController_Stop acquired
11-27 21:39:15.664  1372  2370 I Lyric   : sensor_node.cc:1385: cam7_sensor Sensor start fence created at frame 0
11-27 21:39:15.664  1372  2363 I Lyric   : unified_zuma_front_end_controller.cc:750: [CAM7] Updating power mode from Standby to Normal on frame 0
11-27 21:39:15.664  1372  2363 I Lyric   : zuma_fe_driver.cc:838: [ISPFE] Acquiring context. Sensor: TAOTIEFRONT
11-27 21:39:15.664  1372  2363 I Lyric   : switchboard.cc:333: Booked resources: BookedResourceMap below:
11-27 21:39:15.664  1372  2363 I Lyric   :   Resource type Image LoCH at index 0,
11-27 21:39:15.664  1372  2363 I Lyric   :   Resource type Bayer OTF at index 4,
11-27 21:39:15.664  1372  2363 I Lyric   : zuma_csis_core_context.cc:396: [CAM7] Created Zuma CSIS Core context for sensor TAOTIEFRONT with size: {width: 1656, height: 1240}
11-27 21:39:15.664  1372  2363 I Lyric   : zuma_csis_phy_link_context.cc:165: Zuma CsisPhyLinkContext_6 sensor with image size: {width: 1656, height: 1240}, format: raw_10
11-27 21:39:15.664  1372  2363 I Lyric   : zuma_csis_phy_link_context.cc:1322: Zuma CsisPhyLinkContext_6 Rx CTLE enable: 1, is CPHY: 1, mipi rate: 2599Msps
11-27 21:39:15.664  1372  2363 I Lyric   : zuma_csis_phy_link_context.cc:198: Zuma CsisPhyLinkContext_6 Enable Rx CTLE enable settings NcCoef: 0x1, CntRout: 0x1, BiasCon: 0x3c, RselCnt: 0x3, CapCnt: 0xa
11-27 21:39:15.664  1372  2363 I Lyric   : zuma_fc_bayer_context.cc:45: FC bayer context 4 for camera 7 created, sensor output size: {width: 1656, height: 1240} bayer output size: 1656 x 1240
11-27 21:39:15.664  1372  2363 I Lyric   : zuma_lmp_line_buffer.h:50: For LMP bayer context index 4, requested width 1656 compared to last used width -1, after allocation, the available linebuffer size is 17032
11-27 21:39:15.664  1372  2363 I Lyric   : zuma_lmp_bayer_context.cc:62: Created Zuma LMP context with bayer size: 1656 x 1240 for sensor output stream 1656 x 1240
11-27 21:39:15.665  1372  1862 I Lyric   : zuma_fe_pdma_driver.cc:153: [FEIRQ] FE PDMA event 608 #1, timestamp: 558494715593784, name: IspFe.pdma_rstctl.Context0SwResetDone
11-27 21:39:15.665  1372  2363 I Lyric   : test_pattern_calculator.h:64: TpgSync clock: 465000 KHz, fps: 60
11-27 21:39:15.665  1372  2363 I Lyric   : image_logical_channel.cc:116: CSIS Core: ImgLoch_0 size: {width: 1656, height: 1240} auto_rec hblanking: 4632 auto_rec vblanking: 38832568
11-27 21:39:15.665  1372  2363 I Lyric   : zuma_csis_phy_link_context.cc:243: Zuma CsisPhyLinkContext_6 Camera ID(7) Initialized
11-27 21:39:15.665  1372  2363 I Lyric   : zuma_csis_phy_link_context.cc:955: Zuma CsisPhyLinkContext_6 IspConfigCh0 with virtual channel: 0, parallel mode: 0, size: {width: 1656, height: 1240}, format: raw_10
11-27 21:39:15.666  1372  2363 I Lyric   : zuma_csis_phy_link_context.cc:251: Zuma CsisPhyLinkContext_6 enabled
11-27 21:39:15.666  1372  2363 I Lyric   : frame_override_helper.cc:17: [CAM7][ISPFE] FrameOverrideHelper is calculating setting_effective_frame_override with a margin of 0
11-27 21:39:15.666  1372  2363 I Lyric   : fe_programming_async.cc:93: Creating FeProgrammingAsync with context_info.indices: {bayer_context_index = [4], pdaf_context_index = nullopt, image_loch_indices = [0], pdaf_loch_indices = [], vc_loch_index = nullopt, rdma_indices = []}, context_info.acquired: {csis_phy_link = true, lmp_bayer = true, lmp_pdaf = false, fc_bayer = true, fc_pdaf = false, csis_image_wdmas = [], csis_pd_wdmas = [], csis_vc_wdma = false, csis_rdmas = []}, sof drift correction: 0
11-27 21:39:15.666  1372  2363 I Lyric   : zuma_fe_utils.cc:386: ISP-FE Bandwidth Formula V1.1
11-27 21:39:15.666  1372  2363 I Lyric   : zuma_fe_utils.cc:409: ISP-FE Clock Formula V1.7
11-27 21:39:15.666  1372  2363 I Lyric   : zuma_fe_driver.cc:1312: ISP-FE Qos Update: context(0), csi clock: 310000000, lmp clock: 157005360
11-27 21:39:15.666  1372  2363 I Lyric   : zuma_fe_driver.cc:1367: ISP-FE Qos Update: clock frequency: 310000000, write bandwidth: 200369760, read bandwidth: 0
11-27 21:39:15.667  1372  2363 I Lyric   : zuma_secure_operation_controller.cc:71: ZumaSecureOperationController: Requested secure session for zuma-fe
11-27 21:39:15.667  1372  2363 I Lyric   : unified_zuma_front_end_controller.cc:209: [CAM7] Acquired driver context for exposure 0.
11-27 21:39:15.667  1372  2363 I Lyric   : per_camera_barrier_impl.cc:47: Blocker for FeControllerBlockCam7ToStop#0 acquired
11-27 21:39:15.667  1372  2363 E Lyric   : software_fence.cc:40: Resetting unsignaled fence unnamed
11-27 21:39:15.667  1372  2363 I Lyric   : fe_node.cc:2668: cam7_frontend HalPixelFormat for FrontEndNode RAW16_BAYER_SBWC
11-27 21:39:15.668  1372  2363 I Lyric   : unified_zuma_front_end_controller.cc:322: [CAM7] The first sensor frame number is changed from -1 to 1 for exposure index 0.
11-27 21:39:15.668  1372  2365 I G3ACoordinator: af_engine.cc:1062: Starter Frames
11-27 21:39:15.668  1372  2365 I G3ACoordinator: af_engine.cc:632: camera_name=FrontNormal: Starter Frames. request_id=2 first_starter_frame_request_id=0 is_cam_sensor_mode_switch=false
11-27 21:39:15.669  1372  2363 I Lyric   : fe_programming_async.cc:572: [CAM7][ISPFE] Submitting config for sensor frame # 1 (abs 0)) to execute immediately
11-27 21:39:15.669  1372  2363 I Lyric   : register_sets.cc:171: ISPFE RegisterUpdate Expression events: IspFe.fc_bayer.Context4FcRegUpdated 
11-27 21:39:15.669  1372  2363 I Lyric   : fe_programming_async.cc:682: Sensor start fence created by sensor for cam7 should be signaled by ISPFE in kernel at sensor frame # 1 (abs 0)
11-27 21:39:15.669  1372  2363 I Lyric   : fe_programming_async.cc:710: [CAM7][ISPFE] Submitted SensorStartBlocker transaction id 175901
11-27 21:39:15.669  1372  2363 I Lyric   : fe_programming_async.cc:649: [CAM7][ISPFE] Submitted config for sensor frame # 1 (abs 0) with transaction id 175902
11-27 21:39:15.669  1372  1861 I Lyric   : fe_programming_async_event_handler.cc:113: [FEIRQ] Received event IspFe.fe_programming.Context0SubmitProgrammingSuccess. Count: 1. Timestamp: 558494719758741 ns.
11-27 21:39:15.669  1372  1861 I Lyric   : fe_programming_async_event_handler.cc:113: [FEIRQ] Received event IspFe.fe_programming.Context0SensorStartBlockerSuccess. Count: 1. Timestamp: 558494719906202 ns.
11-27 21:39:15.669  1372  1861 I Lyric   : image_logical_channel.cc:261: CSIS Core: Setting loch_en for ImgLoch_0
11-27 21:39:15.669  1372  5576 I Lyric   : sensor_generic_driver.cc:1160: TAOTIEFRONT stream on success. Transaction delay: 5.61617ms
11-27 21:39:15.702  1372  1862 I Lyric   : zuma_csis_phy_link_driver.cc:220: [FEIRQ] CsisPhyLink context 6 event 2305843009213699458 name: IspFe.csis_int1.Context6FrameStart count: 1 timestamp: 558494753007765
11-27 21:39:15.702  1372  1862 I Lyric   : zuma_csis_phy_link_driver.cc:220: [FEIRQ] CsisPhyLink context 6 event 2305843009213699840 name: IspFe.csis_fs_int.Context6FrameStartCh0 count: 1 timestamp: 558494753042351
11-27 21:39:15.702  1372  1862 I Lyric   : dpm_bandwidth_controller_v2.cc:931: Current CLOCK_FAMILY_INTCAM clock 111000
11-27 21:39:15.702  1372  5576 I Lyric   : sensor_generic_driver.cc:1001: TAOTIEFRONT 1st SOF arrived. Delay from stream on: 38.708537ms Delay from stream on transaction: 32.915405ms (Delay - exposure time): 2.913176ms
11-27 21:39:15.702  1372  1862 I Lyric   : dpm_bandwidth_controller_v2.cc:931: Current CLOCK_FAMILY_CAM clock 310000
11-27 21:39:15.702  1372  1862 I Lyric   : dpm_bandwidth_controller_v2.cc:931: Current CLOCK_FAMILY_MIF clock 3744000
11-27 21:39:15.702  1372  1862 I Lyric   : dpm_bandwidth_controller_v2.cc:931: Current CLOCK_FAMILY_TNR clock 111000
11-27 21:39:15.702  1372  1862 I Lyric   : dpm_bandwidth_controller_v2.cc:931: Current CLOCK_FAMILY_INT clock 533000
11-27 21:39:15.702  1372  1862 I Lyric   : zuma_csis_core_driver.cc:260: [FEIRQ] CSIS Core context 0: event IspFe.csis_core_cmn_ctl.Loch0 #1, category: 8, count: 1, timestamp: 558494753149855
11-27 21:39:15.702  1372  1861 I Lyric   : fe_programming_async_event_handler.cc:113: [FEIRQ] Received event IspFe.fe_programming.Context0SofSyncSuccess. Count: 1. Timestamp: 558494753126214 ns.
11-27 21:39:15.704  1372  1862 I Lyric   : zuma_lmp_driver.cc:455: [FEIRQ] Lmp bayer context 4, event 2305843009213694852, name: IspFe.lmp_bayer.Context4CdafPrimary, count: 1, timestamp: 558494755126580
11-27 21:39:15.705  1372  2365 W G3ACoordinator: af_input_parser_lyric.cc:1776: AfInputParserLyric: stats_cis_temperature is empty
11-27 21:39:15.706  1372  1862 I Lyric   : zuma_csis_core_driver.cc:260: [FEIRQ] CSIS Core context 0: event IspFe.csis_core_img_proc.LogicalChannel0Eof #1, category: 11, count: 1, timestamp: 558494756603875
11-27 21:39:15.706  1372  1862 I Lyric   : zuma_csis_phy_link_driver.cc:220: [FEIRQ] CsisPhyLink context 6 event 2305843009213699457 name: IspFe.csis_int1.Context6FrameEnd count: 1 timestamp: 558494756654860
11-27 21:39:15.706  1372  1862 I Lyric   : zuma_csis_phy_link_driver.cc:220: [FEIRQ] CsisPhyLink context 6 event 2305843009213700224 name: IspFe.csis_fe_int.Context6FrameEndCh0 count: 1 timestamp: 558494756673414
11-27 21:39:15.706  1372  1862 I Lyric   : zuma_lmp_driver.cc:455: [FEIRQ] Lmp bayer context 4, event 2305843009213694849, name: IspFe.lmp_bayer.Context4Eof, count: 1, timestamp: 558494756769890
11-27 21:39:15.706  1372  2370 I Lyric   : raw_to_yuv_node.cc:1299: HalImageFormat for YUV output: HalImageFormat{ pixel_format = YCBCR_420_888, stride_alignment = 16, num_buffers = 1 }
11-27 21:39:15.713  1372  1859 I Lyric   : zuma_be_core_event_handler_impl.cc:76: Received Hw event: BeCore.RgbpInt0.FrameEnd counter 1, timestamp: 558494763581699
11-27 21:39:15.713  1372  1859 I Lyric   : zuma_be_core_event_handler_impl.cc:76: Received Hw event: BeCore.YuvpInt0.FrameEnd counter 1, timestamp: 558494763644443
11-27 21:39:15.713  1372  5550 I Lyric   : camera_latency_analyzer.cc:99: [CLA] Cam1-Open
11-27 21:39:15.713  1372  5550 I Lyric   : camera_latency_analyzer.cc:101: [CLA] (Cam1-Open) Open latency: 5.71232
11-27 21:39:15.713  1372  5550 I Lyric   : camera_latency_analyzer.cc:101: [CLA] (Cam1-Open) <-- IDLE --> latency: 27.9424
11-27 21:39:15.713  1372  5550 I Lyric   : camera_latency_analyzer.cc:101: [CLA] (Cam1-Open) ConfigureStream latency: 14.8707
11-27 21:39:15.713  1372  5550 I Lyric   : camera_latency_analyzer.cc:101: [CLA] (Cam1-Open) <-- IDLE --> latency: 2.21106
11-27 21:39:15.713  1372  5550 I Lyric   : camera_latency_analyzer.cc:101: [CLA] (Cam1-Open) First frame latency: 95.9026
11-27 21:39:15.713  1372  5550 I Lyric   : camera_latency_analyzer.cc:101: [CLA] (Cam1-Open) Overall latency: 146.655
11-27 21:39:15.713  1372  5550 I Lyric   : camera_latency_analyzer.cc:101: [CLA] (Cam1-Open) HAL Total latency: 116.479
11-27 21:39:15.715     0     0 I trusty  : logging.cc: 79: ***: :221: Command Received: AuthenticationEvaluate
11-27 21:39:15.716  1821  2894 D BackgroundInstallControlService: Package event received: 0
11-27 21:39:15.739  1372  2370 W G3ACoordinator: af_input_parser_lyric.cc:1776: AfInputParserLyric: stats_cis_temperature is empty
11-27 21:39:15.747  1821  3327 D CoreBackPreview: Window{cb31876 u0 Splash Screen com.PK.ER EXITING}: Setting back callback null
11-27 21:39:15.750     0     0 I trusty  : logging.cc: 79: ***: :221: Command Received: AuthenticationEvaluate
11-27 21:39:15.784     0     0 I trusty  : logging.cc: 79: ***: :221: Command Received: AuthenticationEvaluate
11-27 21:39:15.768  1821  5119 W ContextImpl: Calling a method in the system process without a qualified user: android.app.ContextImpl.sendBroadcastMultiplePermissions:1313 android.content.Context.sendBroadcastMultiplePermissions:2652 com.android.server.TelephonyRegistry.broadcastServiceStateChanged:4198 com.android.server.TelephonyRegistry.notifyServiceStateForPhoneId:1848 com.android.internal.telephony.ITelephonyRegistry$Stub.onTransact:613 
11-27 21:39:15.771  1372  2372 W G3ACoordinator: af_input_parser_lyric.cc:1776: AfInputParserLyric: stats_cis_temperature is empty
11-27 21:39:15.774  1821  5119 W ContextImpl: Calling a method in the system process without a qualified user: android.app.ContextImpl.sendBroadcastMultiplePermissions:1346 com.android.server.TelephonyRegistry.broadcastServiceStateChanged:4202 com.android.server.TelephonyRegistry.notifyServiceStateForPhoneId:1848 com.android.internal.telephony.ITelephonyRegistry$Stub.onTransact:613 android.os.Binder.execTransactInternal:1446 
11-27 21:39:15.774  1821  5119 W ContextImpl: Calling a method in the system process without a qualified user: android.app.ContextImpl.sendBroadcastMultiplePermissions:1346 com.android.server.TelephonyRegistry.broadcastServiceStateChanged:4211 com.android.server.TelephonyRegistry.notifyServiceStateForPhoneId:1848 com.android.internal.telephony.ITelephonyRegistry$Stub.onTransact:613 android.os.Binder.execTransactInternal:1446 
11-27 21:39:15.775  1821  5119 W ContextImpl: Calling a method in the system process without a qualified user: android.app.ContextImpl.sendBroadcastMultiplePermissions:1346 com.android.server.TelephonyRegistry.broadcastServiceStateChanged:4217 com.android.server.TelephonyRegistry.notifyServiceStateForPhoneId:1848 com.android.internal.telephony.ITelephonyRegistry$Stub.onTransact:613 android.os.Binder.execTransactInternal:1446 
11-27 21:39:15.816     0     0 I trusty  : logging.cc: 79: ***: :221: Command Received: AuthenticationEvaluate
11-27 21:39:15.782  1821  1905 D ActivityManager: sync unfroze 16042 com.google.android.cellbroadcastreceiver for 3
11-27 21:39:15.804  1372  2363 W G3ACoordinator: af_input_parser_lyric.cc:1776: AfInputParserLyric: stats_cis_temperature is empty
11-27 21:39:15.831  1821  4677 W ContextImpl: Calling a method in the system process without a qualified user: android.app.ContextImpl.sendBroadcastMultiplePermissions:1313 android.content.Context.sendBroadcastMultiplePermissions:2652 com.android.server.TelephonyRegistry.broadcastServiceStateChanged:4198 com.android.server.TelephonyRegistry.notifyServiceStateForPhoneId:1848 com.android.internal.telephony.ITelephonyRegistry$Stub.onTransact:613 
11-27 21:39:15.831  1821  4677 W ContextImpl: Calling a method in the system process without a qualified user: android.app.ContextImpl.sendBroadcastMultiplePermissions:1346 com.android.server.TelephonyRegistry.broadcastServiceStateChanged:4202 com.android.server.TelephonyRegistry.notifyServiceStateForPhoneId:1848 com.android.internal.telephony.ITelephonyRegistry$Stub.onTransact:613 android.os.Binder.execTransactInternal:1446 
11-27 21:39:15.832  1821  4677 W ContextImpl: Calling a method in the system process without a qualified user: android.app.ContextImpl.sendBroadcastMultiplePermissions:1346 com.android.server.TelephonyRegistry.broadcastServiceStateChanged:4211 com.android.server.TelephonyRegistry.notifyServiceStateForPhoneId:1848 com.android.internal.telephony.ITelephonyRegistry$Stub.onTransact:613 android.os.Binder.execTransactInternal:1446 
11-27 21:39:15.834  1821  4677 W ContextImpl: Calling a method in the system process without a qualified user: android.app.ContextImpl.sendBroadcastMultiplePermissions:1346 com.android.server.TelephonyRegistry.broadcastServiceStateChanged:4217 com.android.server.TelephonyRegistry.notifyServiceStateForPhoneId:1848 com.android.internal.telephony.ITelephonyRegistry$Stub.onTransact:613 android.os.Binder.execTransactInternal:1446 
11-27 21:39:15.838  1372  5576 W Lyric   : shutter_notification_manager.cc:254: 1 calls in 1228 sec(s): re-sync SOF and vsync events. counter offset: 0 timestamp drift: -68914ns at frame count: 5
11-27 21:39:15.839  1372  2371 W G3ACoordinator: af_input_parser_lyric.cc:1776: AfInputParserLyric: stats_cis_temperature is empty
11-27 21:39:15.848     0     0 I trusty  : logging.cc: 79: ***: :221: Command Received: AuthenticationEvaluate
11-27 21:39:15.849  1821  2894 D BackgroundInstallControlService: Package event received: 0
11-27 21:39:15.850 30227 30227 D KeyguardService: Finish IRemoteAnimationRunner.
11-27 21:39:15.850 30227 30248 V WindowManagerShell: Transition animation finished (aborted=false), notifying core (#4887) android.os.BinderProxy@1534257@0
11-27 21:39:15.851 30227 30227 D FaceManager: Cancel face authentication requested for: 744
11-27 21:39:15.852  1821  1884 V WindowManager: Finish Transition (#4887): created at 11-27 21:39:15.393 collect-started=0.014ms request-sent=0.026ms started=15.758ms ready=15.743ms sent=40.629ms commit=19.802ms finished=458.598ms
11-27 21:39:15.853  1821  2467 D SystemServerTiming: getUserSwitchability-0
11-27 21:39:15.853  1821  2467 D SystemServerTiming: TM.isInCall
11-27 21:39:15.853   703 15227 I keystore2: system/security/keystore2/src/authorization.rs:128 - on_device_unlocked(user_id=0, password.is_some()=false)
11-27 21:39:15.854  1821  2467 D SystemServerTiming: hasUserRestriction-DISALLOW_USER_SWITCH
11-27 21:39:15.854  1821  2467 D SystemServerTiming: getInt-ALLOW_USER_SWITCHING_WHEN_SYSTEM_USER_LOCKED
11-27 21:39:15.858     0     0 I trusty  : WARN: system/keymint/ta/src/lib.rs:1279 failing DeviceBegin request with error Hal(KeyUserNotAuthenticated, "system/keymint/ta/src/operation.rs:703: now Timestamp { milliseconds: 558506064 } is later than auth token time Timestamp { milliseconds: 546141623
11-27 21:39:15.858     0     0 I trusty  :  } + 15 seconds")
11-27 21:39:15.854  1821  2467 D SystemServerTiming: isUserUnlocked-USER_SYSTEM
11-27 21:39:15.865     0     0 I trusty  : logging.cc: 79: ***: :221: Command Received: AuthenticationDelete
11-27 21:39:15.869     0     0 I trusty  : logging.cc: 79: ***"faceauth": :50: TZ-TPU Wakelock released.
11-27 21:39:15.870     0     0 I trusty  : logging.cc: 79: ***"faceauth": :189: Session finished, current heap footprint: 73728, maximum footprint: 11284480
11-27 21:39:15.855 30227 30248 V WindowManagerShell: Track 0 became idle
11-27 21:39:15.855 30227 30248 V WindowManagerShell: All active transition animations finished
11-27 21:39:15.856  1821  2887 D BiometricScheduler: cancelAuthenticationOrDetection, requestId: 744
11-27 21:39:15.856  1821  2887 D BiometricScheduler: Cancelling auth/detect op: {[1910] com.android.server.biometrics.sensors.face.aidl.FaceAuthenticationClient, proto=3, owner=com.android.systemui, cookie=0, requestId=744, userId=0}, State: 2
11-27 21:39:15.856  1821  2887 D BiometricSchedulerOperation: [Cancelling] Current client: {[1910] com.android.server.biometrics.sensors.face.aidl.FaceAuthenticationClient, proto=3, owner=com.android.systemui, cookie=0, requestId=744, userId=0}
11-27 21:39:15.858   706  1880 W keymint-hal-trusty: kmr_hal: HAL: command DeviceBegin failed: -26
11-27 21:39:15.864  1821  4673 D FingerprintProvider/default: Starting watchdog for fingerprint
11-27 21:39:15.864  1821  4673 E BiometricScheduler: Current operation is null,no need to start watchdog
11-27 21:39:15.866   703 15227 I keystore2: system/security/keystore2/src/super_key.rs:1057 - Successfully unlocked user 0 with biometric SecureUserId(-687851862)
11-27 21:39:15.882 30227 30288 D Bubbles : handleKeyguardOrDreamChange isUnlockedShade=true keyguardShowing=false dreamingOrInPreview=false
11-27 21:39:15.882 30227 30248 D Bubbles : onStatusBarStateChanged isShade=true didChange=true mNotifEntryToExpandOnShadeUnlock=null
11-27 21:39:15.905  1372 17832 I Lyric   : camera_device_session_hwl_impl.cc:1127: Flush entered, camera_id: 1
11-27 21:39:15.905  1372 17832 I Lyric   : camera_powerhal_impl.cc:187: SetPowerBoost Trigger CAMERA_LAUNCH for 200ms
11-27 21:39:15.905  1372 17832 I Lyric   : camera_device_session_manager_base.cc:1303: Attempting to flush graph:top_graph_for_camera_FrontMultiFov
11-27 21:39:15.906  1372  2371 I Lyric   : retiming_node.cc:571: Front(hal id: 7), Reporting image frame drop to framework for stream id: 0, request id: 6
11-27 21:39:15.906  1372  2371 I Lyric   : retiming_node.cc:571: Front(hal id: 7), Reporting image frame drop to framework for stream id: 0, request id: 7
11-27 21:39:15.906  1372  2371 I Lyric   : retiming_node.cc:571: Front(hal id: 7), Reporting image frame drop to framework for stream id: 0, request id: 8
11-27 21:39:15.906  1372  2370 I Lyric   : camera_device_session_manager_base.cc:1159: Reporting metadata frame drop for camera: FrontMultiFov, request id: 6, partial result count: 2
11-27 21:39:15.907  1372  2371 W Lyric   : tuning_node.cc:652: Frame drops on pre_scaler_request
11-27 21:39:15.907  1372  2371 W Lyric   : tuning_node.cc:1013: 1 calls in 101 sec(s): TuningNode is using cached tuning point because: awb_data_frame is drop
11-27 21:39:15.907  1372  2363 I Lyric   : fe_node.cc:2724: cam7_frontend received incomplete request at frame number: 9, request dropped: 1, sensor_image dropped: 1, sensor_properties dropped: 1, tuning point dropped: 0
11-27 21:39:15.907  1372  2363 I Lyric   : fe_node.cc:1598: cam7_frontend Finished processing an incomplete_request at frame 9 when flush_mark is at frame -1 power mode is Normal
11-27 21:39:15.907  1372  2371 I Lyric   : retiming_node.cc:571: Front(hal id: 7), Reporting image frame drop to framework for stream id: 0, request id: 9
11-27 21:39:15.907  1372 17832 I Lyric   : fe_node.cc:1024: cam7_frontend flush at flush_mark 9 output frame stats (ignores fence-signaled drops): {process_input_count = 0, dropped_all_outputs = 0, valid_ae = 0, valid_pre_lsc_ae = 0, valid_uae = 0, valid_awb = 0, valid_histogram = 0, valid_flicker = 0, valid_motion = 0, valid_cdaf = 0, valid_pdaf = 0, valid_align = 0, valid_alias_map = 0, valid_gaussian_pyramid = 0, valid_scaled_rgb_stats = 0, valid_scaled_yuv_stats = 0, valid_lsc = 0, valid_bilateral_grid = 0, valid_scaled_rgb = 0, valid_scaled_yuv = 0, valid_cam_data_dump = 0, valid_pixel_patch = 0}
11-27 21:39:15.907  1372 17832 I Lyric   : unified_zuma_front_end_controller.cc:427: [CAM7] Flushing at Normal mode
11-27 21:39:15.907  1372 17832 I Lyric   : per_camera_barrier_impl.cc:47: Blocker for FeControllerBlockCam7ToStop#1ForFlush acquired
11-27 21:39:15.907  1372 17832 I Lyric   : inflight_config_queue.cc:151: [CAM7][ISPFE] Flushing 1 pending configs. Queue: last completed: (sensor frame # 8 (abs 7), id: 175909) pending: (sensor frame # 9 (abs 8), id: 175910), 
11-27 21:39:15.908  1372 17832 I Lyric   : fe_programming_async.cc:385: [CAM7][ISPFE] Rewinding PDMA write pointer to end of sensor frame # 8 (abs 7) commands. Write pointer: 128
11-27 21:39:15.908  1372 17832 I Lyric   : frame_images_queue_handler.cc:140: [CAM7] Bayer[0] Canceled sensor frames 9 Flushed [CAM7] Bayer[0] frame
11-27 21:39:15.908  1372 17832 I Lyric   : lmp_pipeline.cc:585: [Bayer4][CAM7] Removed obsolete lmp frame (not frame 8) 9
11-27 21:39:15.908  1372 17832 I Lyric   : zuma_lmp_context.cc:117: Flushing Lmp context bayer
11-27 21:39:15.908  1372 17832 I Lyric   : lmp_pipeline.cc:494: [Bayer4][CAM7] Drain(timeout=166.6723645ms) entered. Number of frames in the queue is 1
11-27 21:39:15.908  1372 17832 I Lyric   : lmp_pipeline.cc:511: [Bayer4][CAM7] Waiting for pipeline to drain. There are 1 pending transactions for frames: sensor frame numbers: [8], abs frame numbers: [7]
11-27 21:39:15.908  1372  2363 I Lyric   : camera_device_session_manager_base.cc:1159: Reporting metadata frame drop for camera: FrontMultiFov, request id: 7, partial result count: 1
11-27 21:39:15.908  1372  2363 I Lyric   : camera_device_session_manager_base.cc:1159: Reporting metadata frame drop for camera: FrontMultiFov, request id: 7, partial result count: 2
11-27 21:39:15.908  1372  2363 I Lyric   : camera_device_session_manager_base.cc:1159: Reporting metadata frame drop for camera: FrontMultiFov, request id: 8, partial result count: 1
11-27 21:39:15.908  1372  2363 I Lyric   : camera_device_session_manager_base.cc:1159: Reporting metadata frame drop for camera: FrontMultiFov, request id: 8, partial result count: 2
11-27 21:39:15.908  1372  2363 I Lyric   : camera_device_session_manager_base.cc:1159: Reporting metadata frame drop for camera: FrontMultiFov, request id: 9, partial result count: 1
11-27 21:39:15.908  1372  2363 I Lyric   : camera_device_session_manager_base.cc:1159: Reporting metadata frame drop for camera: FrontMultiFov, request id: 9, partial result count: 2
11-27 21:39:15.912  1821  1887 I DisplayDeviceRepository: Display device changed render timings: "Built-in Screen", renderFrameRate=120.00001, presentationDeadlineNanos=11500000, appVsyncOffsetNanos=6233332, frameRateOverrides=[{uid=10367 frameRateHz=120.00001}]
11-27 21:39:15.917  1821  2984 W PackageConfigPersister: App-specific configuration not found for packageName: com.PK.ER and userId: 0
11-27 21:39:15.928  1821  2984 D FaceProvider/default: Starting watchdog for face
11-27 21:39:15.939  1372 17832 I Lyric   : lmp_pipeline.cc:523: [Bayer4][CAM7] Pipeline drained.
11-27 21:39:15.939  1372 17832 I Lyric   : zuma_lmp_context.cc:120: Done flushing Lmp context bayer
11-27 21:39:15.939  1372 17832 I Lyric   : zuma_csis_core_context.cc:957: [CAM7] Waiting for 0 bayer[0] images: none for 33ms
11-27 21:39:15.939  1372 17832 I Lyric   : zuma_csis_core_context.cc:966: [CAM7] Flush is done
11-27 21:39:15.939  1372 17832 I Lyric   : unified_zuma_front_end_controller.cc:555: [CAM7] There is no sensor start barrier, skip re-acquiring the blocker
11-27 21:39:15.939  1372 17832 I Lyric   : unified_zuma_front_end_controller.cc:483: [CAM7] Flushed.
11-27 21:39:15.939  1372 17832 I Lyric   : per_camera_barrier_impl.cc:58: Blocker for FeControllerBlockCam7ToStop#1ForFlush released with status: OK without lwis fence.
11-27 21:39:15.939  1372 17832 I Lyric   : unified_zuma_front_end_controller.cc:512: [CAM7] There is no sensor start barrier, skip re-acquiring the blocker
11-27 21:39:15.939  1372 17832 I Lyric   : zuma_backend_pipeline_context.cc:1933: Flushing backend pipeline Pipeline (ID: (instance_id: 826289), IPs: [ RawToYuv ], Max Outputs: 1, IPConnections: [ ], Usecase: Realtime) took 13 us, with flush HW = false
11-27 21:39:15.939  1372 17832 I Lyric   : auto_focus_node.cc:2371: cam7_af: af context is flushed successfully
11-27 21:39:15.939  1372 17832 I Lyric   : auto_exposure_node.cc:1159: {type: Node, name: top_graph_for_camera_FrontMultiFov.cam7_ae, class_name: AutoExposureNode}: AE input statistics: {process_input_count = 10, dropped_requests = 0, stats_not_ready_count = 0, motion_stats_not_ready_count = 0, segmentation_mask_not_ready_count = 0, stage_detection_result_not_ready_count = 0, saliency_data_not_ready_count = 0, valid_flash_state = 0, valid_exposure_timestamp = 7, valid_sensor_properties = 7, valid_motion_stats = 0, valid_wb_config = 9, valid_color_correction = 9}
11-27 21:39:15.940  1372 17832 I Lyric   : retiming_node.cc:1692: Front(hal id: 7), Over the past 226.769979ms there were 9 responses sent and 5 of them had no error. FPS: 39.6878 Non-error FPS: 22.0488
11-27 21:39:15.940  1372 17832 I Lyric   : camera_device_session_manager_base.cc:1354: Finished flushing graph:top_graph_for_camera_FrontMultiFov
11-27 21:39:15.940  1372 17832 I Lyric   : camera_device_session_hwl_impl.cc:967: DestroyPipelines entered, camera_id: 1
11-27 21:39:15.940  1372 17832 I Lyric   : camera_powerhal_impl.cc:302: CAMERA_STREAMING_STANDARD mode unset
11-27 21:39:15.941  1372 17832 I Lyric   : camera_powerhal_impl.cc:302: CAMERA_GPU_STANDARD mode unset
11-27 21:39:15.941  1372 17832 I Lyric   : camera_device_session_manager_base.cc:1025: Attempting to stop graph:top_graph_for_camera_FrontMultiFov
11-27 21:39:15.941  1372  1810 I Lyric   : page_release_controller.cc:151: Reenabling page releasing.
11-27 21:39:15.941  1372 17832 I Lyric   : fe_node.cc:1024: cam7_frontend flush at flush_mark 9223372036854774807 output frame stats (ignores fence-signaled drops): {process_input_count = 0, dropped_all_outputs = 0, valid_ae = 0, valid_pre_lsc_ae = 0, valid_uae = 0, valid_awb = 0, valid_histogram = 0, valid_flicker = 0, valid_motion = 0, valid_cdaf = 0, valid_pdaf = 0, valid_align = 0, valid_alias_map = 0, valid_gaussian_pyramid = 0, valid_scaled_rgb_stats = 0, valid_scaled_yuv_stats = 0, valid_lsc = 0, valid_bilateral_grid = 0, valid_scaled_rgb = 0, valid_scaled_yuv = 0, valid_cam_data_dump = 0, valid_pixel_patch = 0}
11-27 21:39:15.941  1372 17832 I Lyric   : unified_zuma_front_end_controller.cc:427: [CAM7] Flushing at Normal mode
11-27 21:39:15.941  1372 17832 I Lyric   : per_camera_barrier_impl.cc:47: Blocker for FeControllerBlockCam7ToStop#2ForFlush acquired
11-27 21:39:15.941  1372 17832 I Lyric   : fe_programming_async.cc:363: [CAM7][ISPFE] No inflight frame configs to flush
11-27 21:39:15.941  1372 17832 I Lyric   : frame_images_queue_handler.cc:140: [CAM7] Bayer[0] Flushed [CAM7] Bayer[0] frame
11-27 21:39:15.941  1372 17832 I Lyric   : lmp_pipeline.cc:585: [Bayer4][CAM7] Removed obsolete lmp frame
11-27 21:39:15.941  1372 17832 I Lyric   : zuma_lmp_context.cc:117: Flushing Lmp context bayer
11-27 21:39:15.941  1372 17832 I Lyric   : lmp_pipeline.cc:494: [Bayer4][CAM7] Drain(timeout=100ms) entered. Number of frames in the queue is 0
11-27 21:39:15.941  1372 17832 I Lyric   : lmp_pipeline.cc:498: [Bayer4][CAM7] Pipeline drained.
11-27 21:39:15.941  1372 17832 I Lyric   : zuma_lmp_context.cc:120: Done flushing Lmp context bayer
11-27 21:39:15.941  1372 17832 I Lyric   : zuma_csis_core_context.cc:957: [CAM7] Waiting for 0 bayer[0] images: none for 33ms
11-27 21:39:15.941  1372 17832 I Lyric   : zuma_csis_core_context.cc:966: [CAM7] Flush is done
11-27 21:39:15.941  1372 17832 I Lyric   : unified_zuma_front_end_controller.cc:555: [CAM7] There is no sensor start barrier, skip re-acquiring the blocker
11-27 21:39:15.941  1372 17832 I Lyric   : unified_zuma_front_end_controller.cc:483: [CAM7] Flushed.
11-27 21:39:15.941  1372 17832 I Lyric   : per_camera_barrier_impl.cc:58: Blocker for FeControllerBlockCam7ToStop#2ForFlush released with status: OK without lwis fence.
11-27 21:39:15.941  1372 17832 I Lyric   : unified_zuma_front_end_controller.cc:512: [CAM7] There is no sensor start barrier, skip re-acquiring the blocker
11-27 21:39:15.941  1372 17832 I Lyric   : zuma_backend_pipeline_context.cc:1933: Flushing backend pipeline Pipeline (ID: (instance_id: 826289), IPs: [ RawToYuv ], Max Outputs: 1, IPConnections: [ ], Usecase: Realtime) took 7 us, with flush HW = false
11-27 21:39:15.941  1372 17832 I Lyric   : auto_focus_node.cc:2371: cam7_af: af context is flushed successfully
11-27 21:39:15.942  1372 17832 I Lyric   : processing_graph.cc:611: top_graph_for_camera_FrontMultiFov starting OutputPort production audit...
11-27 21:39:15.942  1372 17832 I Lyric   : processing_graph.cc:675: OutputPort production audit passed, no anomalies detected :)
11-27 21:39:15.942  1372  1809 I Lyric   : unified_zuma_front_end_controller.cc:750: [CAM7] Updating power mode from Normal to Standby with incomplete_request on frame -1
11-27 21:39:15.942  1372  1808 I Lyric   : multisensor_controller.cc:961: Resetting stream_on_framework_request_id for camera 7
11-27 21:39:15.943  1372  1809 I Lyric   : zuma_lmp_context.cc:104: Lmp context bayer go to standby mode at hw frame 9
11-27 21:39:15.943  1372  1808 I Lyric   : multisensor_controller.cc:982: Front StopStreaming, waiting on barrier
11-27 21:39:15.943  1372  1809 I Lyric   : lmp_pipeline.cc:494: [Bayer4][CAM7] Drain(timeout=100ms) entered. Number of frames in the queue is 0
11-27 21:39:15.943  1372  1809 I Lyric   : lmp_pipeline.cc:498: [Bayer4][CAM7] Pipeline drained.
11-27 21:39:15.943  1372  1809 I Lyric   : zuma_lmp_context.cc:109: LMP context bayer is done waiting for frame for standby mode
11-27 21:39:15.943  1372  1809 I Lyric   : zuma_csis_core_context.cc:957: [CAM7] Waiting for 0 bayer[0] images: none for 33ms
11-27 21:39:15.943  1372  1809 I Lyric   : zuma_csis_core_context.cc:966: [CAM7] Flush is done
11-27 21:39:15.943  1372  1809 I Lyric   : per_camera_barrier_impl.cc:58: Blocker for FeControllerBlockCam7ToStop#0 released with status: OK without lwis fence.
11-27 21:39:15.943  1372  1810 I Lyric   : zuma_backend_pipeline_context.cc:1933: Flushing backend pipeline Pipeline (ID: (instance_id: 826289), IPs: [ RawToYuv ], Max Outputs: 1, IPConnections: [ ], Usecase: Realtime) took 15 us, with flush HW = false
11-27 21:39:15.943  1372  1810 I Lyric   : zuma_be_core_driver_impl.cc:433: BeCore: receives context release notification
11-27 21:39:15.943  1372  5576 I Lyric   : sensor_generic_driver.cc:1219: TAOTIEFRONT stream off success.
11-27 21:39:15.943  1372  1808 I Lyric   : sensor_generic_driver.cc:6389: TAOTIEFRONT is IDLE : is_reading_frame:0, frame count:255, eof event count:8
11-27 21:39:15.943  1372  1808 I Lyric   : sensor_generic_driver.cc:1293:  event thread stopped.
11-27 21:39:15.943  1372  1808 I Lyric   : sensor_generic_driver.cc:1669: TAOTIEFRONT sensor frame drop rate at stream off: 0%. drop rate for hw sync: 0%
11-27 21:39:15.943  1372  1808 I Lyric   : sensor_generic_driver.cc:1705: TAOTIEFRONT stream off, size: {width: 1656, height: 1240}, frame rate range: [15, 60]
11-27 21:39:15.943  1372  1808 I Lyric   : per_camera_barrier_impl.cc:58: Blocker for MultiSensorController_Stop released with status: OK without lwis fence.
11-27 21:39:15.943  1372  1808 I Lyric   : multisensor_controller.cc:1850: Front created transition fence, stream-on ID: 4294967295
11-27 21:39:15.943  1372  1809 I Lyric   : zuma_fe_driver.cc:1385: [ISPFE] Cleaning up the sub-driver contexts
11-27 21:39:15.943  1372  1808 I Lyric   : multisensor_controller.cc:1875: Front signalled transition fence with stream-on ID: 4294967295
11-27 21:39:15.943  1372  1808 I Lyric   : dpm_bandwidth_controller_v2.cc:1035: Update minimum MIF clock to 0 number of active sensor: 0
11-27 21:39:15.943  1372  1808 I Lyric   : dpm_bandwidth_controller_v2.cc:1091: Update minimum INT clock to 0 number of active sensor: 0
11-27 21:39:15.943  1372  1809 I Lyric   : zuma_csis_phy_link_context.cc:1104: Zuma CsisPhyLinkContext_6 disabled
11-27 21:39:15.943  1372  1810 I Lyric   : zuma_secure_operation_controller.cc:84: ZumaSecureOperationController: End secure session for zuma-mcfp
11-27 21:39:15.944  1372  1808 I Lyric   : three_a_request_node.cc:829: cam7_three_a_request: Performance statistics for this session: {process_input_count = 10, dropped_request_count = 0}
11-27 21:39:15.944  1372  1809 I Lyric   : zuma_fc_bayer_context.cc:249: Disabling bayer context 4
11-27 21:39:15.944  1372  1809 I Lyric   : zuma_fe_driver.cc:1412: [ISPFE] Skip cleaning up the FC PDAF context.
11-27 21:39:15.944  1372  1809 I Lyric   : lmp_pipeline.cc:585: [Bayer4][CAM7] Removed obsolete lmp frame
11-27 21:39:15.944  1372  1809 I Lyric   : zuma_fe_driver.cc:1424: [ISPFE] Skip cleaning up the LMP PDAF context.
11-27 21:39:15.944  1372  1809 I Lyric   : zuma_pdma_context.cc:165: disabling Pdma context.
11-27 21:39:15.944  1372  1808 I Lyric   : motion_sensor_controller_proxy.cc:447: MotionSensor context requests resource change to standby.
11-27 21:39:15.944  1372  1808 I Lyric   : multicam_controller_base.cc:1376: Destroy context 0xb4000075498d16f0 for logical camera FrontMultiFov
11-27 21:39:15.944  1372  2288 I Lyric   : motion_sensor_controller_proxy.cc:535: Start to release all sensor readers.
11-27 21:39:15.944  1372  1809 I Lyric   : zuma_csis_core_context.cc:311: [CAM7] Destroyed Zuma CSIS Core context for sensor TAOTIEFRONT with size: {width: 1656, height: 1240}
11-27 21:39:15.945  1372  1810 I Lyric   : zuma_secure_operation_controller.cc:84: ZumaSecureOperationController: End secure session for zuma-rgbp
11-27 21:39:15.946  1372  1810 I Lyric   : zuma_secure_operation_controller.cc:84: ZumaSecureOperationController: End secure session for zuma-yuvp
11-27 21:39:15.946  1372  1810 I Lyric   : zuma_be_core_driver_impl.cc:468: BeCore: release internal memory allocation
11-27 21:39:15.946  1372  1810 I Lyric   : zuma_be_core_driver_impl.cc:548: BeCore: power down
11-27 21:39:15.947  1372  1810 I Lyric   : zuma_be_core_driver_impl.cc:571: BeCore: disabling hardware
11-27 21:39:15.947  1372  1809 I Lyric   : zuma_secure_operation_controller.cc:84: ZumaSecureOperationController: End secure session for zuma-fe
11-27 21:39:15.947  1372  1809 I Lyric   : zuma_fe_driver.cc:1437: [ISPFE] Received context release notification for camera 7
11-27 21:39:15.948  1372  2288 I Lyric   : direct_channel_motion_sensor_data_streamer.cc:487: gyroscope direct channel released.
11-27 21:39:15.948  1372  1809 I Lyric   : zuma_fe_driver.cc:1367: ISP-FE Qos Update: clock frequency: 0, write bandwidth: 0, read bandwidth: 0
11-27 21:39:15.948  1372  1809 I Lyric   : zuma_fe_driver.cc:1457: [ISPFE] Skipping power down due to active power context
11-27 21:39:15.949  1372  1810 I Lyric   : dynamic_boost_manager.cc:82: Boost factor reset done
11-27 21:39:15.949  1372  1809 I Lyric   : unified_zuma_front_end_controller.cc:488: [CAM7] Received notification that graph has stopped
11-27 21:39:15.953  1372  1809 I Lyric   : unified_zuma_front_end_controller.cc:721: Release ZumaFeControllerContext for binding id [CAM7]
11-27 21:39:15.953  1372  1809 I Lyric   : unified_zuma_front_end_controller.cc:115: [CAM7] Context is being destroyed
11-27 21:39:15.953  1372  1809 I Lyric   : zuma_fe_driver.cc:943: [ISPFE] Received context release notification when releasing power_context.
11-27 21:39:15.953  1372  1809 I Lyric   : zuma_fe_driver.cc:1244: [ISPFE] Disabling the device
11-27 21:39:15.954  1372  1809 I Lyric   : lwis_event_thread.cc:117: LwEv:IspFeEvent RemovedLwisClient(isp-fe|FePhyLink) from event thread
11-27 21:39:15.955  1372  1809 I Lyric   : lwis_event_thread.cc:117: LwEv:IspFeEvent RemovedLwisClient(isp-fe|FeLmp) from event thread
11-27 21:39:15.955  1372  1809 I Lyric   : zuma_fe_pdma_driver.cc:61: Disabling pdma hardware
11-27 21:39:15.955  1372  1809 I Lyric   : lwis_event_thread.cc:117: LwEv:IspFeEvent RemovedLwisClient(isp-fe|FePdma) from event thread
11-27 21:39:15.955  1372  1809 I Lyric   : zuma_fe_resetter.cc:157: FrontEnd: SW Reset begins.
11-27 21:39:15.956  1372  1809 I Lyric   : zuma_fe_resetter.cc:168: FrontEnd: SW Reset done: rstctl_status = 0x0
