11-27 21:39:15.471  1372 18022 I Lyric   : per_camera_barrier_impl.cc:58: Blocker for FeControllerBlockCam7ToStop#1ForFlush released with status: OK without lwis fence.
11-27 21:39:15.471  1372 18022 I Lyric   : unified_zuma_front_end_controller.cc:512: [CAM7] There is no sensor start barrier, skip re-acquiring the blocker
11-27 21:39:15.471  1372  2369 I Lyric   : fe_node.cc:2724: cam7_frontend received incomplete request at frame number: 6, request dropped: 1, sensor_image dropped: 1, sensor_properties dropped: 1, tuning point dropped: 0
11-27 21:39:15.471  1372  2369 I Lyric   : fe_node.cc:1598: cam7_frontend Finished processing an incomplete_request at frame 6 when flush_mark is at frame 6 power mode is Normal
11-27 21:39:15.471  1372 18022 I Lyric   : zuma_backend_pipeline_context.cc:1933: Flushing backend pipeline Pipeline (ID: (instance_id: 826267), IPs: [ RawToYuv ], Max Outputs: 1, IPConnections: [ ], Usecase: Realtime) took 13 us, with flush HW = false
11-27 21:39:15.471  1372  2364 I Lyric   : sensor_node.cc:627: cam7_sensor Missing sensor results for frame 6
11-27 21:39:15.471  1372 18022 I Lyric   : auto_focus_node.cc:2371: cam7_af: af context is flushed successfully
11-27 21:39:15.471  1372 18022 I Lyric   : auto_exposure_node.cc:1159: {type: Node, name: top_graph_for_camera_FrontMultiFov.cam7_ae, class_name: AutoExposureNode}: AE input statistics: {process_input_count = 7, dropped_requests = 1, stats_not_ready_count = 0, motion_stats_not_ready_count = 0, segmentation_mask_not_ready_count = 0, stage_detection_result_not_ready_count = 0, saliency_data_not_ready_count = 0, valid_flash_state = 0, valid_exposure_timestamp = 3, valid_sensor_properties = 3, valid_motion_stats = 0, valid_wb_config = 5, valid_color_correction = 5}
11-27 21:39:15.471  1372  2364 I Lyric   : retiming_node.cc:571: Front(hal id: 7), Reporting image frame drop to framework for stream id: 0, request id: 6
11-27 21:39:15.472  1372  2369 I Lyric   : camera_device_session_manager_base.cc:1159: Reporting metadata frame drop for camera: FrontMultiFov, request id: 6, partial result count: 2
11-27 21:39:15.472  1372 18022 I Lyric   : retiming_node.cc:1692: Front(hal id: 7), Over the past 93.934652ms there were 6 responses sent and 2 of them had no error. FPS: 63.8742 Non-error FPS: 21.2914
11-27 21:39:15.472  1372 18022 I Lyric   : camera_device_session_manager_base.cc:1354: Finished flushing graph:top_graph_for_camera_FrontMultiFov
11-27 21:39:15.474  1372 18022 I Lyric   : camera_device_session_hwl_impl.cc:967: DestroyPipelines entered, camera_id: 1
11-27 21:39:15.474  1372 18022 I Lyric   : camera_powerhal_impl.cc:302: CAMERA_STREAMING_STANDARD mode unset
11-27 21:39:15.474  1372 18022 I Lyric   : camera_powerhal_impl.cc:302: CAMERA_GPU_STANDARD mode unset
11-27 21:39:15.474  1372 18022 I Lyric   : camera_device_session_manager_base.cc:1025: Attempting to stop graph:top_graph_for_camera_FrontMultiFov
11-27 21:39:15.475  1372 18022 I Lyric   : fe_node.cc:1024: cam7_frontend flush at flush_mark 9223372036854774807 output frame stats (ignores fence-signaled drops): {process_input_count = 0, dropped_all_outputs = 0, valid_ae = 0, valid_pre_lsc_ae = 0, valid_uae = 0, valid_awb = 0, valid_histogram = 0, valid_flicker = 0, valid_motion = 0, valid_cdaf = 0, valid_pdaf = 0, valid_align = 0, valid_alias_map = 0, valid_gaussian_pyramid = 0, valid_scaled_rgb_stats = 0, valid_scaled_yuv_stats = 0, valid_lsc = 0, valid_bilateral_grid = 0, valid_scaled_rgb = 0, valid_scaled_yuv = 0, valid_cam_data_dump = 0, valid_pixel_patch = 0}
11-27 21:39:15.475  1372 18022 I Lyric   : unified_zuma_front_end_controller.cc:427: [CAM7] Flushing at Normal mode
11-27 21:39:15.475  1372 18022 I Lyric   : per_camera_barrier_impl.cc:47: Blocker for FeControllerBlockCam7ToStop#2ForFlush acquired
11-27 21:39:15.475  1372 18022 I Lyric   : fe_programming_async.cc:363: [CAM7][ISPFE] No inflight frame configs to flush
11-27 21:39:15.475  1372 18022 I Lyric   : frame_images_queue_handler.cc:140: [CAM7] Bayer[0] Flushed [CAM7] Bayer[0] frame
11-27 21:39:15.475  1372 18022 I Lyric   : lmp_pipeline.cc:585: [Bayer4][CAM7] Removed obsolete lmp frame
11-27 21:39:15.475  1372 18022 I Lyric   : zuma_lmp_context.cc:117: Flushing Lmp context bayer
11-27 21:39:15.475  1372 18022 I Lyric   : lmp_pipeline.cc:494: [Bayer4][CAM7] Drain(timeout=100ms) entered. Number of frames in the queue is 0
11-27 21:39:15.475  1372 18022 I Lyric   : lmp_pipeline.cc:498: [Bayer4][CAM7] Pipeline drained.
11-27 21:39:15.475  1372 18022 I Lyric   : zuma_lmp_context.cc:120: Done flushing Lmp context bayer
11-27 21:39:15.475  1372 18022 I Lyric   : zuma_csis_core_context.cc:957: [CAM7] Waiting for 0 bayer[0] images: none for 33ms
11-27 21:39:15.475  1372 18022 I Lyric   : zuma_csis_core_context.cc:966: [CAM7] Flush is done
11-27 21:39:15.475  1372 18022 I Lyric   : unified_zuma_front_end_controller.cc:555: [CAM7] There is no sensor start barrier, skip re-acquiring the blocker
11-27 21:39:15.475  1372 18022 I Lyric   : unified_zuma_front_end_controller.cc:483: [CAM7] Flushed.
11-27 21:39:15.475  1372 18022 I Lyric   : per_camera_barrier_impl.cc:58: Blocker for FeControllerBlockCam7ToStop#2ForFlush released with status: OK without lwis fence.
11-27 21:39:15.475  1372 18022 I Lyric   : unified_zuma_front_end_controller.cc:512: [CAM7] There is no sensor start barrier, skip re-acquiring the blocker
11-27 21:39:15.475  1372  1809 I Lyric   : page_release_controller.cc:151: Reenabling page releasing.
11-27 21:39:15.475  1372 18022 I Lyric   : zuma_backend_pipeline_context.cc:1933: Flushing backend pipeline Pipeline (ID: (instance_id: 826267), IPs: [ RawToYuv ], Max Outputs: 1, IPConnections: [ ], Usecase: Realtime) took 13 us, with flush HW = false
11-27 21:39:15.475  1372 18022 I Lyric   : auto_focus_node.cc:2371: cam7_af: af context is flushed successfully
11-27 21:39:15.476  1372 18022 I Lyric   : processing_graph.cc:611: top_graph_for_camera_FrontMultiFov starting OutputPort production audit...
11-27 21:39:15.476  1372 18022 I Lyric   : processing_graph.cc:675: OutputPort production audit passed, no anomalies detected :)
11-27 21:39:15.476  1372  1810 I Lyric   : multisensor_controller.cc:961: Resetting stream_on_framework_request_id for camera 7
11-27 21:39:15.476  1372  1810 I Lyric   : multisensor_controller.cc:982: Front StopStreaming, waiting on barrier
11-27 21:39:15.476  1372  1808 I Lyric   : unified_zuma_front_end_controller.cc:750: [CAM7] Updating power mode from Normal to Standby with incomplete_request on frame -1
11-27 21:39:15.476  1372  1808 I Lyric   : zuma_lmp_context.cc:104: Lmp context bayer go to standby mode at hw frame 5
11-27 21:39:15.476  1372  1808 I Lyric   : lmp_pipeline.cc:494: [Bayer4][CAM7] Drain(timeout=100ms) entered. Number of frames in the queue is 0
11-27 21:39:15.476  1372  1808 I Lyric   : lmp_pipeline.cc:498: [Bayer4][CAM7] Pipeline drained.
11-27 21:39:15.476  1372  1808 I Lyric   : zuma_lmp_context.cc:109: LMP context bayer is done waiting for frame for standby mode
11-27 21:39:15.476  1372  1808 I Lyric   : zuma_csis_core_context.cc:957: [CAM7] Waiting for 0 bayer[0] images: none for 33ms
11-27 21:39:15.476  1372  1808 I Lyric   : zuma_csis_core_context.cc:966: [CAM7] Flush is done
11-27 21:39:15.476  1372  1808 I Lyric   : per_camera_barrier_impl.cc:58: Blocker for FeControllerBlockCam7ToStop#0 released with status: OK without lwis fence.
11-27 21:39:15.476  1372  1809 I Lyric   : zuma_backend_pipeline_context.cc:1933: Flushing backend pipeline Pipeline (ID: (instance_id: 826267), IPs: [ RawToYuv ], Max Outputs: 1, IPConnections: [ ], Usecase: Realtime) took 16 us, with flush HW = false
11-27 21:39:15.476  1372  5387 I Lyric   : sensor_generic_driver.cc:1219: TAOTIEFRONT stream off success.
11-27 21:39:15.476  1821  2989 I SoundTriggerMiddlewareLogging: FORCE_RECOGNITION (2)
11-27 21:39:15.476  1372  1809 I Lyric   : zuma_be_core_driver_impl.cc:433: BeCore: receives context release notification
11-27 21:39:15.476  1372  1810 I Lyric   : sensor_generic_driver.cc:6389: TAOTIEFRONT is IDLE : is_reading_frame:0, frame count:255, eof event count:4
11-27 21:39:15.477  1372  1810 I Lyric   : sensor_generic_driver.cc:1293:  event thread stopped.
11-27 21:39:15.477  1372  1810 I Lyric   : sensor_generic_driver.cc:1669: TAOTIEFRONT sensor frame drop rate at stream off: 0%. drop rate for hw sync: 0%
11-27 21:39:15.477  1372  1810 I Lyric   : sensor_generic_driver.cc:1705: TAOTIEFRONT stream off, size: {width: 1656, height: 1240}, frame rate range: [15, 60]
11-27 21:39:15.477  1372  1810 I Lyric   : per_camera_barrier_impl.cc:58: Blocker for MultiSensorController_Stop released with status: OK without lwis fence.
11-27 21:39:15.477  1372  1810 I Lyric   : multisensor_controller.cc:1850: Front created transition fence, stream-on ID: 4294967295
11-27 21:39:15.477  1372  1810 I Lyric   : multisensor_controller.cc:1875: Front signalled transition fence with stream-on ID: 4294967295
11-27 21:39:15.477  1372  1810 I Lyric   : dpm_bandwidth_controller_v2.cc:1035: Update minimum MIF clock to 0 number of active sensor: 0
11-27 21:39:15.477  1372  1810 I Lyric   : dpm_bandwidth_controller_v2.cc:1091: Update minimum INT clock to 0 number of active sensor: 0
11-27 21:39:15.477  1372  1809 I Lyric   : zuma_secure_operation_controller.cc:84: ZumaSecureOperationController: End secure session for zuma-mcfp
11-27 21:39:15.477  1372  1808 I Lyric   : zuma_fe_driver.cc:1385: [ISPFE] Cleaning up the sub-driver contexts
11-27 21:39:15.477  1372  1808 I Lyric   : zuma_csis_phy_link_context.cc:1104: Zuma CsisPhyLinkContext_6 disabled
11-27 21:39:15.478  1372  1808 I Lyric   : zuma_fc_bayer_context.cc:249: Disabling bayer context 4
11-27 21:39:15.478  1372  1808 I Lyric   : zuma_fe_driver.cc:1412: [ISPFE] Skip cleaning up the FC PDAF context.
11-27 21:39:15.478  1372  1808 I Lyric   : lmp_pipeline.cc:585: [Bayer4][CAM7] Removed obsolete lmp frame
11-27 21:39:15.478  1372  1808 I Lyric   : zuma_fe_driver.cc:1424: [ISPFE] Skip cleaning up the LMP PDAF context.
11-27 21:39:15.478  1372  1808 I Lyric   : zuma_pdma_context.cc:165: disabling Pdma context.
11-27 21:39:15.478  1372  1809 I Lyric   : zuma_secure_operation_controller.cc:84: ZumaSecureOperationController: End secure session for zuma-rgbp
11-27 21:39:15.479  1372  1808 I Lyric   : zuma_csis_core_context.cc:311: [CAM7] Destroyed Zuma CSIS Core context for sensor TAOTIEFRONT with size: {width: 1656, height: 1240}
11-27 21:39:15.480  1372  1810 I Lyric   : three_a_request_node.cc:829: cam7_three_a_request: Performance statistics for this session: {process_input_count = 7, dropped_request_count = 0}
11-27 21:39:15.480  1372  1809 I Lyric   : zuma_secure_operation_controller.cc:84: ZumaSecureOperationController: End secure session for zuma-yuvp
11-27 21:39:15.480  1372  1809 I Lyric   : zuma_be_core_driver_impl.cc:468: BeCore: release internal memory allocation
11-27 21:39:15.480  1372  1809 I Lyric   : zuma_be_core_driver_impl.cc:548: BeCore: power down
11-27 21:39:15.480  1372  1810 I Lyric   : motion_sensor_controller_proxy.cc:447: MotionSensor context requests resource change to standby.
11-27 21:39:15.480  1372  1810 I Lyric   : multicam_controller_base.cc:1376: Destroy context 0xb4000075498be4c0 for logical camera FrontMultiFov
11-27 21:39:15.480  1372  2288 I Lyric   : motion_sensor_controller_proxy.cc:535: Start to release all sensor readers.
11-27 21:39:15.480  1372  1809 I Lyric   : zuma_be_core_driver_impl.cc:571: BeCore: disabling hardware
11-27 21:39:15.481  1372  1808 I Lyric   : zuma_secure_operation_controller.cc:84: ZumaSecureOperationController: End secure session for zuma-fe
11-27 21:39:15.481  1372  1808 I Lyric   : zuma_fe_driver.cc:1437: [ISPFE] Received context release notification for camera 7
11-27 21:39:15.482  1372  1808 I Lyric   : zuma_fe_driver.cc:1367: ISP-FE Qos Update: clock frequency: 0, write bandwidth: 0, read bandwidth: 0
11-27 21:39:15.482  1372  1808 I Lyric   : zuma_fe_driver.cc:1457: [ISPFE] Skipping power down due to active power context
11-27 21:39:15.482  1372  2288 I Lyric   : direct_channel_motion_sensor_data_streamer.cc:487: gyroscope direct channel released.
11-27 21:39:15.482  1372  1809 I Lyric   : dynamic_boost_manager.cc:82: Boost factor reset done
11-27 21:39:15.483  1372  1808 I Lyric   : unified_zuma_front_end_controller.cc:488: [CAM7] Received notification that graph has stopped
11-27 21:39:15.484  1821  2884 I MR2ServiceImpl: Updating composite discovery preference | preference: RouteDiscoveryRequest{ preferredFeatures={}, activeScan=false }, active routers: []
11-27 21:39:15.487  1372  1808 I Lyric   : unified_zuma_front_end_controller.cc:721: Release ZumaFeControllerContext for binding id [CAM7]
11-27 21:39:15.487  1372  1808 I Lyric   : unified_zuma_front_end_controller.cc:115: [CAM7] Context is being destroyed
11-27 21:39:15.487  1372  1808 I Lyric   : zuma_fe_driver.cc:943: [ISPFE] Received context release notification when releasing power_context.
11-27 21:39:15.487  1372  1808 I Lyric   : zuma_fe_driver.cc:1244: [ISPFE] Disabling the device
11-27 21:39:15.487  1372  1808 I Lyric   : lwis_event_thread.cc:117: LwEv:IspFeEvent RemovedLwisClient(isp-fe|FePhyLink) from event thread
11-27 21:39:15.488  1372  1808 I Lyric   : lwis_event_thread.cc:117: LwEv:IspFeEvent RemovedLwisClient(isp-fe|FeLmp) from event thread
11-27 21:39:15.488  1821  2989 I SoundTriggerMiddlewareLogging: RECOGNITION (2, RecognitionEventSys{recognitionEvent: RecognitionEvent{status: 0, type: 1, captureAvailable: true, captureDelayMs: 0, capturePreambleMs: 0, triggerInData: false, audioConfig: AudioConfig{base: AudioConfigBase{sampleRate: 16000, channelMask: AudioChannelLayout.layoutMask(1), format: AudioFormatDescription{type: 1, pcm: 1, encoding: }}, offloadInfo: AudioOffloadInfo{base: AudioConfigBase{sampleRate: 0, channelMask: AudioChannelLayout.none(0), format: AudioFormatDescription{type: 0, pcm: 0, encoding: }}, streamType: -2, bitRatePerSecond: 0, durationUs: 0, hasVideo: false, isStreaming: false, bitWidth: 16, offloadBufferSize: 0, usage: -1, encapsulationMode: -1, contentId: 0, syncId: 0}, frameCount: 0}, data: [112, 111, 115, 95, 109, 117, 115, 105, 99, 44, 118, 97, 108, 58, 50, 49, 53, 55, 52], recognitionStillActive: false}, halEventReceivedMillis: 558494527661004, token: android.os.Binder@71b816c}, 35441)
11-27 21:39:15.488  1372  1808 I Lyric   : zuma_fe_pdma_driver.cc:61: Disabling pdma hardware
11-27 21:39:15.488  1372  1808 I Lyric   : lwis_event_thread.cc:117: LwEv:IspFeEvent RemovedLwisClient(isp-fe|FePdma) from event thread
11-27 21:39:15.488  1372  1808 I Lyric   : zuma_fe_resetter.cc:157: FrontEnd: SW Reset begins.
11-27 21:39:15.489  1821  1908 I ActivityManager: Start proc 5470:com.google.android.apps.maps:server_recovery_process_scheduled/u0a201 for broadcast {com.google.android.apps.maps/com.google.android.apps.gmm.plugins.serverrecovery.ScheduledRecoverySignalHandlerImpl}
11-27 21:39:15.490  1372  1808 I Lyric   : zuma_fe_resetter.cc:168: FrontEnd: SW Reset done: rstctl_status = 0x0
11-27 21:39:15.493  1372 18022 I Lyric   : camera_device_session_manager_base.cc:1029: Successfully stopped graph:top_graph_for_camera_FrontMultiFov
11-27 21:39:15.493  1372 18022 I Lyric   : camera_device_session_manager_base.cc:812: Attempting to destroy graph:top_graph_for_camera_FrontMultiFov
11-27 21:39:15.493  1372 18022 W Lyric   : graph_runner.cc:222: GraphRunner::StopGraph(1) called on a graph that is not running.
11-27 21:39:15.494  1372  2288 I Lyric   : direct_channel_motion_sensor_data_streamer.cc:487: gravity direct channel released.
11-27 21:39:15.495  1372  2288 I Lyric   : time_triggered_task_pool.cc:79: Timer is removed: TTTP[0,0]
11-27 21:39:15.497  1372 18022 I Lyric   : camera_device_session_manager_base.cc:825: Successfully destroyed graph:top_graph_for_camera_FrontMultiFov
11-27 21:39:15.497  1372 18022 I Lyric   : camera_device_session_hwl_impl.cc:397: Destroyed CameraDeviceSessionHwlImpl for camera 1
11-27 21:39:15.497  1372 18022 I Lyric   : camera_powerhal_impl.cc:202: CancelPowerBoost CAMERA_LAUNCH
11-27 21:39:15.497  1372 18022 I Lyric   : camera_powerhal_impl.cc:202: CancelPowerBoost CAMERA_THERMAL_SEVERE_BOOST
11-27 21:39:15.497  1372 18022 I Lyric   : camera_powerhal_impl.cc:202: CancelPowerBoost CAMERA_VIDEO_RECORDING
11-27 21:39:15.497  1372 18022 I Lyric   : camera_powerhal_impl.cc:202: CancelPowerBoost CAMERA_HIGH_PERFORMANCE_BOOST
11-27 21:39:15.497  1372 18022 I Lyric   : camera_powerhal_impl.cc:202: CancelPowerBoost CAMERA_LAUNCH_EXTENDED
11-27 21:39:15.497  1372 18022 I Lyric   : camera_powerhal_impl.cc:202: CancelPowerBoost CAMERA_BACKEND_BOOST
11-27 21:39:15.497  1372  2372 I G3ACoordinator: coordinator.cc:1065: Coordinator NotifyCaptureSessionClose called for camera: {position: front, lens_type: multi_fov, spectrum: visible, instance: real}
11-27 21:39:15.497  1372  1810 I Lyric   : generic_actuator_controller.cc:139: act-front-normal sampling intervals: (count=33, min=1.47282ms, max=5.48067ms, mean=4.89331ms, stddev=0.615005ms, skew=-5.18439, kurtosis=29.0231)
11-27 21:39:15.497  1372  2372 I G3ACoordinator: coordinator.cc:1089: Coordinator AfNotifyCaptureSessionClose called for camera: {position: front, lens_type: multi_fov, spectrum: visible, instance: real}
11-27 21:39:15.497  1372  2372 I G3ACoordinator: coordinator.cc:1110: Coordinator AsdNotifyCaptureSessionClose called for camera: {position: front, lens_type: multi_fov, spectrum: visible, instance: real}
11-27 21:39:15.497  1372  2372 I G3ACoordinator: coordinator.cc:1127: Coordinator AwbNotifyCaptureSessionClose called for camera: {position: front, lens_type: multi_fov, spectrum: visible, instance: real}
11-27 21:39:15.497  1372  2372 I G3ACoordinator: coordinator.cc:1044: Coordinator::NotifyCaptureSessionClose called for camera: {position: front, lens_type: multi_fov, spectrum: visible, instance: real}
11-27 21:39:15.497  1372  1810 I Lyric   : focus_lens_actuator_driver_impl_base.cc:972: act-front-normal: Total events dequeued: 18, failed events: 0
11-27 21:39:15.497  1372  2372 I G3ACoordinator: coordinator.cc:1044: Coordinator::NotifyCaptureSessionClose called for camera: {position: front, lens_type: multi_fov, spectrum: visible, instance: real}
11-27 21:39:15.503  1821  2894 D BackgroundInstallControlService: Package event received: 0
11-27 21:39:15.505  1821  4670 D CoreBackPreview: Window{772b4de u0 NotificationShade}: Setting back callback null
11-27 21:39:15.508  1372  1809 I G3ACoordinator: front_als_manager.cc:209: Front ALS sensor disabled
11-27 21:39:15.510  1372  1810 W Lyric   : device_context.cc:378: NotifyCaptureSessionClose: No OisController found for physical camera Front. Status: NOT_FOUND: Failed to find controller by type and camera id(Front); Controller with ID: optical image stabilization controller for camera: Front not present in device_context
11-27 21:39:15.510  1372  1810 W Lyric   : device_context.cc:378: NotifyCaptureSessionClose: No OisController found for physical camera FrontVirtual. Status: NOT_FOUND: Failed to find controller by type and camera id(FrontVirtual); Controller with ID: optical image stabilization controller for camera: FrontVirtual not present in device_context
11-27 21:39:15.514  1372 18022 I Lyric   : camera_latency_analyzer.cc:99: [CLA] Cam1-Close
11-27 21:39:15.514  1372 18022 I Lyric   : camera_latency_analyzer.cc:101: [CLA] (Cam1-Close) Flush latency: 11.4797
11-27 21:39:15.514  1372 18022 I Lyric   : camera_latency_analyzer.cc:101: [CLA] (Cam1-Close) <-- IDLE --> latency: 2.03597
11-27 21:39:15.514  1372 18022 I Lyric   : camera_latency_analyzer.cc:101: [CLA] (Cam1-Close) Close latency: 38.6272
11-27 21:39:15.514  1372 18022 I Lyric   : camera_latency_analyzer.cc:101: [CLA] (Cam1-Close) Overall latency: 52.1536
11-27 21:39:15.514  1372 18022 I Lyric   : camera_latency_analyzer.cc:101: [CLA] (Cam1-Close) HAL Total latency: 50.1026
11-27 21:39:15.516  1372  2288 I Lyric   : direct_channel_motion_sensor_data_streamer.cc:487: accelerometer direct channel released.
11-27 21:39:15.532     0     0 I trusty  : logging.cc: 79: ***: :221: Command Received: TzResetLockout
11-27 21:39:15.532     0     0 I trusty  : logging.cc: 79: ***"faceauth": :189: Session finished, current heap footprint: 1347584, maximum footprint: 11284480
11-27 21:39:15.518  1372  2288 I Lyric   : motion_sensor_controller_proxy.cc:560: Successfully release all sensor readers.
11-27 21:39:15.518  1372  2288 I Lyric   : motion_sensor_controller_proxy.cc:535: Start to release all sensor readers.
11-27 21:39:15.518  1372  2288 I Lyric   : motion_sensor_controller_proxy.cc:560: Successfully release all sensor readers.
11-27 21:39:15.522  1372  2242 I Lyric   : spectral_driver.cc:182: Changed als mode from 1 to 2 for sensor: rear with new id: 6440
11-27 21:39:15.524  1821  2887 D AcquisitionClient: onErrorInternal code: 5, finish: true
11-27 21:39:15.524  1821  2887 D BiometricLogger: Error! Modality: face, latency: 286
11-27 21:39:15.525  1821  1821 V SoundTriggerService: 9f6ad62a-1f0b-11e7-87c5-40a8f03d3f15: onServiceConnected(android.os.BinderProxy@179bb99)
11-27 21:39:15.525  1821  2887 D BiometricSchedulerOperation: [Finished / destroy]: {[1908] com.android.server.biometrics.sensors.face.aidl.FaceAuthenticationClient, proto=3, owner=com.android.systemui, cookie=0, requestId=743, userId=0}
11-27 21:39:15.525  1821  1821 V SoundTriggerService: 9f6ad62a-1f0b-11e7-87c5-40a8f03d3f15: runOp 0
11-27 21:39:15.530  1821  2887 V ALSProbe: Disable ALS: 91332345
11-27 21:39:15.530  1821  2887 D BiometricScheduler: [Finishing] {[1908] com.android.server.biometrics.sensors.face.aidl.FaceAuthenticationClient, proto=3, owner=com.android.systemui, cookie=0, requestId=743, userId=0}, success: false
11-27 21:39:15.530  1821  2887 D BiometricScheduler: [Polled] {[1909] com.android.server.biometrics.sensors.face.aidl.FaceResetLockoutClient, proto=12, owner=android, cookie=0, requestId=-1, userId=0}, State: 0
11-27 21:39:15.530  1821  2887 D BiometricScheduler: [Started] {[1909] com.android.server.biometrics.sensors.face.aidl.FaceResetLockoutClient, proto=12, owner=android, cookie=0, requestId=-1, userId=0}
11-27 21:39:15.532  1821  2887 V BiometricSchedulerOperation: started: {[1909] com.android.server.biometrics.sensors.face.aidl.FaceResetLockoutClient, proto=12, owner=android, cookie=0, requestId=-1, userId=0}, State: 2
11-27 21:39:15.542  1821  2887 D BiometricScheduler: [Added] {[1910] com.android.server.biometrics.sensors.face.aidl.FaceAuthenticationClient, proto=3, owner=com.android.systemui, cookie=0, requestId=744, userId=0}, new queue size: 1
11-27 21:39:15.542  1821  2887 V BiometricScheduler: Not idle, current operation: {[1909] com.android.server.biometrics.sensors.face.aidl.FaceResetLockoutClient, proto=12, owner=android, cookie=0, requestId=-1, userId=0}, State: 2
11-27 21:39:15.542  1821  2887 D LockoutCache: Lockout for user: 0 is 0
11-27 21:39:15.542  1821  2887 D BiometricSchedulerOperation: [Finished / destroy]: {[1909] com.android.server.biometrics.sensors.face.aidl.FaceResetLockoutClient, proto=12, owner=android, cookie=0, requestId=-1, userId=0}
11-27 21:39:15.542  1821  2887 D BiometricScheduler: [Finishing] {[1909] com.android.server.biometrics.sensors.face.aidl.FaceResetLockoutClient, proto=12, owner=android, cookie=0, requestId=-1, userId=0}, success: true
11-27 21:39:15.542  1821  2887 D BiometricScheduler: [Polled] {[1910] com.android.server.biometrics.sensors.face.aidl.FaceAuthenticationClient, proto=3, owner=com.android.systemui, cookie=0, requestId=744, userId=0}, State: 0
11-27 21:39:15.543  1821  2887 V ALSProbe: Enable ALS: 26158860
11-27 21:39:15.543  1821  2887 D BiometricScheduler: [Started] {[1910] com.android.server.biometrics.sensors.face.aidl.FaceAuthenticationClient, proto=3, owner=com.android.systemui, cookie=0, requestId=744, userId=0}
11-27 21:39:15.543  1821  2887 D AuthenticationClient: Requesting auth for com.android.systemui
11-27 21:39:15.547  1821  1887 I DisplayDeviceRepository: Display device changed render timings: "Built-in Screen", renderFrameRate=120.00001, presentationDeadlineNanos=11500000, appVsyncOffsetNanos=6233332, frameRateOverrides=[{uid=1000 frameRateHz=120.00001}, {uid=10244 frameRateHz=120.00001}, {uid=10248 frameRateHz=120.00001}, {uid=10367 frameRateHz=120.00001}]
11-27 21:39:15.548  1821  2887 V BiometricSchedulerOperation: started: {[1910] com.android.server.biometrics.sensors.face.aidl.FaceAuthenticationClient, proto=3, owner=com.android.systemui, cookie=0, requestId=744, userId=0}, State: 2
11-27 21:39:15.548  1821  1885 D WindowManager: DeferredDisplayUpdater: partially applying DisplayInfo(1280 x 2856) immediately
11-27 21:39:15.600     0     0 I trusty  : logging.cc: 79: ***"faceauth": :40: TZ-TPU Wakelock acquired.
11-27 21:39:15.565  1821  3327 E AppOps  : package client.pid<1616> not found, can't check for attributionTag null
11-27 21:39:15.565  1821  3327 E AppOps  : Bad call made by uid 1047. Package "client.pid<1616>" does not belong to uid 1000.
11-27 21:39:15.565  1821  3327 E AppOps  : Cannot getAppOpMode: non-application UID 1000
11-27 21:39:15.566  1372 18022 I Lyric   : smart_read_ahead_controller.cc:256: [SMRA] Waking up!
11-27 21:39:15.566  1372 18022 I Lyric   : camera_powerhal_impl.cc:187: SetPowerBoost Trigger CAMERA_LAUNCH for 1000ms
11-27 21:39:15.606     0     0 I trusty  : logging.cc: 79: ***: :221: Command Received: AuthenticationCreate
11-27 21:39:15.606     0     0 I trusty  : logging.cc: 79: ***: :270: Faceauth product version 5.14
11-27 21:39:15.567  1372  2349 I Lyric   : smart_read_ahead_controller.cc:63: [SMRA] Processing request
11-27 21:39:15.567  1372  2349 I Lyric   : smart_read_ahead_controller.cc:246: [SMRA] UpdateModeAndConfig, config: from 0 to 0, mode: from 0 to 0
11-27 21:39:15.567  1372  2363 W Lyric   : device_context.cc:333: NotifyCaptureSessionOpen: No OisController found for physical camera Front. Status: NOT_FOUND: Failed to find controller by type and camera id(Front); Controller with ID: optical image stabilization controller for camera: Front not present in device_context
11-27 21:39:15.567  1372  2363 W Lyric   : device_context.cc:333: NotifyCaptureSessionOpen: No OisController found for physical camera FrontVirtual. Status: NOT_FOUND: Failed to find controller by type and camera id(FrontVirtual); Controller with ID: optical image stabilization controller for camera: FrontVirtual not present in device_context
11-27 21:39:15.567  1372  2363 I G3ACoordinator: coordinator.cc:1053: Coordinator::AeNotifyCaptureSessionOpen called for camera: {position: front, lens_type: multi_fov, spectrum: visible, instance: real}
11-27 21:39:15.567  1372  2363 I G3ACoordinator: coordinator.cc:1077: Coordinator::AfNotifyCaptureSessionOpen called for camera: {position: front, lens_type: multi_fov, spectrum: visible, instance: real}
11-27 21:39:15.567  1372  2363 I G3ACoordinator: coordinator.cc:1102: Coordinator::AsdNotifyCaptureSessionOpen called for camera: {position: front, lens_type: multi_fov, spectrum: visible, instance: real}
11-27 21:39:15.567  1372  2363 I G3ACoordinator: coordinator.cc:1119: Coordinator::AwbNotifyCaptureSessionOpen called for camera: {position: front, lens_type: multi_fov, spectrum: visible, instance: real}
11-27 21:39:15.567  1372  2363 I G3ACoordinator: coordinator.cc:1036: Coordinator::NotifyCaptureSessionOpen called for camera: {position: front, lens_type: multi_fov, spectrum: visible, instance: real}
11-27 21:39:15.567  1372  2288 I Lyric   : motion_sensor_controller_proxy.cc:471: Start to create all sensor readers, enable direct channel: 1, support async query: 1
11-27 21:39:15.567  1372  2363 I G3ACoordinator: coordinator.cc:1036: Coordinator::NotifyCaptureSessionOpen called for camera: {position: front, lens_type: multi_fov, spectrum: visible, instance: real}
11-27 21:39:15.567  1372 18022 I Lyric   : camera_device_session_manager_base.cc:410: CameraDeviceSessionManager for camera id(FrontMultiFov) is created.
11-27 21:39:15.567  1372 18022 I Lyric   : camera_device_session_hwl_impl.cc:343: Created CameraDeviceSessionHwlImpl for camera 1
11-27 21:39:15.568  1372 18022 I Lyric   : camera_device_manager_impl.cc:214: Pinning memory flag is set to 0.
11-27 21:39:15.576  1372  2242 I Lyric   : spectral_driver.cc:182: Changed als mode from 2 to 1 for sensor: rear with new id: 6440
11-27 21:39:15.580  1372  5538 I Lyric   : sensor_generic_driver.cc:5205: TAOTIEFRONT ReadSensorId success: 0x858 setting version: 1.7 setting type: 0
11-27 21:39:15.582  1372  1808 I G3ACoordinator: front_als_manager.cc:182: Front ALS sensor enabled
11-27 21:39:15.587  1372  2288 I Lyric   : direct_channel_motion_sensor_data_streamer.cc:467: gyroscope direct channel created.
11-27 21:39:15.588  1372  2288 I Lyric   : time_triggered_task_pool.cc:66: Timer is created: TTTP[0,0]
11-27 21:39:15.588  1372  5548 I Lyric   : time_triggered_task_pool.cc:112: TTTP[0,0] worker is running the loop
11-27 21:39:15.600  1372 17832 I Lyric   : camera_device_session_hwl_impl.cc:1247: CameraDeviceSessionHwlImpl::IsStreamConfigurationSupported 1
11-27 21:39:15.600  1372 17832 I Lyric   : lyric_basic_capture_session.cc:66: LyricBasicCaptureSession supports the stream config
11-27 21:39:15.600  1372 17832 I Lyric   : camera_powerhal_impl.cc:263: SetPowerStreamingMode CAMERA_STREAMING_STANDARD mode
11-27 21:39:15.600  1372 17832 I Lyric   : camera_powerhal_impl.cc:263: SetPowerStreamingMode CAMERA_GPU_STANDARD mode
11-27 21:39:15.601  1372 17832 I Lyric   : camera_device_session_manager_impl.cc:334: ==========Classfied stream for camera 1==========
11-27 21:39:15.601  1372 17832 I Lyric   : camera_device_session_manager_impl.cc:338: Physical camera id 7 stream id 0 width 1600 height 1200 format: YCBCR_420_888 usage: 32 type Output
11-27 21:39:15.601  1372 17832 I Lyric   : camera_device_session_manager_impl.cc:345: Dump lyric internal stream:
11-27 21:39:15.601  1372  2364 I Lyric   : camera_device_session_hwl_impl.cc:820: BuildPipelines entered, camera_id: 1
11-27 21:39:15.601  1372  2364 I Lyric   : active_camera_device_tracker.cc:51: Adding camera: 1, is_logical_camera: 1, is_front_camera: 1, is_1p_camera_app: 1, active devices: 0, is_tele_camera_participant: 0
11-27 21:39:15.601  1372  2364 I Lyric   : active_camera_device_tracker.cc:194: No specific graph requested, allowing lyric to select based on stream configuration.
11-27 21:39:15.601  1372  2364 I Lyric   : camera_device_session_manager_base.cc:603: Attempting to build a processing graph
11-27 21:39:15.618     0     0 I trusty  : gxp_device_impl: 460: Loaded GXP library:
11-27 21:39:15.618     0     0 I trusty  : gxp_device_impl: 462:  - Name: tuscany_dsp_lib
11-27 21:39:15.618     0     0 I trusty  : gxp_device_impl: 463:  - Functions: ExtractThumbnailKernel,Yuv2RgbKernel
11-27 21:39:15.618     0     0 I trusty  : logging.cc: 79: ***: :100: Creating dsp pal.
11-27 21:39:15.601  1372  2364 I Lyric   : choose_and_make.h:48: Not making GenericGraph due to: FAILED_PRECONDITION: GenericGraph can't support stream configuration with logical camera
11-27 21:39:15.601  1372  2364 I Lyric   : multicam_graph.cc:505: SW denoise supports logical stream only
11-27 21:39:15.601  1372  2364 I Lyric   : multicam_node.cc:904: Create Multicam node for logical camera 1, default camera fov FrontVirtual, roi transformation type 1, enable metadata validation 0, enable zoom ratio recalculation 1, enable multicam two stage processing 0
11-27 21:39:15.604  1372  2364 W Lyric   : multicam_graph.cc:428: Force LTMPostProcessingNode to be disabled because is not supported by current device or LTM is disabled.
11-27 21:39:15.604  1372  2364 I Lyric   : multicam_subgraph_config.cc:17: Attempting to configure MulticamGraph for computer vision mode: secure
11-27 21:39:15.604  1372  2364 I Lyric   : stream_info_parser.cc:147: Project11 enabled: 0
11-27 21:39:15.604  1372  2364 W Lyric   : stream_info_parser.cc:372: Camera Front unknown stream: {type: Streaminfo, stream_id: 0, camera_id: Front, format: YCBCR_420_888, width: 1600, height: 1200, usage: [Protected], stream_type: Output, use_case: Default, data_space: DataSpace(Color)::(Standard: BT601_625, Transfer: SMPTE_170M, Range: Full), is_framework_physical_stream: 1, dynamic_range_profile: Standard, intended_for_max_resolution_mode: 0, group_id: -1, is_tunable: 1} does not fall in any known use case
11-27 21:39:15.604  1372  2364 I Lyric   : strategy_list.cc:42: Strategy List created with clock voting strategies: [MaxClockPerRailStrategy] 
11-27 21:39:15.604  1372  2364 I Lyric   :  and bandwidth voting strategies: [DefaultBandwidthVotingStrategy]
11-27 21:39:15.604  1372  2364 I Lyric   : generic_subgraph.cc:1357: The aligner on camera Front is None
11-27 21:39:15.605  1372  2369 I Lyric   : generic_subgraph.cc:1645: Camera id 7 supports settings override.
11-27 21:39:15.605  1372  2369 I GAF     : actuator_utils.cc:174: [FATP][PROTO] POSITION 2 LENS 0 INF 1611, MACRO 2418
11-27 21:39:15.605  1372  2369 I G3ACoordinator: actuator_engine.cc:50: [7, 7] ActuatorEngine_7_7 initialized
11-27 21:39:15.605  1372  2369 W Lyric   : generic_subgraph.cc:1721: camera_id = 7, actuator_name = act-front-normal; actuator_sensitivity: 0.0297398, actuator_max_position_logical: 36
11-27 21:39:15.605  1372  2369 I Lyric   : generic_subgraph.cc:1915: positive_offsets_enabled: ENABLED.; enable_positive_offset = 1; camera_app_1p_enabled = 1; camera_extensions_enabled = 0
11-27 21:39:15.605  1372  2369 I Lyric   : generic_subgraph.cc:1998: Roshi not supported in Front
11-27 21:39:15.605  1372  2369 I Lyric   : multisensor_controller.cc:1163: Front RadioExt: preferred_mipi_rate size 2 preferred_dbr_rate size 0. API delay 166.097us
11-27 21:39:15.605  1372  2369 I Lyric   : sensor_generic_driver.cc:1959: TAOTIEFRONT GetModeIndex requirement {size = {width: 1600, height: 1200}, frame_rate_range = [30, 30], request_binning_mode = false, request_pd_stream = false, only_config_logical_cam_stream = false, camera_id = [<recursive>], require_full_fov = true, is_high_frame_rate = false, crop_margin = 0, is_sibling_camera_participating = false, sub_image_count = 1, is_face_auth = true, is_video_mode = false, is_high_resolution_mode = false, is_arkaroo_enabled = false, is_roshi_enabled = false, is_specific_aspect_ratio_video = false, require_exact_size = false, force_sensor_mode_index = -1, is_multi_cam_usecase = false, raw_stream_usecase = 0, is_high_resolution_standalone_mode = false} required aspect ratio 1.40351 pick_transition_mode 0 require exact size 0
11-27 21:39:15.605  1372  2369 I Lyric   : sensor_generic_driver.cc:2053: TAOTIEFRONT GetModeIndex requirement use_binning_mode 0
11-27 21:39:15.605  1372  2369 I Lyric   : sensor_generic_driver.cc:2060: TAOTIEFRONT candidate mode index 0, size = {width: 3840, height: 2736}, pd = 1, frame rate range = [7.5, 30], is faceauth mode 0
11-27 21:39:15.605  1372  2369 I Lyric   : sensor_generic_driver.cc:2060: TAOTIEFRONT candidate mode index 1, size = {width: 3840, height: 2160}, pd = 0, frame rate range = [15, 60], is faceauth mode 0
11-27 21:39:15.605  1372  2369 I Lyric   : sensor_generic_driver.cc:2060: TAOTIEFRONT candidate mode index 2, size = {width: 3840, height: 2160}, pd = 1, frame rate range = [7.5, 30], is faceauth mode 0
11-27 21:39:15.605  1372  2369 I Lyric   : sensor_generic_driver.cc:2060: TAOTIEFRONT candidate mode index 3, size = {width: 1920, height: 1368}, pd = 1, frame rate range = [15, 60], is faceauth mode 0
11-27 21:39:15.605  1372  2369 I Lyric   : sensor_generic_driver.cc:2060: TAOTIEFRONT candidate mode index 4, size = {width: 1920, height: 1080}, pd = 1, frame rate range = [15, 60], is faceauth mode 0
11-27 21:39:15.605  1372  2369 I Lyric   : sensor_generic_driver.cc:2060: TAOTIEFRONT candidate mode index 5, size = {width: 1656, height: 1240}, pd = 0, frame rate range = [15, 60], is faceauth mode 1
11-27 21:39:15.605  1372  2369 I Lyric   : sensor_generic_driver.cc:2209: TAOTIEFRONT Matching sensor mode found, mode index: 5
11-27 21:39:15.605  1372  2369 I Lyric   : sensor_generic_driver.cc:2390: TAOTIEFRONT Mode size {width: 1656, height: 1240} FPS [15, 60] requested FPS [30, 30] MIPI rate 2599.6Msps rss 3.844422ms
11-27 21:39:15.605  1372  2369 I Lyric   : sensor_generic_driver.cc:2638: TAOTIEFRONT uses alternative MIPI rate 2599 MHz
11-27 21:39:15.605  1372  2369 I Lyric   : sensor_generic_driver.cc:2536: dpm: camera TAOTIEFRONT, line time: 2.81025us, pixel_rate_vt: 878180000, width: 1656, height: 1240, dual pd size: {width: 0, height: 0}, sparse pd size: {width: 0, height: 0}, emb height: 0, hblanking: 3321, mode.hblanking: 3321, vblanking: 10436(29.327769ms), mode.vblanking: 4586(12.8878065ms), frame lines: 5850, frame lines for required fps: 11700, line pixels: 2468, FPS: 60, requested FPS: 30, binning factor: {x: 2, y: 2}, analog_gain_range: [1.43, 32], digital_gain_range: [1, 16], mode index = 5, size = {width: 1656, height: 1240}, pd = 0, frame rate range = [15, 60]
11-27 21:39:15.605  1372  2369 I Lyric   : sensor_node.cc:482: cam7_sensor: CPU affinity setting: Auto
11-27 21:39:15.605  1372  2369 I Lyric   : sensor_generic_driver.cc:5390: TAOTIEFRONT apply qsc calibration data
11-27 21:39:15.606  1372  2369 I Lyric   : generic_subgraph.cc:2072: minimum pipeline delay: 3, is_portrait_mode: 0 pipeline delay: 3
11-27 21:39:15.606  1372  2369 I Lyric   : generic_subgraph.cc:2078: hal_touch_roi_tracking_enabled: ENABLED
11-27 21:39:15.606  1372  2369 I Lyric   : generic_subgraph.cc:2213: enable_eis_blur_refinement_mask_data_flow=0 camera=7
11-27 21:39:15.606  1372  2369 I Lyric   : generic_subgraph.cc:2982: Attempt to obtain pd dma output format from sensor mode
11-27 21:39:15.606  1372  2369 I Lyric   : isp_subgraph_utils.cc:511: Semantic GU is disabled
11-27 21:39:15.606  1372  2369 I Lyric   : zuma_isp_subgraph.cc:864: DSNR is disabled and Skin Texture is disabled in Lyric for camera Front
11-27 21:39:15.606  1372  2369 I Lyric   : zuma_isp_subgraph.cc:528: all backend pipelines for nodes: 
11-27 21:39:15.606  1372  2369 I Lyric   : zuma_isp_subgraph.cc:529: scaled_streams_raw_to_yuv: Pipeline (ID: (instance_id: 826289), IPs: [ RawToYuv ], Max Outputs: 1, IPConnections: [ ], Usecase: Realtime)
11-27 21:39:15.606  1372  2369 I Lyric   : zuma_isp_subgraph.cc:532: raw_to_yuv_for_snapshot_exceeding_video: Pipeline (ID: (instance_id: 826290), IPs: [ RawToYuv ], Max Outputs: 1, IPConnections: [ ], Usecase: Snapshot)
11-27 21:39:15.606  1372  2369 I Lyric   : zuma_isp_subgraph.cc:535: tnr_merge: Pipeline (ID: (instance_id: 826291), IPs: [ TnrMerge ], Max Outputs: 1, IPConnections: [ ], Usecase: Realtime)
11-27 21:39:15.606  1372  2369 I Lyric   : zuma_isp_subgraph.cc:537: preview_mesh_warp: Pipeline (ID: (instance_id: 826292), IPs: [ MeshWarp ], Max Outputs: 1, IPConnections: [ ], Usecase: Realtime)
11-27 21:39:15.606  1372  2369 I Lyric   : zuma_isp_subgraph.cc:539: video_mesh_warp: Pipeline (ID: (instance_id: 826293), IPs: [ MeshWarp ], Max Outputs: 1, IPConnections: [ ], Usecase: Video)
11-27 21:39:15.606  1372  2369 I Lyric   : zuma_isp_subgraph.cc:541: mesh_warp_for_snapshot_exceeding_video: Pipeline (ID: (instance_id: 826294), IPs: [ MeshWarp ], Max Outputs: 1, IPConnections: [ ], Usecase: Snapshot)
11-27 21:39:15.606  1372  2369 I Lyric   : zuma_isp_subgraph.cc:544: pipeline_info_for_dsnr_snapshot_mesh_warp: Pipeline (ID: (instance_id: 826295), IPs: [ MeshWarp ], Max Outputs: 1, IPConnections: [ ], Usecase: SnapshotForDsnr)
11-27 21:39:15.606  1372  2369 I Lyric   : zuma_isp_subgraph.cc:547: post_itsc_scaler: Pipeline (ID: (instance_id: 826296), IPs: [ Scaler ], Max Outputs: 0, IPConnections: [ ], Usecase: PostItsc)
11-27 21:39:15.606  1372  2369 I Lyric   : zuma_isp_subgraph.cc:549: preview_scaler: Pipeline (ID: (instance_id: 826297), IPs: [ Scaler ], Max Outputs: 0, IPConnections: [ ], Usecase: Realtime)
11-27 21:39:15.606  1372  2369 I Lyric   : zuma_isp_subgraph.cc:551: video_scaler: Pipeline (ID: (instance_id: 826298), IPs: [ Scaler ], Max Outputs: 0, IPConnections: [ ], Usecase: Video)
11-27 21:39:15.606  1372  2369 I Lyric   : zuma_isp_subgraph.cc:553: scaler_for_snapshot_exceeding_video: Pipeline (ID: (instance_id: 826299), IPs: [ Scaler ], Max Outputs: 0, IPConnections: [ ], Usecase: Snapshot)
11-27 21:39:15.606  1372  2369 I Lyric   : zuma_isp_subgraph.cc:556: recomp_scaler: Pipeline (ID: (instance_id: 826300), IPs: [ Scaler ], Max Outputs: 0, IPConnections: [ ], Usecase: Recomposition)
11-27 21:39:15.606  1372  2369 I Lyric   : zuma_isp_subgraph.cc:558: pipeline_info_for_dsnr_snapshot_scaler: Pipeline (ID: (instance_id: 826301), IPs: [ Scaler ], Max Outputs: 0, IPConnections: [ ], Usecase: SnapshotForDsnr)
11-27 21:39:15.606  1372  2369 I Lyric   : zuma_isp_subgraph.cc:562: pipeline_info_for_throttled_scaled_streams_raw_to_yuv: Pipeline (ID: (instance_id: 826302), IPs: [ RawToYuv ], Max Outputs: 1, IPConnections: [ ], Usecase: Realtime)
11-27 21:39:15.606  1372  2369 I Lyric   : zuma_isp_subgraph.cc:565: pipeline_info_for_throttled_recomposition_scaler: Pipeline (ID: (instance_id: 826303), IPs: [ Scaler ], Max Outputs: 0, IPConnections: [ ], Usecase: Recomposition)
11-27 21:39:15.606  1372  2369 I Lyric   : zuma_isp_subgraph.cc:568: pipeline_info_for_throttled_preview_scaler: Pipeline (ID: (instance_id: 826304), IPs: [ Scaler ], Max Outputs: 0, IPConnections: [ ], Usecase: Realtime)
11-27 21:39:15.610  1372  2173 I Lyric   : binder_sensor_vsync_reader.cc:26: Created BinderSensorVsyncReader, cam_vsync_id: 2
11-27 21:39:15.611  1372  2369 I Lyric   : zuma_like_isp_front_end_subgraph.cc:182: FrontEndNode PoolAllocator(raw_allocator) took 5.227132ms to initialize
11-27 21:39:15.611  1372  2369 I Lyric   : fe_node.cc:647: cam7_frontend enabling setting_effective_frame_override output
11-27 21:39:15.611  1372  2369 I Lyric   : unified_zuma_front_end_controller.cc:1067: LMP DDS crop enabled: false, AutoCal crop enabled: false, YUV to framework enabled: false
11-27 21:39:15.611  1372  2369 I Lyric   : whi_like_isp_back_end_core_subgraph.cc:828: RawToYuvNode is configured to output consumer type 3 fmt: HalImageFormat{ pixel_format = YCBCR_420_888, stride_alignment = 16, num_buffers = 1 } for Front
11-27 21:39:15.611  1372  2369 I Lyric   : whi_like_isp_back_end_core_subgraph.cc:933: RawToYuvNode for snapshot exceeding video is configured to output consumer type 2 fmt: HalImageFormat{ pixel_format = YCBCR_420_SPN_10B, stride_alignment = 64, num_buffers = 1 } for Front
11-27 21:39:15.611  1372  2369 I Lyric   : whi_like_isp_back_end_core_subgraph.cc:1760: Align map output not enabled!
11-27 21:39:15.612  1372  2369 I Lyric   : camera_device_session_manager_base.cc:1520: Stream 0 limited to 7 inflight requests
11-27 21:39:15.612  1372  2369 I Lyric   : camera_device_session_manager_base.cc:1530: Front frontend limited to 3 inflight requests
11-27 21:39:15.612  1372  2369 I Lyric   : generic_subgraph.cc:3459: camera_id = 7; is_front_camera = 1; is_1p_camera_app = 1; video_call = 0
11-27 21:39:15.612  1372  2369 I Lyric   : auto_exposure_node.cc:696: cam7_ae: CPU affinity setting: Medium Core : Priority: Realtime
11-27 21:39:15.613  1372  2364 I Lyric   : multicam_graph.cc:1334: AE is connected to multicam routing node for camera Front(7)
11-27 21:39:15.613  1372  2364 I Lyric   : multicam_graph.cc:1338: AF is connected to multicam routing node for camera Front(7)
11-27 21:39:15.613  1372  2364 I Lyric   : multicam_graph.cc:1342: AWB is connected to multicam routing node for camera Front(7)
11-27 21:39:15.613  1372  2364 I Lyric   : multicam_graph.cc:1366: number of video bokeh nodes connected to multicam routing node = 0
11-27 21:39:15.613  1372  2364 I Lyric   : multicam_graph.cc:1369: number of rectiface nodes connected to multicam routing node = 0
11-27 21:39:15.613  1372  2364 I Lyric   : multicam_graph.cc:1372: number of EIS nodes connected to multicam routing node = 0
11-27 21:39:15.614  1372  2364 I Lyric   : whi_like_isp_back_end_core_subgraph.cc:197: RawToYuvNode(Front) output size: {width: 1600, height: 1200}
11-27 21:39:15.614  1372  2364 I Lyric   : multicam_node.cc:2382: Multicam 3A voting interface enabled: 0
11-27 21:39:15.614  1372  2364 I Lyric   : multicam_controller_base.cc:1253: FOV transition participant camera: Front (id: 7)
11-27 21:39:15.614  1372  2364 I Lyric   : multicam_controller_base.cc:1553: There is only one camera Front participant, make a static vote for lead role
11-27 21:39:15.614  1372  2364 W Lyric   : multicam_defs.h:612: Can't found CameraFov for 
11-27 21:39:15.614  1372  2364 I Lyric   : multicam_controller_base.cc:1405: Lead camera is not locked. System property value: 
11-27 21:39:15.614  1372  2364 I Lyric   : multicam_controller_base.cc:1365: Allocated context: 0xb4000075498d16f0 for logical camera: FrontMultiFov, enable 3a overwrite: 0, enable FTR: 0, enable device state transition: 0, enable tele in pip: 0, max active camera number: 1
11-27 21:39:15.614  1372  2364 I Lyric   : multicam_profiler.cc:85: Created multicam profiler with profiling mode: 1, latency threshold: 5ms
11-27 21:39:15.614  1372  2364 I Lyric   : multicam_node.cc:941: Max number of fe inflight request: 3
11-27 21:39:15.614  1372  2364 I Lyric   : camera_device_session_manager_base.cc:616: Successfully constructed graph: top_graph_for_camera_FrontMultiFov, graph class: MulticamGraph, graph_configuration:
11-27 21:39:15.614  1372  2364 I Lyric   : graph_configuration.cc:374: {type: Streaminfo, stream_id: 0, camera_id: Front, format: YCBCR_420_888, width: 1600, height: 1200, usage: [Protected], stream_type: Output, use_case: Default, data_space: DataSpace(Color)::(Standard: BT601_625, Transfer: SMPTE_170M, Range: Full), is_framework_physical_stream: 1, dynamic_range_profile: Standard, intended_for_max_resolution_mode: 0, group_id: -1, is_tunable: 1}
11-27 21:39:15.614  1372  2364 I Lyric   : graph_configuration.cc:377: {type: StreamConfigurationMode, Front: Normal}
11-27 21:39:15.614  1372  2364 I Lyric   : camera_performance_analyzer.cc:31: [CPA] CPA-Lite is enabled.
11-27 21:39:15.614  1372  2364 I Lyric   : graph_runner_deferring_work_queue.cc:321: GraphRunner: Using GraphRunnerDeferringWorkQueue
11-27 21:39:15.614  1372  2364 I Lyric   : graph_runner_deferring_work_queue.cc:323: Thread pool config , Input Priority: Realtime, affinity: Auto, process group: CameraServicePerformance, # of threads: 6
11-27 21:39:15.614  1372  2364 I Lyric   : graph_runner_deferring_work_queue.cc:323: Thread pool config , Input Priority: High, affinity: Auto, process group: CameraServicePerformance, # of threads: 3
11-27 21:39:15.614  1372  2364 I Lyric   : graph_runner_deferring_work_queue.cc:323: Thread pool config , Input Priority: Normal, affinity: Auto, process group: CameraServicePerformance, # of threads: 3
11-27 21:39:15.614  1372  2364 I Lyric   : graph_runner_deferring_work_queue.cc:389: Initializing deferring work queue RunnerR:P+:A with: wake threshold: 0; soft maximum: 6; underlying queue: fifo
11-27 21:39:15.614  1372  2364 I Lyric   : graph_runner_deferring_work_queue.cc:389: Initializing deferring work queue RunnerH:P+:A with: wake threshold: 0; soft maximum: 3; underlying queue: fifo
11-27 21:39:15.614  1372  2364 I Lyric   : graph_runner_deferring_work_queue.cc:389: Initializing deferring work queue RunnerN:P+:A with: wake threshold: 0; soft maximum: 3; underlying queue: fifo
11-27 21:39:15.614  1372  2364 I Lyric   : camera_device_session_manager_base.cc:719: CameraMode: 12
11-27 21:39:15.614  1372  2364 I Lyric   : camera_device_session_manager_base.cc:973: Attempting to start graph:top_graph_for_camera_FrontMultiFov
11-27 21:39:15.614  1372  2364 I Lyric   : processing_graph.cc:274: Starting nodes based on DEFAULT
11-27 21:39:15.614  1372  2364 I Lyric   : camera_device_session_manager_base.cc:977: Successfully started graph:top_graph_for_camera_FrontMultiFov
11-27 21:39:15.614  1372  2288 I Lyric   : direct_channel_motion_sensor_data_streamer.cc:467: gravity direct channel created.
11-27 21:39:15.615  1372 17832 I Lyric   : lyric_basic_capture_session.cc:95: LyricBasicCaptureSession created
11-27 21:39:15.615  1372  1809 I Lyric   : sensor_node.cc:489: cam7_sensor SensorNode starting for sensor: TAOTIEFRONT, camera: Front
11-27 21:39:15.615  1372  1809 I Lyric   : unified_zuma_front_end_controller.cc:1067: LMP DDS crop enabled: false, AutoCal crop enabled: false, YUV to framework enabled: false
11-27 21:39:15.615  1372  1809 I Lyric   : unified_zuma_front_end_controller.cc:1116: [CAM7] Ready to acquire driver context for sensor TAOTIEFRONT, mode_index 5, csi-ch 6, at (3840x2736). With a normal lens at front position.
11-27 21:39:15.615  1372  1809 I Lyric   : zuma_fe_driver.cc:948: Power Context acquired in FE driver.
11-27 21:39:15.615  1372  1809 I Lyric   : zuma_fe_driver.cc:1101: [ISPFE] Enabling the device
11-27 21:39:15.617  1372 17832 I Lyric   : multicam_node.cc:2684: ********************dpm: put camera: 7 on NORMAL, frame number: 0, zoom ratio: 1.00 ********************
11-27 21:39:15.617  1372 17832 I Lyric   : multicam_node.cc:2866: ******************** new lead: camera: 7(FrontWide), frame number: 0, zoom ratio: 1.00 *******************
11-27 21:39:15.617  1372 17832 I Lyric   : camera_powerhal_impl.cc:187: SetPowerBoost Trigger CAMERA_LAUNCH_EXTENDED for 2000ms
11-27 21:39:15.617  1372 17832 I Lyric   : multicam_node.cc:1695: ====== Multicam status update ======
11-27 21:39:15.617  1372 17832 I Lyric   : multicam_node.cc:1696: Frame number: 0, Lead cam: 7, Zoom ratio: 1.00, APP requested streams:  [0(GCH/Lyric), 7]
11-27 21:39:15.617  1372 17832 I Lyric   : multicam_node.cc:1703: cam: 7, dpm_mode: Normal, activation_flags: None
11-27 21:39:15.617  1372  1805 I Lyric   : sensor_generic_driver.cc:628: TAOTIEFRONT init success.
