11-27 21:39:21.718  4920  5155 D UE      : [2025.11.27-21.39.21:718][ 89]LogAndroid: ***** Cached WindowRect 616, 1280 (1)
11-27 21:39:21.719  1373  1408 D CHRE    : @ 558511.992: Parsed nanoapp message from host: app ID 0x476f6f676c00103b endpoint 0x8005 msgType 1 payload size 7
11-27 21:39:21.726  4920  5154 D UE      : [2025.11.27-21.39.21:726][ 90]LogAndroid: Touch Screen state changed to Valid, DeviceId = 3
11-27 21:39:21.726  4920  5154 D UE      : [2025.11.27-21.39.21:726][ 90]LogAndroid: ===== Dump Input Devices =====
11-27 21:39:21.726  4920  5154 D UE      : [2025.11.27-21.39.21:726][ 90]LogAndroid: DeviceInfo, DeviceId = 003, Type = 1, State = 3, IsExternal = 0, InputDeviceId = 00, UserId = 00, Name = synaptics_tcm_touch
11-27 21:39:21.726  4920  5154 D UE      : [2025.11.27-21.39.21:726][ 90]LogAndroid: ---
11-27 21:39:21.726  4920  5154 D UE      : [2025.11.27-21.39.21:726][ 90]LogAndroid: ---
11-27 21:39:21.726  4920  5154 D UE      : [2025.11.27-21.39.21:726][ 90]LogAndroid: ==============================
11-27 21:39:21.736  1612  1612 D AOC     : A3:MSG: usf_vsc_log.cc, 54: USF: [WO] Gyro finds rotation while in swing_time check
11-27 21:39:21.774  1612  1612 D AOC     : A3:MSG: usf_vsc_log.cc, 54: USF: [WO] Gyro finds rotation while in swing_time check
11-27 21:39:21.802  2937  2938 I deeptouch: I0000 00:00:1764279561.802775    2938 tf_lite_classifier.cc:413] Event stream classified as kNone
11-27 21:39:21.804  1373  1408 D CHRE    : @ 558512.079: Parsed nanoapp message from host: app ID 0x476f6f676c00103b endpoint 0x8005 msgType 1 payload size 5
11-27 21:39:21.812  4920  5154 D UE      : [2025.11.27-21.39.21:812][ 96]LogGoogleARCore: Start ARCore session requested.
11-27 21:39:21.813  4920  5154 D UE      : [2025.11.27-21.39.21:813][ 96]LogGoogleARCore: Display: ARCore session using Vulkan.
11-27 21:39:21.813  4920  5154 D UE      : [2025.11.27-21.39.21:813][ 96]LogGoogleARCore: Pausing ARCore session.
11-27 21:39:21.813  4920  5154 D UE      : [2025.11.27-21.39.21:813][ 96]LogGoogleARCore: Could not stop ARCore tracking session because there is no running tracking session!
11-27 21:39:21.814  1612  1612 D AOC     : A3:MSG: usf_vsc_log.cc, 54: USF: [WO] Gyro finds rotation while in swing_time check
11-27 21:39:21.830  1821  2467 D ActivityManager: sync unfroze 7515 com.google.ar.core for 7
11-27 21:39:21.841  1821  2894 D BackgroundInstallControlService: Package event received: 0
11-27 21:39:21.861  7515 12097 I native  : I0000 00:00:1764279561.861080   12097 device_profile_database_helpers.cc:576] Found nothing for JsuBTC
11-27 21:39:21.861  7515 12097 I native  : I0000 00:00:1764279561.861706   12097 device_profile_database_helpers.cc:576] Found nothing for caiman/caiman
11-27 21:39:21.861  7515 12097 I native  : I0000 00:00:1764279561.861769   12097 device_profile_database_helpers.cc:563] Considering YlnOLD:14
11-27 21:39:21.861  7515 12097 I native  : I0000 00:00:1764279561.861828   12097 device_profile_database_helpers.cc:522] Device profile for google/caiman/caiman:16/BP3A.251105.015/14339231:user/release-keys: YlnOLD:14
11-27 21:39:21.871  4920  5154 D UE      : [2025.11.27-21.39.21:871][ 97]LogAndroidPermission: UAndroidPermissionFunctionLibrary::CheckPermission android.permission.CAMERA (Android)
11-27 21:39:21.871  4920  5154 E PermissionHelper: GVRTransition2DActivity.getActivity() failed. Trying to get GameActivity.
11-27 21:39:21.872  4920  5154 D PermissionHelper: checkPermission: android.permission.CAMERA has granted
11-27 21:39:21.872  4920  5154 I third_party/arcore/ar/core/android/sdk/session_create.cc: Entering ArSession_create
11-27 21:39:21.872  4920  5154 I third_party/arcore/ar/core/android/sdk/session_create.cc: ARCore Version: SDK build name: 1.48
11-27 21:39:21.877  4920  5154 I third_party/arcore/ar/core/android/sdk/session_create.cc: ARCore Version: APK version code: 252580493
11-27 21:39:21.887  4920  5154 W com.PK.ER: Loading /data/app/~~N6D1x6g10jLiRtvg_Tsx5Q==/com.google.ar.core-fU9z_jk6CW6vht7LiTZQXA==/oat/arm64/base.odex non-executable as it requires an image which we failed to load
11-27 21:39:21.889  4920  5154 W com.PK.ER: Failed to find entry 'classes.dex': Entry not found
11-27 21:39:21.890  4920  5154 W com.PK.ER: Failed to find entry 'classes.dex': Entry not found
11-27 21:39:21.891  4920  5154 W com.PK.ER: Failed to find entry 'classes.dex': Entry not found
11-27 21:39:21.891  4920  5154 W com.PK.ER: Failed to find entry 'classes.dex': Entry not found
11-27 21:39:21.891  4920  5154 W com.PK.ER: Failed to find entry 'classes.dex': Entry not found
11-27 21:39:21.892  4920  5154 W com.PK.ER: Failed to find entry 'classes.dex': Entry not found
11-27 21:39:21.892  4920  5154 W com.PK.ER: Failed to find entry 'classes.dex': Entry not found
11-27 21:39:21.894  4920  5154 D nativeloader: Configuring clns-10 for other apk /data/app/~~N6D1x6g10jLiRtvg_Tsx5Q==/com.google.ar.core-fU9z_jk6CW6vht7LiTZQXA==/base.apk:/data/app/~~N6D1x6g10jLiRtvg_Tsx5Q==/com.google.ar.core-fU9z_jk6CW6vht7LiTZQXA==/split_augmented_face_improved_lip_eye.apk:/data/app/~~N6D1x6g10jLiRtvg_Tsx5Q==/com.google.ar.core-fU9z_jk6CW6vht7LiTZQXA==/split_config.en.apk:/data/app/~~N6D1x6g10jLiRtvg_Tsx5Q==/com.google.ar.core-fU9z_jk6CW6vht7LiTZQXA==/split_config.xxhdpi.apk:/data/app/~~N6D1x6g10jLiRtvg_Tsx5Q==/com.google.ar.core-fU9z_jk6CW6vht7LiTZQXA==/split_deep_io.apk:/data/app/~~N6D1x6g10jLiRtvg_Tsx5Q==/com.google.ar.core-fU9z_jk6CW6vht7LiTZQXA==/split_face_mesh_ultralite.apk:/data/app/~~N6D1x6g10jLiRtvg_Tsx5Q==/com.google.ar.core-fU9z_jk6CW6vht7LiTZQXA==/split_normal_net.apk:/data/app/~~N6D1x6g10jLiRtvg_Tsx5Q==/com.google.ar.core-fU9z_jk6CW6vht7LiTZQXA==/split_semantic_segmentation.apk. target_sdk_version=36, uses_libraries=libedgetpu_util.so:libedgetpu_client.google.so, library_path=/data/app/~~N6D1x6g10jLiRtvg_Tsx5Q==/com.goog
11-27 21:39:21.900  4920  5154 I third_party/arcore/ar/core/android/sdk/session_create.cc: Dynamite load ok.
11-27 21:39:21.900  4920  5154 I third_party/arcore/java/com/google/vr/dynamite/client/native/dynamite_client.cc: Attempting to load native library arcore_c from package com.google.ar.core
11-27 21:39:21.930  4920  5154 D nativeloader: Load /data/app/~~N6D1x6g10jLiRtvg_Tsx5Q==/com.google.ar.core-fU9z_jk6CW6vht7LiTZQXA==/base.apk!/lib/arm64-v8a/libarcore_c.so using class loader ns clns-10 (caller=/data/app/~~N6D1x6g10jLiRtvg_Tsx5Q==/com.google.ar.core-fU9z_jk6CW6vht7LiTZQXA==/base.apk): ok
11-27 21:39:21.931  4920  5154 I third_party/arcore/java/com/google/vr/dynamite/client/native/dynamite_client.cc: Dynamite::LoadNativeRemoteLibrary handle=118097037331584593
11-27 21:39:21.932  4920  5154 I third_party/arcore/ar/core/android/sdk/session_create.cc: ARCore SDK: dynamite number_of_symbols_loaded=317
11-27 21:39:21.932  4920  5154 I native  : I0000 00:00:1764279561.932521    5154 session_create_implementation.cc:263] Entering createImplementationWithFeaturesAndSettings. ARCore SDK version: [1.48.250210000].
11-27 21:39:21.941 17724 17724 I pixel-thermal: Power data LPM_ACTIVE_RAILS_TRANS is under collecting
11-27 21:39:21.941 17724 17724 I pixel-thermal: ShutdownModePowerTrans data is under collecting
11-27 21:39:21.941 17724 17724 I pixel-thermal: Thermal sensor ShutdownModePowerTrans is under collecting
11-27 21:39:21.941 17724 17724 I pixel-thermal: Power data LPM_ACTIVE_RAILS_STEADY is under collecting
11-27 21:39:21.941 17724 17724 I pixel-thermal: ShutdownModePowerSteady data is under collecting
11-27 21:39:21.941 17724 17724 I pixel-thermal: Thermal sensor ShutdownModePowerSteady is under collecting
11-27 21:39:21.941 17724 17724 I pixel-thermal: VIRTUAL-SKIN:25.2429 raw data: VIRTUAL-SKIN:25242.9 
11-27 21:39:21.942  4920  5154 I native  : I0000 00:00:1764279561.942350    5154 session_create_implementation.cc:224] AugmentedRegion downsample mode from Phenotype: true
11-27 21:39:21.946  4920  5919 V third_party/redwood/infrastructure/jni_common/jni_helper.cc: JniHelper: attached thread (Called from line 368).
11-27 21:39:21.947  7515 12097 W ARCore-ContentProvider: No usable local profile
11-27 21:39:21.950  7515 12097 I native  : I0000 00:00:1764279561.950007   12097 device_profile_database_helpers.cc:576] Found nothing for JsuBTC
11-27 21:39:21.950  7515 12097 I native  : I0000 00:00:1764279561.950204   12097 device_profile_database_helpers.cc:576] Found nothing for caiman/caiman
11-27 21:39:21.950  7515 12097 I native  : I0000 00:00:1764279561.950251   12097 device_profile_database_helpers.cc:563] Considering YlnOLD:14
11-27 21:39:21.950  7515 12097 I native  : I0000 00:00:1764279561.950296   12097 device_profile_database_helpers.cc:522] Device profile for google/caiman/caiman:16/BP3A.251105.015/14339231:user/release-keys: YlnOLD:14
11-27 21:39:21.952  7515 12097 W native  : W0000 00:00:1764279561.952262   12097 helpers.cc:4698] Defaulting to persistent calibration file.
11-27 21:39:21.952  7515 12097 W native  : W0000 00:00:1764279561.952392   12097 helpers.cc:4675] Property calibration_cad is not defined.
11-27 21:39:21.955  4920  5154 I native  : I0000 00:00:1764279561.955056    5154 session_create_implementation_shared.cc:2545] min_apk_version_code is: 250210000, phenotype flag of enable_dual_camera_support is: false, phenotype flag of unified_data_source_status is: 2, is_dual_camera_supported based on device profile is: false
11-27 21:39:21.955  4920  5154 I native  : I0000 00:00:1764279561.955128    5154 session_create_implementation_shared.cc:2556] Settings.camera_stack_option is not specified
11-27 21:39:21.955  4920  5154 I native  : I0000 00:00:1764279561.955138    5154 session_create_implementation_shared.cc:2629] Datasource will be created with camera_stack_option = kUnifiedMono
11-27 21:39:21.955  4920  5154 I native  : I0000 00:00:1764279561.955153    5154 android_camera.cc:176] Camera start operation timeout set to 4000 ms.
11-27 21:39:21.955  4920  5154 E ACameraManager: getCurrentDeviceId: Failed to call getDeviceIdsForUid to determine device id for uid 10367: No error
11-27 21:39:21.955  4920  5154 I native  : I0000 00:00:1764279561.955553    5154 android_camera.cc:1846] Initializing camera manager.
11-27 21:39:21.956  1563 18007 I AttributionAndPermissionUtils: checkPermission (forDataDelivery 0 startDataDelivery 0): Permission hard denied for client attribution [uid 10367, pid 4920, packageName "<unknown>"]
11-27 21:39:21.959  4920  5154 E ACameraManager: getCurrentDeviceId: Failed to call getDeviceIdsForUid to determine device id for uid 10367: No error
11-27 21:39:21.961  4920  5154 E ACameraManager: getCurrentDeviceId: Failed to call getDeviceIdsForUid to determine device id for uid 10367: No error
11-27 21:39:21.962  4920  5154 I native  : I0000 00:00:1764279561.962223    5154 android_camera.cc:1882] Camera manager initialized successfully with 2 cameras.
11-27 21:39:21.962  4920  5154 I native  : I0000 00:00:1764279561.962390    5154 android_camera.cc:779] [Camera=1; State=CLOSED] Reset cleanly got to CLOSED state.
11-27 21:39:21.963  4920  5154 I native  : I0000 00:00:1764279561.963228    5154 android_camera.cc:779] [Camera=0; State=CLOSED] Reset cleanly got to CLOSED state.
11-27 21:39:21.964  4920  5154 I native  : I0000 00:00:1764279561.964424    5154 session_create_implementation_shared.cc:2728] Persistent online recalibration is enabled by Phenotype.
11-27 21:39:21.966  4920  5154 I tflite  : Initialized TensorFlow Lite runtime.
11-27 21:39:21.967  4920  5154 W libc    : Access denied finding property "ro.mediatek.platform"
11-27 21:39:21.967  4920  5154 W libc    : Access denied finding property "ro.chipname"
11-27 21:39:21.967  4920  5154 W libc    : Access denied finding property "ro.hardware.chipname"
11-27 21:39:21.969  4920  5154 I tflite  : Created TensorFlow Lite XNNPACK delegate for CPU.
11-27 21:39:21.969  4920  5154 I tflite  : Replacing 2 out of 2 node(s) with delegate (TfLiteXNNPackDelegate) node, yielding 1 partitions for subgraph 0.
11-27 21:39:21.969  4920  5154 I native  : I0000 00:00:1764279561.969758    5154 online_calibration_manager.cc:109] OnlineCalibrationManager: Read online recalibration file successfully.
11-27 21:39:21.988  1821  2894 D BackgroundInstallControlService: Package event received: 0
11-27 21:39:21.992 29817 29817 D BoundBrokerSvc: onBind: Intent { act=com.google.android.gms.auth.service.START xflg=0x4 pkg=com.google.android.gms }
11-27 21:39:21.992 29817 29817 D BoundBrokerSvc: Loading bound service for intent: Intent { act=com.google.android.gms.auth.service.START xflg=0x4 pkg=com.google.android.gms }
11-27 21:39:21.993  4920  5154 W ARCore-ContextUtils: The API key for use with the Google AR service could not be obtained!
11-27 21:39:22.005  4920  5933 D UE      : [2025.11.27-21.39.22:005][ 97]LogTcpMessaging: Started Connection to '127.0.0.1:44785'
11-27 21:39:22.005  1821  2894 D BackgroundInstallControlService: Package event received: 0
11-27 21:39:22.006  4920  5933 D UE      : [2025.11.27-21.39.22:006][ 97]LogTcpMessaging: Discovered node '5F5E1FD64B61BD5EA6A6DCBDF8DD6CC8' on connection '127.0.0.1:44785'...
11-27 21:39:22.011  4920  5154 I native  : I0000 00:00:1764279562.011866    5154 session_create_implementation_shared.cc:1315] semantic_segmentation enabled
11-27 21:39:22.019  4920  5154 I CameraManagerGlobal: Connecting to camera service
11-27 21:39:22.021  1563 18007 I AttributionAndPermissionUtils: checkPermission (forDataDelivery 0 startDataDelivery 0): Permission hard denied for client attribution [uid 10367, pid 4920, packageName "<unknown>"]
11-27 21:39:22.043  4920  5154 D nativeloader: Load /data/app/~~N6D1x6g10jLiRtvg_Tsx5Q==/com.google.ar.core-fU9z_jk6CW6vht7LiTZQXA==/base.apk!/lib/arm64-v8a/libhardware_buffer_stream_jni.so using class loader ns clns-10 (caller=/data/app/~~N6D1x6g10jLiRtvg_Tsx5Q==/com.google.ar.core-fU9z_jk6CW6vht7LiTZQXA==/base.apk): ok
11-27 21:39:22.052  4920  5154 I native  : I0000 00:00:1764279562.052645    5154 session_create_implementation_shared.cc:1618] ARCore feature image_prevent_callback_during_stop is: = false
11-27 21:39:22.054  4920  5154 I native  : I0000 00:00:1764279562.054714    5154 android_sensors.cc:129] static sensor with name: Dynamic Sensor Manager, type: 32
11-27 21:39:22.054  4920  5154 I native  : I0000 00:00:1764279562.054816    5154 android_sensors.cc:129] static sensor with name: ICM45631 Accelerometer, type: 1
11-27 21:39:22.054  4920  5154 I native  : I0000 00:00:1764279562.054831    5154 android_sensors.cc:129] static sensor with name: MMC5616 Magnetometer, type: 2
11-27 21:39:22.054  4920  5154 I native  : I0000 00:00:1764279562.054839    5154 android_sensors.cc:129] static sensor with name: Orientation Sensor, type: 3
11-27 21:39:22.054  4920  5154 I native  : I0000 00:00:1764279562.054848    5154 android_sensors.cc:129] static sensor with name: ICM45631 Gyroscope, type: 4
11-27 21:39:22.054  4920  5154 I native  : I0000 00:00:1764279562.054855    5154 android_sensors.cc:129] static sensor with name: TMD3733 Ambient Light, type: 5
11-27 21:39:22.054  4920  5154 I native  : I0000 00:00:1764279562.054861    5154 android_sensors.cc:129] static sensor with name: ICP20100 Pressure Sensor, type: 6
11-27 21:39:22.054  4920  5154 I native  : I0000 00:00:1764279562.054869    5154 android_sensors.cc:129] static sensor with name: TMD3733 Proximity (wake-up), type: 8
11-27 21:39:22.054  4920  5154 I native  : I0000 00:00:1764279562.054875    5154 android_sensors.cc:129] static sensor with name: Gravity Sensor, type: 9
11-27 21:39:22.054  4920  5154 I native  : I0000 00:00:1764279562.054881    5154 android_sensors.cc:129] static sensor with name: Linear Acceleration Sensor, type: 10
11-27 21:39:22.054  4920  5154 I native  : I0000 00:00:1764279562.054890    5154 android_sensors.cc:129] static sensor with name: Rotation Vector Sensor, type: 11
11-27 21:39:22.054  4920  5154 I native  : I0000 00:00:1764279562.054898    5154 android_sensors.cc:129] static sensor with name: MMC5616 Magnetometer-Uncalibrated, type: 14
11-27 21:39:22.054  4920  5154 I native  : I0000 00:00:1764279562.054908    5154 android_sensors.cc:129] static sensor with name: Game Rotation Vector Sensor, type: 15
11-27 21:39:22.054  4920  5154 I native  : I0000 00:00:1764279562.054916    5154 android_sensors.cc:129] static sensor with name: ICM45631 Gyroscope-Uncalibrated, type: 16
11-27 21:39:22.054  4920  5154 I native  : I0000 00:00:1764279562.054922    5154 android_sensors.cc:129] static sensor with name: Significant Motion (wake-up), type: 17
11-27 21:39:22.054  4920  5154 I native  : I0000 00:00:1764279562.054930    5154 android_sensors.cc:129] static sensor with name: Step Detector, type: 18
11-27 21:39:22.054  4920  5154 I native  : I0000 00:00:1764279562.054936    5154 android_sensors.cc:129] static sensor with name: Step Counter, type: 19
11-27 21:39:22.054  4920  5154 I native  : I0000 00:00:1764279562.054949    5154 android_sensors.cc:129] static sensor with name: Geomagnetic Rotation Vector Sensor, type: 20
11-27 21:39:22.054  4920  5154 I native  : I0000 00:00:1764279562.054956    5154 android_sensors.cc:129] static sensor with name: Tilt Sensor (wake-up), type: 22
11-27 21:39:22.054  4920  5154 I native  : I0000 00:00:1764279562.054962    5154 android_sensors.cc:129] static sensor with name: Lift to Wake Sensor (wake-up), type: 25
11-27 21:39:22.054  4920  5154 I native  : I0000 00:00:1764279562.054969    5154 android_sensors.cc:129] static sensor with name: Device Orientation, type: 27
11-27 21:39:22.054  4920  5154 I native  : I0000 00:00:1764279562.054975    5154 android_sensors.cc:129] static sensor with name: ICM45631 Accelerometer-Uncalibrated, type: 35
11-27 21:39:22.054  4920  5154 I native  : I0000 00:00:1764279562.054982    5154 android_sensors.cc:129] static sensor with name: ICM45631 Temperature, type: 65538
11-27 21:39:22.054  4920  5154 I native  : I0000 00:00:1764279562.054989    5154 android_sensors.cc:129] static sensor with name: ICP20100 Temperature, type: 65539
11-27 21:39:22.054  4920  5154 I native  : I0000 00:00:1764279562.054995    5154 android_sensors.cc:129] static sensor with name: Camera V-Sync 0, type: 65541
11-27 21:39:22.055  4920  5154 I native  : I0000 00:00:1764279562.055000    5154 android_sensors.cc:129] static sensor with name: Camera V-Sync 1, type: 65541
11-27 21:39:22.055  4920  5154 I native  : I0000 00:00:1764279562.055006    5154 android_sensors.cc:129] static sensor with name: Camera V-Sync 2, type: 65541
11-27 21:39:22.055  4920  5154 I native  : I0000 00:00:1764279562.055012    5154 android_sensors.cc:129] static sensor with name: Camera V-Sync 3, type: 65541
11-27 21:39:22.055  4920  5154 I native  : I0000 00:00:1764279562.055018    5154 android_sensors.cc:129] static sensor with name: VD6282 Rear Light Sensor, type: 65545
11-27 21:39:22.055  4920  5154 I native  : I0000 00:00:1764279562.055026    5154 android_sensors.cc:129] static sensor with name: Double Twist (wake-up), type: 131073
11-27 21:39:22.055  4920  5154 I native  : I0000 00:00:1764279562.055031    5154 android_sensors.cc:129] static sensor with name: Binned Brightness (wake-up), type: 131077
11-27 21:39:22.055  4920  5154 I native  : I0000 00:00:1764279562.055037    5154 android_sensors.cc:129] static sensor with name: Proximity Gated Single Tap Gesture (wake-up), type: 131083
11-27 21:39:22.055  4920  5154 I native  : I0000 00:00:1764279562.055043    5154 android_sensors.cc:129] static sensor with name: Proximity Gated Long Press Gesture (wake-up), type: 131085
11-27 21:39:22.055  4920  5154 I native  : I0000 00:00:1764279562.055049    5154 android_sensors.cc:129] static sensor with name: Quick Pickup Sensor (wake-up), type: 131087
11-27 21:39:22.055  4920  5154 I native  : I0000 00:00:1764279562.055055    5154 android_sensors.cc:129] static sensor with name: Auto Brightness, type: 131088
11-27 21:39:22.055  4920  5154 I native  : I0000 00:00:1764279562.055061    5154 android_sensors.cc:129] static sensor with name: MLX90632 FIR Temperature, type: 131089
11-27 21:39:22.055  4920  5154 I native  : I0000 00:00:1764279562.055066    5154 android_sensors.cc:129] static sensor with name: MLX90632 FIR Extended Temperature, type: 131090
11-27 21:39:22.055  4920  5154 I native  : I0000 00:00:1764279562.055072    5154 android_sensors.cc:129] static sensor with name: AAD Proximity Sensor (wake-up), type: 131091
11-27 21:39:22.055  4920  5154 I native  : I0000 00:00:1764279562.055079    5154 android_sensors.cc:129] static sensor with name: Proximity(Voice Calls) Sensor (wake-up), type: 131092
11-27 21:39:22.055  4920  5154 I native  : I0000 00:00:1764279562.055289    5154 android_sensors.cc:262] Using uncalibrated accelerometer.
11-27 21:39:22.055  4920  5154 I native  : I0000 00:00:1764279562.055324    5154 android_sensors.cc:282] Uncalibrated magnetometer available.
11-27 21:39:22.055  4920  5154 I native  : I0000 00:00:1764279562.055334    5154 android_sensors.cc:290] Calibrated magnetometer available.
11-27 21:39:22.055  4920  5154 I native  : I0000 00:00:1764279562.055348    5154 android_sensors.cc:305] Using SENSOR_TYPE_LIGHT
11-27 21:39:22.055  4920  5154 I native  : I0000 00:00:1764279562.055360    5154 android_sensors.cc:305] Using SENSOR_TYPE_PRESSURE
11-27 21:39:22.055  4920  5154 I native  : I0000 00:00:1764279562.055370    5154 android_sensors.cc:305] Using SENSOR_TYPE_PROXIMITY
11-27 21:39:22.055  4920  5154 I native  : I0000 00:00:1764279562.055378    5154 android_sensors.cc:305] Using SENSOR_TYPE_GRAVITY
11-27 21:39:22.055  4920  5154 I native  : I0000 00:00:1764279562.055386    5154 android_sensors.cc:305] Using SENSOR_TYPE_ROTATION_VECTOR
11-27 21:39:22.055  4920  5154 I native  : I0000 00:00:1764279562.055396    5154 android_sensors.cc:305] Using SENSOR_TYPE_GAME_ROTATION_VECTOR
11-27 21:39:22.055  4920  5154 I native  : I0000 00:00:1764279562.055407    5154 android_sensors.cc:305] Using SENSOR_TYPE_GEOMAGNETIC_ROTATION_VECTOR
11-27 21:39:22.055  4920  5154 I native  : I0000 00:00:1764279562.055417    5154 android_sensors.cc:305] Using SENSOR_TYPE_STEP_DETECTOR
11-27 21:39:22.055  4920  5154 I native  : I0000 00:00:1764279562.055425    5154 android_sensors.cc:308] Could not find SENSOR_TYPE_HINGE_ANGLE
11-27 21:39:22.055  4920  5154 I native  : I0000 00:00:1764279562.055440    5154 android_sensors.cc:334] Found IMU temperature sensor.
11-27 21:39:22.056  4920  5154 I native  : I0000 00:00:1764279562.056077    5154 android_platform_checks.cc:206] IsZeroRotationLandscape = false
11-27 21:39:22.056  4920  5154 I native  : I0000 00:00:1764279562.056511    5154 app_version_util.cc:51] Package name: com.google.ar.core App version: 1.51.252580493
11-27 21:39:22.056  4920  5154 I native  : I0000 00:00:1764279562.056695    5154 logger.h:29] DataSourceMetrics: CamerasInit: 813ns
11-27 21:39:22.056  4920  5154 I native  : I0000 00:00:1764279562.056721    5154 session_create_implementation_shared.cc:1749] CPU Image enable frame delay to compensate delay: false
11-27 21:39:22.057  4920  5154 I native  : I0000 00:00:1764279562.057661    5154 session_create_implementation_shared.cc:867] Pixel 9/10 stationary detection using stronger zero velocity measurement.
11-27 21:39:22.060  4920  5154 I native  : I0000 00:00:1764279562.060283    5154 config_helpers.cc:441] IMU sigma values from data source are used
11-27 21:39:22.060  4920  5154 I native  : I0000 00:00:1764279562.060466    5154 deep_io.cc:106] Load deepIO config: deepio_v5_pb.uncompressed
11-27 21:39:22.060  4920  5154 I native  : I0000 00:00:1764279562.060631    5154 deep_io.cc:117] Load TFLite model: deepio_v5_tflite.uncompressed
11-27 21:39:22.063  4920  5154 I tflite  : Replacing 65 out of 83 node(s) with delegate (TfLiteXNNPackDelegate) node, yielding 19 partitions for subgraph 0.
11-27 21:39:22.068  4920  5154 I native  : I0000 00:00:1764279562.068296    5154 session_create_implementation_shared.cc:990] DeepIO release instantiated successfully.
11-27 21:39:22.068  4920  5154 I native  : I0000 00:00:1764279562.068572    5154 inertial_estimator.cc:102] DeepIO model id: 5
11-27 21:39:22.068  4920  5154 I native  : I0000 00:00:1764279562.068976    5154 motion_tracking_context_config_helpers.cc:909] [MTCC] MotionTrackingContextConfig Settings:
11-27 21:39:22.069  4920  5154 I native  : I0000 00:00:1764279562.069166    5154 motion_tracking_context_config_helpers.cc:913] [MTCC] DeviceMode: ARCore
11-27 21:39:22.069  4920  5154 I native  : I0000 00:00:1764279562.069182    5154 motion_tracking_context_config_helpers.cc:913] [MTCC] vio_estimator_options:
11-27 21:39:22.069  4920  5154 I native  : I0000 00:00:1764279562.069188    5154 motion_tracking_context_config_helpers.cc:913] [MTCC] vio-max_num_slam_landmarks: 15
11-27 21:39:22.069  4920  5154 I native  : I0000 00:00:1764279562.069195    5154 motion_tracking_context_config_helpers.cc:913] [MTCC] vio-max_num_keyframes: 5
11-27 21:39:22.069  4920  5154 I native  : I0000 00:00:1764279562.069200    5154 motion_tracking_context_config_helpers.cc:913] [MTCC] vio-pixel_noise_sigma_for_unmapped_landmarks: 0.8
11-27 21:39:22.069  4920  5154 I native  : I0000 00:00:1764279562.069205    5154 motion_tracking_context_config_helpers.cc:913] [MTCC] vio-max_unmapped_landmark_constraints: 51
11-27 21:39:22.069  4920  5154 I native  : I0000 00:00:1764279562.069210    5154 motion_tracking_context_config_helpers.cc:913] [MTCC] vio-max_total_visual_constraints: 102
11-27 21:39:22.069  4920  5154 I native  : I0000 00:00:1764279562.069214    5154 motion_tracking_context_config_helpers.cc:913] [MTCC] vio-sbr_mahalanobis_distance_threshold_factor: 1
11-27 21:39:22.069  4920  5154 I native  : I0000 00:00:1764279562.069218    5154 motion_tracking_context_config_helpers.cc:913] [MTCC] vio-mahalanobis_distance_upper_bound_approximation: 0
11-27 21:39:22.069  4920  5154 I native  : I0000 00:00:1764279562.069226    5154 motion_tracking_context_config_helpers.cc:913] [MTCC] vio-sbr_measurement_pixel_sigma_scale_factor: 1
11-27 21:39:22.069  4920  5154 I native  : I0000 00:00:1764279562.069231    5154 motion_tracking_context_config_helpers.cc:913] [MTCC] vio-camera_intrinsics_random_walk_variance: 0.001
11-27 21:39:22.069  4920  5154 I native  : I0000 00:00:1764279562.069237    5154 motion_tracking_context_config_helpers.cc:913] [MTCC] vio-use_simplified_noise_integration: 0
11-27 21:39:22.069  4920  5154 I native  : I0000 00:00:1764279562.069242    5154 motion_tracking_context_config_helpers.cc:913] [MTCC] vio-use_block_monitor_for_online_calibration: 0
11-27 21:39:22.069  4920  5154 I native  : I0000 00:00:1764279562.069248    5154 motion_tracking_context_config_helpers.cc:913] [MTCC] vio-initial_velocity_variance: 0.01
11-27 21:39:22.069  4920  5154 I native  : I0000 00:00:1764279562.069253    5154 motion_tracking_context_config_helpers.cc:913] [MTCC] vio-initial_roll_variance: 0.000685389
11-27 21:39:22.069  4920  5154 I native  : I0000 00:00:1764279562.069258    5154 motion_tracking_context_config_helpers.cc:913] [MTCC] vio-initial_pitch_variance: 0.000685389
11-27 21:39:22.069  4920  5154 I native  : I0000 00:00:1764279562.069263    5154 motion_tracking_context_config_helpers.cc:913] [MTCC] vio-gyro_noise_sigma: -1
11-27 21:39:22.069  4920  5154 I native  : I0000 00:00:1764279562.069268    5154 motion_tracking_context_config_helpers.cc:913] [MTCC] vio-gyro_bias_sigma: -1
11-27 21:39:22.069  4920  5154 I native  : I0000 00:00:1764279562.069273    5154 motion_tracking_context_config_helpers.cc:913] [MTCC] vio-accel_noise_sigma: -1
11-27 21:39:22.069  4920  5154 I native  : I0000 00:00:1764279562.069279    5154 motion_tracking_context_config_helpers.cc:913] [MTCC] vio-accel_bias_sigma: -1
11-27 21:39:22.069  4920  5154 I native  : I0000 00:00:1764279562.069284    5154 motion_tracking_context_config_helpers.cc:913] [MTCC] vio-output_vio_state_covariance: 1
11-27 21:39:22.069  4920  5154 I native  : I0000 00:00:1764279562.069289    5154 motion_tracking_context_config_helpers.cc:913] [MTCC] vio-disable_expected_features_hints: 0
11-27 21:39:22.069  4920  5154 I native  : I0000 00:00:1764279562.069293    5154 motion_tracking_context_config_helpers.cc:913] [MTCC] vio-max_consecutive_failed_inits_before_discarding_online_calibration: 7
11-27 21:39:22.069  4920  5154 I native  : I0000 00:00:1764279562.069303    5154 motion_tracking_context_config_helpers.cc:913] [MTCC] vio-discard_online_calibration_after_vio_fault: 0
11-27 21:39:22.069  4920  5154 I native  : I0000 00:00:1764279562.069310    5154 motion_tracking_context_config_helpers.cc:913] [MTCC] vio-max_dropout_duration_for_tracking_initialization: 400ms
11-27 21:39:22.069  4920  5154 I native  : I0000 00:00:1764279562.069315    5154 motion_tracking_context_config_helpers.cc:913] [MTCC] vio-initialization_solver_type: 0
11-27 21:39:22.069  4920  5154 I native  : I0000 00:00:1764279562.069319    5154 motion_tracking_context_config_helpers.cc:913] [MTCC] vio-use_inverse_depth_prioritizing_policy_for_slam_landmarks: 0
11-27 21:39:22.069  4920  5154 I native  : I0000 00:00:1764279562.069325    5154 motion_tracking_context_config_helpers.cc:913] [MTCC] mapping_options:
11-27 21:39:22.069  4920  5154 I native  : I0000 00:00:1764279562.069331    5154 motion_tracking_context_config_helpers.cc:913] [MTCC] map-enable_dsp: 0
11-27 21:39:22.069  4920  5154 I native  : I0000 00:00:1764279562.069341    5154 motion_tracking_context_config_helpers.cc:913] [MTCC] map-active_map_manager_mode: 0
11-27 21:39:22.069  4920  5154 I native  : I0000 00:00:1764279562.069346    5154 motion_tracking_context_config_helpers.cc:913] [MTCC] map-map_publish_keyframe_position_baseline_meter_squared_threshold: 0
11-27 21:39:22.069  4920  5154 I native  : I0000 00:00:1764279562.069356    5154 motion_tracking_context_config_helpers.cc:913] [MTCC] map-map_publish_keyframe_orientation_diff_rad_threshold: 0
11-27 21:39:22.069  4920  5154 I native  : I0000 00:00:1764279562.069361    5154 motion_tracking_context_config_helpers.cc:913] [MTCC] map-multi_map_process_mode: 2
11-27 21:39:22.069  4920  5154 I native  : I0000 00:00:1764279562.069367    5154 motion_tracking_context_config_helpers.cc:913] [MTCC] map-map_optimizer_type: 1
11-27 21:39:22.069  4920  5154 I native  : I0000 00:00:1764279562.069372    5154 motion_tracking_context_config_helpers.cc:913] [MTCC] map-enable_loop_closure: 1
11-27 21:39:22.069  4920  5154 I native  : I0000 00:00:1764279562.069377    5154 motion_tracking_context_config_helpers.cc:913] [MTCC] map-run_pgo_before_bundle_adjustment: 0
11-27 21:39:22.069  4920  5154 I native  : I0000 00:00:1764279562.069382    5154 motion_tracking_context_config_helpers.cc:913] [MTCC] map-pgo_number_of_temporal_edges: 2
11-27 21:39:22.069  4920  5154 I native  : I0000 00:00:1764279562.069389    5154 motion_tracking_context_config_helpers.cc:913] [MTCC] map-pgo_number_of_covisibility_edges: 0
11-27 21:39:22.069  4920  5154 I native  : I0000 00:00:1764279562.069394    5154 motion_tracking_context_config_helpers.cc:913] [MTCC] map-pgo_enable_mst_edges: 0
11-27 21:39:22.069  4920  5154 I native  : I0000 00:00:1764279562.069399    5154 motion_tracking_context_config_helpers.cc:913] [MTCC] map-loop_closure_max_keyframe_matches: 1
11-27 21:39:22.069  4920  5154 I native  : I0000 00:00:1764279562.069406    5154 motion_tracking_context_config_helpers.cc:913] [MTCC] map-loop_closure_query_delta_time_sec: 0.5
11-27 21:39:22.069  4920  5154 I native  : I0000 00:00:1764279562.069416    5154 motion_tracking_context_config_helpers.cc:913] [MTCC] map-loop_closure_query_every_nth_keyframe: -1
11-27 21:39:22.069  4920  5154 I native  : I0000 00:00:1764279562.069422    5154 motion_tracking_context_config_helpers.cc:913] [MTCC] map-loop_closure_keyframe_insert_every_nth: 1
11-27 21:39:22.069  4920  5154 I native  : I0000 00:00:1764279562.069428    5154 motion_tracking_context_config_helpers.cc:913] [MTCC] map-loop_closure_query_mode: 0
11-27 21:39:22.069  4920  5154 I native  : I0000 00:00:1764279562.069433    5154 motion_tracking_context_config_helpers.cc:913] [MTCC] map-min_landmark_observations: 5
11-27 21:39:22.069  4920  5154 I native  : I0000 00:00:1764279562.069440    5154 motion_tracking_context_config_helpers.cc:913] [MTCC] map-landmark_associator_reprojection_error_threshold: 10
11-27 21:39:22.069  4920  5154 I native  : I0000 00:00:1764279562.069447    5154 motion_tracking_context_config_helpers.cc:913] [MTCC] map-map_optimizer_triangulation_reprojection_error_threshold: 7.5
11-27 21:39:22.069  4920  5154 I native  : I0000 00:00:1764279562.069452    5154 motion_tracking_context_config_helpers.cc:913] [MTCC] map-map_marginalization_enable: 1
11-27 21:39:22.069  4920  5154 I native  : I0000 00:00:1764279562.069459    5154 motion_tracking_context_config_helpers.cc:913] [MTCC] map-map_marginalization_num_keyframes_to_marginalize: 20
11-27 21:39:22.069  4920  5154 I native  : I0000 00:00:1764279562.069464    5154 motion_tracking_context_config_helpers.cc:913] [MTCC] map-map_marginalization_num_keyframes_to_retain: 5
11-27 21:39:22.069  4920  5154 I native  : I0000 00:00:1764279562.069470    5154 motion_tracking_context_config_helpers.cc:913] [MTCC] map-map_marginalization_solver_type: 0
11-27 21:39:22.069  4920  5154 I native  : I0000 00:00:1764279562.069475    5154 motion_tracking_context_config_helpers.cc:913] [MTCC] map-add_keyframe_delta_time_seconds: 1
11-27 21:39:22.069  4920  5154 I native  : I0000 00:00:1764279562.069480    5154 motion_tracking_context_config_helpers.cc:913] [MTCC] map-add_keyframe_delta_rotation_degrees: 5
11-27 21:39:22.069  4920  5154 I native  : I0000 00:00:1764279562.069488    5154 motion_tracking_context_config_helpers.cc:913] [MTCC] map-add_keyframe_delta_translation_meters: 0.06
11-27 21:39:22.069  4920  5154 I native  : I0000 00:00:1764279562.069493    5154 motion_tracking_context_config_helpers.cc:913] [MTCC] map-add_keyframe_llc_percentage_threshold: 0.5
11-27 21:39:22.069  4920  5154 I native  : I0000 00:00:1764279562.069498    5154 motion_tracking_context_config_helpers.cc:913] [MTCC] map-add_keyframe_min_llc_match_threshold: 30
11-27 21:39:22.069  4920  5154 I native  : I0000 00:00:1764279562.069504    5154 motion_tracking_context_config_helpers.cc:913] [MTCC] map-enable_spatial_keyframing: 1
11-27 21:39:22.069  4920  5154 I native  : I0000 00:00:1764279562.069508    5154 motion_tracking_context_config_helpers.cc:913] [MTCC] map-estimate_camera_intrinsics_mode: 0
11-27 21:39:22.069  4920  5154 I native  : I0000 00:00:1764279562.069513    5154 motion_tracking_context_config_helpers.cc:913] [MTCC] map-estimate_imu_camera_extrinsics_mode: 0
11-27 21:39:22.069  4920  5154 I native  : I0000 00:00:1764279562.069517    5154 motion_tracking_context_config_helpers.cc:913] [MTCC] map-estimate_imu_intrinsics: 0
11-27 21:39:22.069  4920  5154 I native  : I0000 00:00:1764279562.069522    5154 motion_tracking_context_config_helpers.cc:913] [MTCC] map-use_prior_terms_in_calibration: 0
11-27 21:39:22.069  4920  5154 I native  : I0000 00:00:1764279562.069527    5154 motion_tracking_context_config_helpers.cc:913] [MTCC] map-use_motion_constraints: 1
11-27 21:39:22.069  4920  5154 I native  : I0000 00:00:1764279562.069532    5154 motion_tracking_context_config_helpers.cc:913] [MTCC] map-use_keyframe_freezing_strategy: 0
11-27 21:39:22.069  4920  5154 I native  : I0000 00:00:1764279562.069537    5154 motion_tracking_context_config_helpers.cc:913] [MTCC] map-use_visual_constraints_sparsification: 0
11-27 21:39:22.069  4920  5154 I native  : I0000 00:00:1764279562.069545    5154 motion_tracking_context_config_helpers.cc:913] [MTCC] map-visual_constraints_temporal_downsampling_rate: 1
11-27 21:39:22.069  4920  5154 I native  : I0000 00:00:1764279562.069551    5154 motion_tracking_context_config_helpers.cc:913] [MTCC] map-max_consecutive_skipped_online_solves: 5
11-27 21:39:22.069  4920  5154 I native  : I0000 00:00:1764279562.069556    5154 motion_tracking_context_config_helpers.cc:913] [MTCC] map-map_landmark_keypoint_pixel_sigma: 1.5
11-27 21:39:22.069  4920  5154 I native  : I0000 00:00:1764279562.069560    5154 motion_tracking_context_config_helpers.cc:913] [MTCC] map-remove_outlier_landmark_mode: 0
11-27 21:39:22.069  4920  5154 I native  : I0000 00:00:1764279562.069566    5154 motion_tracking_context_config_helpers.cc:913] [MTCC] map-remove_outlier_landmark_with_covariance_mode: 0
11-27 21:39:22.069  4920  5154 I native  : I0000 00:00:1764279562.069570    5154 motion_tracking_context_config_helpers.cc:913] [MTCC] map-landmark_outlier_rejection_threshold: 3
11-27 21:39:22.069  4920  5154 I native  : I0000 00:00:1764279562.069575    5154 motion_tracking_context_config_helpers.cc:913] [MTCC] map-visual_error_pixel_sigma_multiplier: 1.5
11-27 21:39:22.069  4920  5154 I native  : I0000 00:00:1764279562.069579    5154 motion_tracking_context_config_helpers.cc:913] [MTCC] map-visual_error_huber_loss_multiplier: 3
11-27 21:39:22.069  4920  5154 I native  : I0000 00:00:1764279562.069587    5154 motion_tracking_context_config_helpers.cc:913] [MTCC] map-zero_velocity_error_sigma: 0.1
11-27 21:39:22.069  4920  5154 I native  : I0000 00:00:1764279562.069594    5154 motion_tracking_context_config_helpers.cc:913] [MTCC] map-zero_velocity_error_huber_loss_multiplier: 3
11-27 21:39:22.069  4920  5154 I native  : I0000 00:00:1764279562.069599    5154 motion_tracking_context_config_helpers.cc:913] [MTCC] map-enable_keypoint_pruning: 1
11-27 21:39:22.069  4920  5154 I native  : I0000 00:00:1764279562.069605    5154 motion_tracking_context_config_helpers.cc:913] [MTCC] map-max_num_of_inactive_maps: 4
11-27 21:39:22.069  4920  5154 I native  : I0000 00:00:1764279562.069610    5154 motion_tracking_context_config_helpers.cc:913] [MTCC] map-keyframe_initialization_strategy: 0
11-27 21:39:22.069  4920  5154 I native  : I0000 00:00:1764279562.069615    5154 motion_tracking_context_config_helpers.cc:913] [MTCC] map-llc_search_type: 1
11-27 21:39:22.069  4920  5154 I native  : I0000 00:00:1764279562.069624    5154 motion_tracking_context_config_helpers.cc:913] [MTCC] map-llc_max_sq_distance_between_keyframes_for_covisibility_search: 100
11-27 21:39:22.069  4920  5154 I native  : I0000 00:00:1764279562.069629    5154 motion_tracking_context_config_helpers.cc:913] [MTCC] localization_options:
11-27 21:39:22.069  4920  5154 I native  : I0000 00:00:1764279562.069634    5154 motion_tracking_context_config_helpers.cc:913] [MTCC] tracking_mode: LiteConcurrentOdometryAndMapping
11-27 21:39:22.069  4920  5154 I native  : I0000 00:00:1764279562.069639    5154 motion_tracking_context_config_helpers.cc:913] [MTCC] multicamera_litecom: 0
11-27 21:39:22.069  4920  5154 I native  : I0000 00:00:1764279562.069645    5154 motion_tracking_context_config_helpers.cc:913] [MTCC] buffering_policy: 0
11-27 21:39:22.069  4920  5154 I native  : I0000 00:00:1764279562.069651    5154 motion_tracking_context_config_helpers.cc:913] [MTCC] time_sync_estimation_mode: 1
11-27 21:39:22.069  4920  5154 I native  : I0000 00:00:1764279562.069656    5154 motion_tracking_context_config_helpers.cc:913] [MTCC] camera_intrinsics_recalibration_mode: 1
11-27 21:39:22.069  4920  5154 I native  : I0000 00:00:1764279562.069661    5154 motion_tracking_context_config_helpers.cc:913] [MTCC] imu_intrinsics_recalibration_mode: 1
11-27 21:39:22.069  4920  5154 I native  : I0000 00:00:1764279562.069674    5154 motion_tracking_context_config_helpers.cc:913] [MTCC] extrinsics_recalibration_mode: 1
11-27 21:39:22.069  4920  5154 I native  : I0000 00:00:1764279562.069679    5154 motion_tracking_context_config_helpers.cc:913] [MTCC] inertial_tracking_policy: 2
11-27 21:39:22.069  4920  5154 I native  : I0000 00:00:1764279562.069688    5154 motion_tracking_context_config_helpers.cc:913] [MTCC] max_alignment_transforms: 4
11-27 21:39:22.069  4920  5154 I native  : I0000 00:00:1764279562.069694    5154 motion_tracking_context_config_helpers.cc:913] [MTCC] reset_world_if_no_vio: 1
11-27 21:39:22.069  4920  5154 I native  : I0000 00:00:1764279562.069699    5154 motion_tracking_context_config_helpers.cc:913] [MTCC] enable_stereo_matching: 0
11-27 21:39:22.069  4920  5154 I native  : I0000 00:00:1764279562.069705    5154 motion_tracking_context_config_helpers.cc:913] [MTCC] num_matching_threads: 1
11-27 21:39:22.069  4920  5154 I native  : I0000 00:00:1764279562.069711    5154 motion_tracking_context_config_helpers.cc:913] [MTCC] use_klt_track_stitching: 1
11-27 21:39:22.069  4920  5154 I native  : I0000 00:00:1764279562.069716    5154 motion_tracking_context_config_helpers.cc:913] [MTCC] use_patch_tracking_during_stationary: 0
11-27 21:39:22.069  4920  5154 I native  : I0000 00:00:1764279562.069722    5154 motion_tracking_context_config_helpers.cc:913] [MTCC] startup_ignore_selection_duration: 0
11-27 21:39:22.069  4920  5154 I native  : I0000 00:00:1764279562.069728    5154 motion_tracking_context_config_helpers.cc:913] [MTCC] enable_dsp_triangulator: 0
11-27 21:39:22.069  4920  5154 I native  : I0000 00:00:1764279562.069735    5154 motion_tracking_context_config_helpers.cc:913] [MTCC] max_valid_tracking_velocity: 6
11-27 21:39:22.069  4920  5154 I native  : I0000 00:00:1764279562.069741    5154 motion_tracking_context_config_helpers.cc:913] [MTCC] min_velocity_for_feature_filtering_based_verification: 0.5
11-27 21:39:22.069  4920  5154 I native  : I0000 00:00:1764279562.069747    5154 motion_tracking_context_config_helpers.cc:913] [MTCC] fault_detector_min_ransac_inlier_ratio: 0.15
11-27 21:39:22.069  4920  5154 I native  : I0000 00:00:1764279562.069752    5154 motion_tracking_context_config_helpers.cc:913] [MTCC] fault_detector_min_num_matches: 20
11-27 21:39:22.069  4920  5154 I native  : I0000 00:00:1764279562.069757    5154 motion_tracking_context_config_helpers.cc:913] [MTCC] fault_detector_max_accel_value_for_fault: 100
11-27 21:39:22.069  4920  5154 I native  : I0000 00:00:1764279562.069763    5154 motion_tracking_context_config_helpers.cc:913] [MTCC] fault_detector_no_valid_translation_from_ransac_duration: inf
11-27 21:39:22.069  4920  5154 I native  : I0000 00:00:1764279562.069768    5154 motion_tracking_context_config_helpers.cc:913] [MTCC] fault_detector_max_time_delta_between_feature_sets: 180ms
11-27 21:39:22.069  4920  5154 I native  : I0000 00:00:1764279562.069773    5154 motion_tracking_context_config_helpers.cc:913] [MTCC] linear_velocity_measurement_noise_sigma: 0
11-27 21:39:22.069  4920  5154 I native  : I0000 00:00:1764279562.069779    5154 motion_tracking_context_config_helpers.cc:913] [MTCC] imu_decimation_frequency_hz: 110
11-27 21:39:22.069  4920  5154 I native  : I0000 00:00:1764279562.069788    5154 motion_tracking_context_config_helpers.cc:913] [MTCC] imu_decimation_frequency_hz_for_other_modules: 90
11-27 21:39:22.069  4920  5154 I native  : I0000 00:00:1764279562.069793    5154 motion_tracking_context_config_helpers.cc:913] [MTCC] enable_moving_features_robustification: 1
11-27 21:39:22.069  4920  5154 I native  : I0000 00:00:1764279562.069800    5154 motion_tracking_context_config_helpers.cc:913] [MTCC] feature_matcher_sampson_pixel_error_threshold: 1.6
11-27 21:39:22.069  4920  5154 I native  : I0000 00:00:1764279562.069805    5154 motion_tracking_context_config_helpers.cc:913] [MTCC] stereo_sampson_pixel_error_threshold: 4.242
11-27 21:39:22.069  4920  5154 I native  : I0000 00:00:1764279562.069810    5154 motion_tracking_context_config_helpers.cc:913] [MTCC] zero_point_ransac_low_parallax_degree_threshold: 0.9
11-27 21:39:22.069  4920  5154 I native  : I0000 00:00:1764279562.069815    5154 motion_tracking_context_config_helpers.cc:913] [MTCC] enable_robust_initialization: 1
11-27 21:39:22.069  4920  5154 I native  : I0000 00:00:1764279562.069820    5154 motion_tracking_context_config_helpers.cc:913] [MTCC] enable_use_tof_plane_in_vio: 0
11-27 21:39:22.069  4920  5154 I native  : I0000 00:00:1764279562.069825    5154 motion_tracking_context_config_helpers.cc:913] [MTCC] enable_static_poses_constraints: 0
11-27 21:39:22.069  4920  5154 I native  : I0000 00:00:1764279562.069830    5154 motion_tracking_context_config_helpers.cc:913] [MTCC] static_poses_uses_imu_only: 0
11-27 21:39:22.069  4920  5154 I native  : I0000 00:00:1764279562.069835    5154 motion_tracking_context_config_helpers.cc:913] [MTCC] zero_vel_uses_accel_and_gyro: 0
11-27 21:39:22.069  4920  5154 I native  : I0000 00:00:1764279562.069840    5154 motion_tracking_context_config_helpers.cc:913] [MTCC] zero_velocity_noise_sigma: 0.006
11-27 21:39:22.069  4920  5154 I native  : I0000 00:00:1764279562.069845    5154 motion_tracking_context_config_helpers.cc:913] [MTCC] pose_confidence_asset_path: pose_confidence_v0.tflite
11-27 21:39:22.069  4920  5154 I native  : I0000 00:00:1764279562.069852    5154 motion_tracking_context_config_helpers.cc:913] [MTCC] enable_alphatrack_debug_logging: 0
11-27 21:39:22.069  4920  5154 I native  : I0000 00:00:1764279562.069860    5154 motion_tracking_context_config_helpers.cc:913] [MTCC] debug_map_load_paths: 
11-27 21:39:22.069  4920  5154 I native  : I0000 00:00:1764279562.069869    5154 motion_tracking_context_config_helpers.cc:913] [MTCC] allow_persistent_map_without_annotations: 0
11-27 21:39:22.069  4920  5154 I native  : I0000 00:00:1764279562.069876    5154 motion_tracking_context_config_helpers.cc:913] [MTCC] output_maps_filepath: 
11-27 21:39:22.069  4920  5154 I native  : I0000 00:00:1764279562.069886    5154 motion_tracking_context_config_helpers.cc:913] [MTCC] export_summary_maps: 0
11-27 21:39:22.069  4920  5154 I native  : I0000 00:00:1764279562.069892    5154 motion_tracking_context_config_helpers.cc:913] [MTCC] sufficient_number_of_landmarks_for_vio_initialization: 200
11-27 21:39:22.069  4920  5154 I native  : I0000 00:00:1764279562.069897    5154 motion_tracking_context_config_helpers.cc:913] [MTCC] enable_qualify_translation_in_fault_detector: 1
11-27 21:39:22.069  4920  5154 I native  : I0000 00:00:1764279562.069902    5154 motion_tracking_context_config_helpers.cc:913] [MTCC] ignore_speed_measurement_in_filter: 0
11-27 21:39:22.069  4920  5154 I native  : I0000 00:00:1764279562.069907    5154 motion_tracking_context_config_helpers.cc:913] [MTCC] minimum_number_of_frames_for_tracking_initialization: 5
11-27 21:39:22.069  4920  5154 I native  : I0000 00:00:1764279562.069913    5154 motion_tracking_context_config_helpers.cc:913] [MTCC] maximum_iterations_for_tracking_ba_initialization: 18
11-27 21:39:22.069  4920  5154 I native  : I0000 00:00:1764279562.069918    5154 motion_tracking_context_config_helpers.cc:913] [MTCC] max_allowable_velocity_change_after_ba_initialization: 1.5
11-27 21:39:22.069  4920  5154 I native  : I0000 00:00:1764279562.069923    5154 motion_tracking_context_config_helpers.cc:913] [MTCC] max_initialization_velocity: 50
11-27 21:39:22.069  4920  5154 I native  : I0000 00:00:1764279562.069928    5154 motion_tracking_context_config_helpers.cc:913] [MTCC] restrict_pose_displacement_in_initialization: 0
11-27 21:39:22.069  4920  5154 I native  : I0000 00:00:1764279562.069933    5154 motion_tracking_context_config_helpers.cc:913] [MTCC] restrict_pose_drift_in_initialization: 0
11-27 21:39:22.069  4920  5154 I native  : I0000 00:00:1764279562.069938    5154 motion_tracking_context_config_helpers.cc:913] [MTCC] estimator_stationary_state_detector_mode: 1
11-27 21:39:22.069  4920  5154 I native  : I0000 00:00:1764279562.069943    5154 motion_tracking_context_config_helpers.cc:913] [MTCC] enable_region_of_interest: 1
11-27 21:39:22.069  4920  5154 I native  : I0000 00:00:1764279562.069948    5154 motion_tracking_context_config_helpers.cc:913] [MTCC] enable_high_precision_vio_bad_performance_detection: 1
11-27 21:39:22.069  4920  5154 I native  : I0000 00:00:1764279562.069955    5154 motion_tracking_context_config_helpers.cc:913] [MTCC] disable_thresholding_calibration_convergence_detection: 1
11-27 21:39:22.069  4920  5154 I native  : I0000 00:00:1764279562.069960    5154 motion_tracking_context_config_helpers.cc:913] [MTCC] share_state_between_sessions: 1
11-27 21:39:22.069  4920  5154 I native  : I0000 00:00:1764279562.069967    5154 motion_tracking_context_config_helpers.cc:913] [MTCC] share_state_between_sessions_after_stable: 0
11-27 21:39:22.069  4920  5154 I native  : I0000 00:00:1764279562.069972    5154 motion_tracking_context_config_helpers.cc:913] [MTCC] min_successful_tracking_frames_to_share_state: 10
11-27 21:39:22.069  4920  5154 I native  : I0000 00:00:1764279562.069977    5154 motion_tracking_context_config_helpers.cc:913] [MTCC] camera_to_camera_delta_theta_sigma: 0.00174533
11-27 21:39:22.069  4920  5154 I native  : I0000 00:00:1764279562.069982    5154 motion_tracking_context_config_helpers.cc:913] [MTCC] camera_to_camera_p_sigma: 0.005
11-27 21:39:22.069  4920  5154 I native  : I0000 00:00:1764279562.069989    5154 motion_tracking_context_config_helpers.cc:913] [MTCC] multi_cameras_timestamp_sync_tolerance: 1ms
11-27 21:39:22.069  4920  5154 I native  : I0000 00:00:1764279562.069997    5154 motion_tracking_context_config_helpers.cc:913] [MTCC] visual_measurements_timestamp_clamp_tolerance: 0
11-27 21:39:22.070  4920  5154 I native  : I0000 00:00:1764279562.070002    5154 motion_tracking_context_config_helpers.cc:913] [MTCC] duration_to_drop_camera_from_system: 300ms
11-27 21:39:22.070  4920  5154 I native  : I0000 00:00:1764279562.070011    5154 motion_tracking_context_config_helpers.cc:913] [MTCC] no_feature_wait_time_for_reset: 1.2s
11-27 21:39:22.070  4920  5154 I native  : I0000 00:00:1764279562.070020    5154 motion_tracking_context_config_helpers.cc:913] [MTCC] fault_detector_max_bad_vio_update_time: 1.5s
11-27 21:39:22.070  4920  5154 I native  : I0000 00:00:1764279562.070028    5154 motion_tracking_context_config_helpers.cc:913] [MTCC] max_consecutive_delta_adf_position_vio: 0.2
11-27 21:39:22.070  4920  5154 I native  : I0000 00:00:1764279562.070034    5154 motion_tracking_context_config_helpers.cc:913] [MTCC] max_consecutive_delta_adf_rotation_vio: 4
